11-16 08:06:01.754  1575  1575 D ActivityThread: BDC-Calling onReceive: intent=Intent { act=android.intent.action.BATTERY_CHANGED flg=0x60000010 (has extras) }, ordered=false, receiver=android.mtp.MtpDatabase$1@ecf3606, IIntentReceiver=8022663
11-16 08:06:01.756   853   853 V ViewRootImpl[StatusBar]: ViewRoot performTraversals+ : mFirst = false, this = ViewRoot{e1a27df StatusBar,ident = 1}
11-16 08:06:01.758   853   853 V ViewRootImpl[StatusBar]: ViewRoot performTraversals and draw- : this = ViewRoot{e1a27df StatusBar,ident = 1} frame#65 (cancelDraw = false)
11-16 08:06:01.760   211  1187 I BufferQueueProducer: [StatusBar](this:0x70c0d44800,id:10,api:1,p:853,c:211) queueBuffer: fps=2.49 dur=1607.94 max=1466.44 min=27.95
11-16 08:06:01.795   211   211 I DisplayDevice: [Built-in Screen (type:0)] fps:2.481955,dur:1611.63,max:1489.39,min:16.79
11-16 08:06:02.509   203   203 I wmt_launcher: fw log ctrl flag has been set
11-16 08:06:02.509   203   203 I wmt_launcher: fw dynamic ctrl flag has been set
11-16 08:06:02.534   336   336 I sn      : Retry 17
11-16 08:06:02.523   336   336 I sn      : type=1400 audit(0.0:240): avc: denied { read open } for path="/data/media/0" dev="dm-0" ino=541443 scontext=u:r:sn:s0 tcontext=u:object_r:media_rw_data_file:s0 tclass=dir permissive=1
11-16 08:06:02.535   336   336 I sn      : Fail to access err=2
11-16 08:06:02.536   336   336 I sn      : Fail to access err=2
11-16 08:06:02.536   336   336 I sn      : Fail to access err=2
11-16 08:06:02.537   336   336 I sn      : Check all possible paths
11-16 08:06:02.562   211   242 D SurfaceFlinger: [SF-WD] ERROR: open /dev/RT_Monitor failed.
11-16 08:06:02.562   211   242 D SurfaceFlinger: [SF-WD] ERROR: open /dev/RT_Monitor failed.
11-16 08:06:03.433   742   797 D WifiStateMachine:  ConnectedState !CMD_RSSI_POLL  rt=195437/195437 1 0 "75F" d0:15:a6:87:bd:12 rssi=-53 f=5180 sc=60 link=135 tx=0.0, 0.0, 0.0  rx=8.7 bcn=0 [on:0 tx:0 rx:0 period:3006] from screen [on:0 period:689023652] gl hn rssi=-48 ag=0 hr ticks 0,0,0 ls-=0 [56,56,56,56,61] brc=0 lrc=0 offload-stopped
11-16 08:06:03.450   742   797 D WifiStateMachine:  L2ConnectedState !CMD_RSSI_POLL  rt=195454/195454 1 0 "75F" d0:15:a6:87:bd:12 rssi=-53 f=5180 sc=60 link=135 tx=0.0, 0.0, 0.0  rx=8.7 bcn=0 [on:0 tx:0 rx:0 period:17] from screen [on:0 period:689023669] gl hn rssi=-48 ag=0 hr ticks 0,0,0 ls-=0 [56,56,56,56,61] brc=0 lrc=0 offload-stopped
11-16 08:06:03.450   742   797 D WifiStateMachine:  get link layer stats 0
11-16 08:06:03.452   742   797 D WifiHW  : enter -->wifi_send_command cmd=IFNAME=wlan0 SIGNAL_POLL
11-16 08:06:03.452  1038  1038 D wpa_supplicant: wlan0: Control interface command 'SIGNAL_POLL'
11-16 08:06:03.473   742   797 D WifiHW  : leave --> reply=RSSI=-52
11-16 08:06:03.473   742   797 D WifiHW  : LINKSPEED=135
11-16 08:06:03.473   742   797 D WifiHW  : NOISE=9999
11-16 08:06:03.473   742   797 D WifiHW  : FREQUENCY=5180
11-16 08:06:03.473   742   797 D WifiHW  : 
11-16 08:06:03.475   742   797 D WifiStateMachine: fetchRssiLinkSpeedAndFrequencyNative rssi=-52 linkspeed=135 freq=5180
11-16 08:06:03.475   742   797 D WifiStateMachine: mLastSignalLevel:4, newSignalLevel:4
11-16 08:06:03.475   742   797 D WifiConfigManager: updateConfiguration freq=5180 BSSID=d0:15:a6:87:bd:12 RSSI=-52 "75F"WPA_PSK
11-16 08:06:03.481   742   797 D WifiStateMachine: calculateWifiScore freq=5180 speed=135 score=60 highRSSI  -> txbadrate=0.00 txgoodrate=0.01 txretriesrate=0.00 rxrate=15.85 userTriggerdPenalty0
11-16 08:06:03.481   742   797 D WifiStateMachine:  good link -> stuck count =0
11-16 08:06:03.483   742   797 D WifiStateMachine:  badRSSI count0 lowRSSI count0 --> score 56
11-16 08:06:03.484   742   797 D WifiStateMachine:  isHighRSSI       ---> score=61
11-16 08:06:03.486   742   797 V ActivityManager: Broadcast sticky: Intent { act=android.net.wifi.RSSI_CHANGED flg=0x4000010 (has extras) } ordered=false userid=-1 callerApp=ProcessRecord{b0897a0 742:system/1000}
11-16 08:06:03.488   742   797 D AMEventHook: onEvent: AM_BeforeSendBroadcast
11-16 08:06:03.489   742   759 V BroadcastQueue: BDC-Processing parallel broadcast [background] BroadcastRecord{a37eef7 u-1 android.net.wifi.RSSI_CHANGED}, 1 receivers
11-16 08:06:03.491   742   759 D BroadcastQueue: BDC-Delivering broadcast: Intent { act=android.net.wifi.RSSI_CHANGED flg=0x4000010 (has extras) }, queue=background, ordered=false, filter=BroadcastFilter{2184993 u0 ReceiverList{d19e82 853 com.android.systemui/10017/u0 remote:39e85cd}}, broadcastRecord=BroadcastRecord{a37eef7 u-1 android.net.wifi.RSSI_CHANGED}, receiver=null, #0
11-16 08:06:03.493   742   759 D BroadcastQueue: Non-ordered [background] BroadcastRecord{a37eef7 u-1 android.net.wifi.RSSI_CHANGED}, 1 receivers, Total: 5, Waiting: 0, Processing: 5
11-16 08:06:03.495   853  1252 D ActivityThread: BDC-Calling onReceive: intent=Intent { act=android.net.wifi.RSSI_CHANGED flg=0x4000010 (has extras) }, ordered=false, receiver=com.android.systemui.statusbar.policy.NetworkControllerImpl@d18c0d8, IIntentReceiver=2a54a6d
11-16 08:06:03.498   853  1252 D NetworkController.WifiSignalController: Change in state from: connected=true,enabled=true,level=4,inetCondition=1,iconGroup=IconGroup(Wi-Fi Icons),activityIn=true,activityOut=false,rssi=-53,lastModified=11-16 08:05:58,ssid="75F"
11-16 08:06:03.498   853  1252 D NetworkController.WifiSignalController: 	to: connected=true,enabled=true,level=4,inetCondition=1,iconGroup=IconGroup(Wi-Fi Icons),activityIn=true,activityOut=false,rssi=-52,lastModified=11-16 08:05:58,ssid="75F"
11-16 08:06:03.563   211   242 D SurfaceFlinger: [SF-WD] ERROR: open /dev/RT_Monitor failed.
11-16 08:06:04.511   203   203 I wmt_launcher: fw log ctrl flag has been set
11-16 08:06:04.511   203   203 I wmt_launcher: fw dynamic ctrl flag has been set
11-16 08:06:04.563   211   242 D SurfaceFlinger: [SF-WD] ERROR: open /dev/RT_Monitor failed.
11-16 08:06:05.563   211   242 D SurfaceFlinger: [SF-WD] ERROR: open /dev/RT_Monitor failed.
11-16 08:06:06.505   742   797 D WifiStateMachine:  ConnectedState !CMD_RSSI_POLL  rt=198509/198509 1 0 "75F" d0:15:a6:87:bd:12 rssi=-52 f=5180 sc=60 link=135 tx=0.0, 0.0, 0.0  rx=15.8 bcn=0 [on:0 tx:0 rx:0 period:3006] from screen [on:0 period:689026724] gl hn rssi=-47 ag=0 hr ticks 0,0,0 ls-=0 [56,56,56,56,61] brc=0 lrc=0 offload-stopped
11-16 08:06:06.513   203   203 I wmt_launcher: fw log ctrl flag has been set
11-16 08:06:06.513   203   203 I wmt_launcher: fw dynamic ctrl flag has been set
11-16 08:06:06.524   742   797 D WifiStateMachine:  L2ConnectedState !CMD_RSSI_POLL  rt=198527/198527 1 0 "75F" d0:15:a6:87:bd:12 rssi=-52 f=5180 sc=60 link=135 tx=0.0, 0.0, 0.0  rx=15.8 bcn=0 [on:0 tx:0 rx:0 period:22] from screen [on:0 period:689026746] gl hn rssi=-47 ag=0 hr ticks 0,0,0 ls-=0 [56,56,56,56,61] brc=0 lrc=0 offload-stopped
11-16 08:06:06.525   742   797 D WifiStateMachine:  get link layer stats 0
11-16 08:06:06.526   742   797 D WifiHW  : enter -->wifi_send_command cmd=IFNAME=wlan0 SIGNAL_POLL
11-16 08:06:06.526  1038  1038 D wpa_supplicant: wlan0: Control interface command 'SIGNAL_POLL'
11-16 08:06:06.541   742   797 D WifiHW  : leave --> reply=RSSI=-52
11-16 08:06:06.541   742   797 D WifiHW  : LINKSPEED=135
11-16 08:06:06.541   742   797 D WifiHW  : NOISE=9999
11-16 08:06:06.541   742   797 D WifiHW  : FREQUENCY=5180
11-16 08:06:06.541   742   797 D WifiHW  : 
11-16 08:06:06.544   742   797 D WifiStateMachine: fetchRssiLinkSpeedAndFrequencyNative rssi=-52 linkspeed=135 freq=5180
11-16 08:06:06.545   742   797 D WifiStateMachine: mLastSignalLevel:4, newSignalLevel:4
11-16 08:06:06.547   742   797 D WifiConfigManager: updateConfiguration freq=5180 BSSID=d0:15:a6:87:bd:12 RSSI=-52 "75F"WPA_PSK
11-16 08:06:06.554   742   797 D WifiStateMachine: calculateWifiScore freq=5180 speed=135 score=60 highRSSI  -> txbadrate=0.00 txgoodrate=0.00 txretriesrate=0.00 rxrate=22.92 userTriggerdPenalty0
11-16 08:06:06.554   742   797 D WifiStateMachine:  good link -> stuck count =0
11-16 08:06:06.556   742   797 D WifiStateMachine:  badRSSI count0 lowRSSI count0 --> score 56
11-16 08:06:06.558   742   797 D WifiStateMachine:  isHighRSSI       ---> score=61
11-16 08:06:06.562   742   797 V ActivityManager: Broadcast sticky: Intent { act=android.net.wifi.RSSI_CHANGED flg=0x4000010 (has extras) } ordered=false userid=-1 callerApp=ProcessRecord{b0897a0 742:system/1000}
11-16 08:06:06.563   742   797 D AMEventHook: onEvent: AM_BeforeSendBroadcast
11-16 08:06:06.564   211   242 D SurfaceFlinger: [SF-WD] ERROR: open /dev/RT_Monitor failed.
11-16 08:06:06.567   742   759 V BroadcastQueue: BDC-Processing parallel broadcast [background] BroadcastRecord{eaa3164 u-1 android.net.wifi.RSSI_CHANGED}, 1 receivers
11-16 08:06:06.568   742   759 D BroadcastQueue: BDC-Delivering broadcast: Intent { act=android.net.wifi.RSSI_CHANGED flg=0x4000010 (has extras) }, queue=background, ordered=false, filter=BroadcastFilter{2184993 u0 ReceiverList{d19e82 853 com.android.systemui/10017/u0 remote:39e85cd}}, broadcastRecord=BroadcastRecord{eaa3164 u-1 android.net.wifi.RSSI_CHANGED}, receiver=null, #0
11-16 08:06:06.570   853  1252 D ActivityThread: BDC-Calling onReceive: intent=Intent { act=android.net.wifi.RSSI_CHANGED flg=0x4000010 (has extras) }, ordered=false, receiver=com.android.systemui.statusbar.policy.NetworkControllerImpl@d18c0d8, IIntentReceiver=2a54a6d
11-16 08:06:06.572   742   759 D BroadcastQueue: Non-ordered [background] BroadcastRecord{eaa3164 u-1 android.net.wifi.RSSI_CHANGED}, 1 receivers, Total: 6, Waiting: 1, Processing: 5
11-16 08:06:07.564   211   242 D SurfaceFlinger: [SF-WD] ERROR: open /dev/RT_Monitor failed.
11-16 08:06:08.515   203   203 I wmt_launcher: fw log ctrl flag has been set
11-16 08:06:08.516   203   203 I wmt_launcher: fw dynamic ctrl flag has been set
11-16 08:06:08.565   211   242 D SurfaceFlinger: [SF-WD] ERROR: open /dev/RT_Monitor failed.
11-16 08:06:09.565   211   242 D SurfaceFlinger: [SF-WD] ERROR: open /dev/RT_Monitor failed.
11-16 08:06:09.583   742   797 D WifiStateMachine:  ConnectedState !CMD_RSSI_POLL  rt=201586/201586 1 0 "75F" d0:15:a6:87:bd:12 rssi=-52 f=5180 sc=60 link=135 tx=0.0, 0.0, 0.0  rx=22.9 bcn=0 [on:0 tx:0 rx:0 period:2997] from screen [on:0 period:689029801] gl hn rssi=-47 ag=0 hr ticks 0,0,0 ls-=0 [56,56,56,56,61] brc=0 lrc=0 offload-stopped
11-16 08:06:09.600   742   797 D WifiStateMachine:  L2ConnectedState !CMD_RSSI_POLL  rt=201604/201604 1 0 "75F" d0:15:a6:87:bd:12 rssi=-52 f=5180 sc=60 link=135 tx=0.0, 0.0, 0.0  rx=22.9 bcn=0 [on:0 tx:0 rx:0 period:18] from screen [on:0 period:689029819] gl hn rssi=-47 ag=0 hr ticks 0,0,0 ls-=0 [56,56,56,56,61] brc=0 lrc=0 offload-stopped
11-16 08:06:09.600   742   797 D WifiStateMachine:  get link layer stats 0
11-16 08:06:09.601   742   797 D WifiHW  : enter -->wifi_send_command cmd=IFNAME=wlan0 SIGNAL_POLL
11-16 08:06:09.602  1038  1038 D wpa_supplicant: wlan0: Control interface command 'SIGNAL_POLL'
11-16 08:06:09.623   742   797 D WifiHW  : leave --> reply=RSSI=-52
11-16 08:06:09.623   742   797 D WifiHW  : LINKSPEED=135
11-16 08:06:09.623   742   797 D WifiHW  : NOISE=9999
11-16 08:06:09.623   742   797 D WifiHW  : FREQUENCY=5180
11-16 08:06:09.623   742   797 D WifiHW  : 
11-16 08:06:09.625   742   797 D WifiStateMachine: fetchRssiLinkSpeedAndFrequencyNative rssi=-52 linkspeed=135 freq=5180
11-16 08:06:09.625   742   797 D WifiStateMachine: mLastSignalLevel:4, newSignalLevel:4
11-16 08:06:09.625   742   797 D WifiConfigManager: updateConfiguration freq=5180 BSSID=d0:15:a6:87:bd:12 RSSI=-52 "75F"WPA_PSK
11-16 08:06:09.630   742   797 D WifiStateMachine: calculateWifiScore freq=5180 speed=135 score=60 highRSSI  -> txbadrate=0.00 txgoodrate=0.00 txretriesrate=0.00 rxrate=22.46 userTriggerdPenalty0
11-16 08:06:09.630   742   797 D WifiStateMachine:  good link -> stuck count =0
11-16 08:06:09.632   742   797 D WifiStateMachine:  badRSSI count0 lowRSSI count0 --> score 56
11-16 08:06:09.633   742   797 D WifiStateMachine:  isHighRSSI       ---> score=61
11-16 08:06:09.635   742   797 V ActivityManager: Broadcast sticky: Intent { act=android.net.wifi.RSSI_CHANGED flg=0x4000010 (has extras) } ordered=false userid=-1 callerApp=ProcessRecord{b0897a0 742:system/1000}
11-16 08:06:09.636   742   797 D AMEventHook: onEvent: AM_BeforeSendBroadcast
11-16 08:06:09.637   742   759 V BroadcastQueue: BDC-Processing parallel broadcast [background] BroadcastRecord{dbafcd u-1 android.net.wifi.RSSI_CHANGED}, 1 receivers
11-16 08:06:09.639   742   759 D BroadcastQueue: BDC-Delivering broadcast: Intent { act=android.net.wifi.RSSI_CHANGED flg=0x4000010 (has extras) }, queue=background, ordered=false, filter=BroadcastFilter{2184993 u0 ReceiverList{d19e82 853 com.android.systemui/10017/u0 remote:39e85cd}}, broadcastRecord=BroadcastRecord{dbafcd u-1 android.net.wifi.RSSI_CHANGED}, receiver=null, #0
11-16 08:06:09.640   742   759 D BroadcastQueue: Non-ordered [background] BroadcastRecord{dbafcd u-1 android.net.wifi.RSSI_CHANGED}, 1 receivers, Total: 3, Waiting: 0, Processing: 3
11-16 08:06:09.642   853  1252 D ActivityThread: BDC-Calling onReceive: intent=Intent { act=android.net.wifi.RSSI_CHANGED flg=0x4000010 (has extras) }, ordered=false, receiver=com.android.systemui.statusbar.policy.NetworkControllerImpl@d18c0d8, IIntentReceiver=2a54a6d
11-16 08:06:10.518   203   203 I wmt_launcher: fw log ctrl flag has been set
11-16 08:06:10.518   203   203 I wmt_launcher: fw dynamic ctrl flag has been set
11-16 08:06:10.565   211   242 D SurfaceFlinger: [SF-WD] ERROR: open /dev/RT_Monitor failed.
11-16 08:06:11.566   211   242 D SurfaceFlinger: [SF-WD] ERROR: open /dev/RT_Monitor failed.
11-16 08:06:12.519   203   203 I wmt_launcher: fw log ctrl flag has been set
11-16 08:06:12.519   203   203 I wmt_launcher: fw dynamic ctrl flag has been set
11-16 08:06:12.537   336   336 I sn      : Retry 18
11-16 08:06:12.537   336   336 I sn      : Fail to access err=2
11-16 08:06:12.537   336   336 I sn      : Fail to access err=2
11-16 08:06:12.537   336   336 I sn      : Fail to access err=2
11-16 08:06:12.537   336   336 I sn      : Check all possible paths
11-16 08:06:12.566   211   242 D SurfaceFlinger: [SF-WD] ERROR: open /dev/RT_Monitor failed.
11-16 08:06:12.645   742   797 D WifiStateMachine:  ConnectedState !CMD_RSSI_POLL  rt=204658/204658 1 0 "75F" d0:15:a6:87:bd:12 rssi=-52 f=5180 sc=60 link=135 tx=0.0, 0.0, 0.0  rx=22.5 bcn=0 [on:0 tx:0 rx:0 period:3000] from screen [on:0 period:689032867] gl hn rssi=-47 ag=0 hr ticks 0,0,0 ls-=0 [56,56,56,56,61] brc=0 lrc=0 offload-stopped
11-16 08:06:12.655   742   797 D WifiStateMachine:  L2ConnectedState !CMD_RSSI_POLL  rt=204666/204666 1 0 "75F" d0:15:a6:87:bd:12 rssi=-52 f=5180 sc=60 link=135 tx=0.0, 0.0, 0.0  rx=22.5 bcn=0 [on:0 tx:0 rx:0 period:10] from screen [on:0 period:689032877] gl hn rssi=-47 ag=0 hr ticks 0,0,0 ls-=0 [56,56,56,56,61] brc=0 lrc=0 offload-stopped
11-16 08:06:12.655   742   797 D WifiStateMachine:  get link layer stats 0
11-16 08:06:12.656   742   797 D WifiHW  : enter -->wifi_send_command cmd=IFNAME=wlan0 SIGNAL_POLL
11-16 08:06:12.656  1038  1038 D wpa_supplicant: wlan0: Control interface command 'SIGNAL_POLL'
11-16 08:06:12.671   742   797 D WifiHW  : leave --> reply=RSSI=-52
11-16 08:06:12.671   742   797 D WifiHW  : LINKSPEED=135
11-16 08:06:12.671   742   797 D WifiHW  : NOISE=9999
11-16 08:06:12.671   742   797 D WifiHW  : FREQUENCY=5180
11-16 08:06:12.671   742   797 D WifiHW  : 
11-16 08:06:12.672   742   797 D WifiStateMachine: fetchRssiLinkSpeedAndFrequencyNative rssi=-52 linkspeed=135 freq=5180
11-16 08:06:12.672   742   797 D WifiStateMachine: mLastSignalLevel:4, newSignalLevel:4
11-16 08:06:12.672   742   797 D WifiConfigManager: updateConfiguration freq=5180 BSSID=d0:15:a6:87:bd:12 RSSI=-52 "75F"WPA_PSK
11-16 08:06:12.679   742   797 D WifiStateMachine: calculateWifiScore freq=5180 speed=135 score=60 highRSSI  -> txbadrate=0.00 txgoodrate=0.00 txretriesrate=0.00 rxrate=18.73 userTriggerdPenalty0
11-16 08:06:12.682   742   797 D WifiStateMachine:  good link -> stuck count =0
11-16 08:06:12.684   742   797 D WifiStateMachine:  badRSSI count0 lowRSSI count0 --> score 56
11-16 08:06:12.684   742   797 D WifiStateMachine:  isHighRSSI       ---> score=61
11-16 08:06:12.691   742   797 V ActivityManager: Broadcast sticky: Intent { act=android.net.wifi.RSSI_CHANGED flg=0x4000010 (has extras) } ordered=false userid=-1 callerApp=ProcessRecord{b0897a0 742:system/1000}
11-16 08:06:12.692   742   797 D AMEventHook: onEvent: AM_BeforeSendBroadcast
11-16 08:06:12.693   742   759 V BroadcastQueue: BDC-Processing parallel broadcast [background] BroadcastRecord{2a88082 u-1 android.net.wifi.RSSI_CHANGED}, 1 receivers
11-16 08:06:12.694   742   759 D BroadcastQueue: BDC-Delivering broadcast: Intent { act=android.net.wifi.RSSI_CHANGED flg=0x4000010 (has extras) }, queue=background, ordered=false, filter=BroadcastFilter{2184993 u0 ReceiverList{d19e82 853 com.android.systemui/10017/u0 remote:39e85cd}}, broadcastRecord=BroadcastRecord{2a88082 u-1 android.net.wifi.RSSI_CHANGED}, receiver=null, #0
11-16 08:06:12.695   742   759 D BroadcastQueue: Non-ordered [background] BroadcastRecord{2a88082 u-1 android.net.wifi.RSSI_CHANGED}, 1 receivers, Total: 2, Waiting: 0, Processing: 2
11-16 08:06:12.697   853  1252 D ActivityThread: BDC-Calling onReceive: intent=Intent { act=android.net.wifi.RSSI_CHANGED flg=0x4000010 (has extras) }, ordered=false, receiver=com.android.systemui.statusbar.policy.NetworkControllerImpl@d18c0d8, IIntentReceiver=2a54a6d
11-16 08:06:13.567   211   242 D SurfaceFlinger: [SF-WD] ERROR: open /dev/RT_Monitor failed.
11-16 08:06:14.521   203   203 I wmt_launcher: fw log ctrl flag has been set
11-16 08:06:14.521   203   203 I wmt_launcher: fw dynamic ctrl flag has been set
11-16 08:06:14.567   211   242 D SurfaceFlinger: [SF-WD] ERROR: open /dev/RT_Monitor failed.
11-16 08:06:15.568   211   242 D SurfaceFlinger: [SF-WD] ERROR: open /dev/RT_Monitor failed.
11-16 08:06:15.712   742   797 D WifiStateMachine:  ConnectedState !CMD_RSSI_POLL  rt=207710/207710 1 0 "75F" d0:15:a6:87:bd:12 rssi=-52 f=5180 sc=60 link=135 tx=0.0, 0.0, 0.0  rx=18.7 bcn=0 [on:0 tx:0 rx:0 period:3003] from screen [on:0 period:689035930] gl hn rssi=-47 ag=0 hr ticks 0,0,0 ls-=0 [56,56,56,56,61] brc=0 lrc=0 offload-stopped
11-16 08:06:15.727   742   797 D WifiStateMachine:  L2ConnectedState !CMD_RSSI_POLL  rt=207733/207733 1 0 "75F" d0:15:a6:87:bd:12 rssi=-52 f=5180 sc=60 link=135 tx=0.0, 0.0, 0.0  rx=18.7 bcn=0 [on:0 tx:0 rx:0 period:19] from screen [on:0 period:689035949] gl hn rssi=-47 ag=0 hr ticks 0,0,0 ls-=0 [56,56,56,56,61] brc=0 lrc=0 offload-stopped
11-16 08:06:15.728   742   797 D WifiStateMachine:  get link layer stats 0
11-16 08:06:15.729   742   797 D WifiHW  : enter -->wifi_send_command cmd=IFNAME=wlan0 SIGNAL_POLL
11-16 08:06:15.730  1038  1038 D wpa_supplicant: wlan0: Control interface command 'SIGNAL_POLL'
11-16 08:06:15.735   742   797 D WifiHW  : leave --> reply=RSSI=-52
11-16 08:06:15.735   742   797 D WifiHW  : LINKSPEED=135
11-16 08:06:15.735   742   797 D WifiHW  : NOISE=9999
11-16 08:06:15.735   742   797 D WifiHW  : FREQUENCY=5180
11-16 08:06:15.735   742   797 D WifiHW  : 
11-16 08:06:15.736   742   797 D WifiStateMachine: fetchRssiLinkSpeedAndFrequencyNative rssi=-52 linkspeed=135 freq=5180
11-16 08:06:15.736   742   797 D WifiStateMachine: mLastSignalLevel:4, newSignalLevel:4
11-16 08:06:15.737   742   797 D WifiConfigManager: updateConfiguration freq=5180 BSSID=d0:15:a6:87:bd:12 RSSI=-52 "75F"WPA_PSK
11-16 08:06:15.748   742   797 D WifiStateMachine: calculateWifiScore freq=5180 speed=135 score=60 highRSSI  -> txbadrate=0.00 txgoodrate=0.50 txretriesrate=0.00 rxrate=14.87 userTriggerdPenalty0
11-16 08:06:15.751   742   797 D WifiStateMachine:  good link -> stuck count =0
11-16 08:06:15.755   742   797 D WifiStateMachine:  badRSSI count0 lowRSSI count0 --> score 56
11-16 08:06:15.757   742   797 D WifiStateMachine:  isHighRSSI       ---> score=61
11-16 08:06:15.761   742   797 V ActivityManager: Broadcast sticky: Intent { act=android.net.wifi.RSSI_CHANGED flg=0x4000010 (has extras) } ordered=false userid=-1 callerApp=ProcessRecord{b0897a0 742:system/1000}
11-16 08:06:15.763   742   797 D AMEventHook: onEvent: AM_BeforeSendBroadcast
11-16 08:06:15.765   742   759 V BroadcastQueue: BDC-Processing parallel broadcast [background] BroadcastRecord{f728393 u-1 android.net.wifi.RSSI_CHANGED}, 1 receivers
11-16 08:06:15.766   742   759 D BroadcastQueue: BDC-Delivering broadcast: Intent { act=android.net.wifi.RSSI_CHANGED flg=0x4000010 (has extras) }, queue=background, ordered=false, filter=BroadcastFilter{2184993 u0 ReceiverList{d19e82 853 com.android.systemui/10017/u0 remote:39e85cd}}, broadcastRecord=BroadcastRecord{f728393 u-1 android.net.wifi.RSSI_CHANGED}, receiver=null, #0
11-16 08:06:15.767   742   759 D BroadcastQueue: Non-ordered [background] BroadcastRecord{f728393 u-1 android.net.wifi.RSSI_CHANGED}, 1 receivers, Total: 4, Waiting: 1, Processing: 3
11-16 08:06:15.769   853  1252 D ActivityThread: BDC-Calling onReceive: intent=Intent { act=android.net.wifi.RSSI_CHANGED flg=0x4000010 (has extras) }, ordered=false, receiver=com.android.systemui.statusbar.policy.NetworkControllerImpl@d18c0d8, IIntentReceiver=2a54a6d
11-16 08:06:16.099   853   853 D NetworkController.WifiSignalController: Change in state from: connected=true,enabled=true,level=4,inetCondition=1,iconGroup=IconGroup(Wi-Fi Icons),activityIn=true,activityOut=false,rssi=-52,lastModified=11-16 08:06:03,ssid="75F"
11-16 08:06:16.099   853   853 D NetworkController.WifiSignalController: 	to: connected=true,enabled=true,level=4,inetCondition=1,iconGroup=IconGroup(Wi-Fi Icons),activityIn=true,activityOut=true,rssi=-52,lastModified=11-16 08:06:03,ssid="75F"
11-16 08:06:16.101   853   853 V DisplayEventReceiver: call nativeScheduleVsync mReceiverPtr = 547407001344
11-16 08:06:16.114   853   853 V ViewRootImpl[StatusBar]: ViewRoot performTraversals+ : mFirst = false, this = ViewRoot{e1a27df StatusBar,ident = 1}
11-16 08:06:16.122   211  1369 I BufferQueueProducer: [StatusBar](this:0x70c0d44800,id:10,api:1,p:853,c:211) queueBuffer: fps=0.07 dur=14362.16 max=14362.16 min=14362.16
11-16 08:06:16.126   853   853 V ViewRootImpl[StatusBar]: ViewRoot performTraversals and draw- : this = ViewRoot{e1a27df StatusBar,ident = 1} frame#66 (cancelDraw = false)
11-16 08:06:16.156   211   211 I DisplayDevice: [Built-in Screen (type:0)] fps:0.069634,dur:14360.86,max:14360.86,min:14360.86
11-16 08:06:16.523   203   203 I wmt_launcher: fw log ctrl flag has been set
11-16 08:06:16.523   203   203 I wmt_launcher: fw dynamic ctrl flag has been set
11-16 08:06:16.568   211   242 D SurfaceFlinger: [SF-WD] ERROR: open /dev/RT_Monitor failed.
11-16 08:06:16.568   211   242 D SurfaceFlinger: [SF-WD] ERROR: open /dev/RT_Monitor failed.
11-16 08:06:17.102   853   853 D NetworkController.WifiSignalController: Change in state from: connected=true,enabled=true,level=4,inetCondition=1,iconGroup=IconGroup(Wi-Fi Icons),activityIn=true,activityOut=true,rssi=-52,lastModified=11-16 08:06:16,ssid="75F"
11-16 08:06:17.102   853   853 D NetworkController.WifiSignalController: 	to: connected=true,enabled=true,level=4,inetCondition=1,iconGroup=IconGroup(Wi-Fi Icons),activityIn=true,activityOut=false,rssi=-52,lastModified=11-16 08:06:16,ssid="75F"
11-16 08:06:17.103   853   853 V DisplayEventReceiver: call nativeScheduleVsync mReceiverPtr = 547407001344
11-16 08:06:17.111   853   853 V ViewRootImpl[StatusBar]: ViewRoot performTraversals+ : mFirst = false, this = ViewRoot{e1a27df StatusBar,ident = 1}
11-16 08:06:17.113   853   853 V ViewRootImpl[StatusBar]: ViewRoot performTraversals and draw- : this = ViewRoot{e1a27df StatusBar,ident = 1} frame#67 (cancelDraw = false)
11-16 08:06:17.568   211   242 D SurfaceFlinger: [SF-WD] ERROR: open /dev/RT_Monitor failed.
11-16 08:06:17.569   211   242 D SurfaceFlinger: [SF-WD] ERROR: open /dev/RT_Monitor failed.
11-16 08:06:18.525   203   203 I wmt_launcher: fw log ctrl flag has been set
11-16 08:06:18.526   203   203 I wmt_launcher: fw dynamic ctrl flag has been set
11-16 08:06:18.570   211   242 D SurfaceFlinger: [SF-WD] ERROR: open /dev/RT_Monitor failed.
11-16 08:06:18.780   742   797 D WifiStateMachine:  ConnectedState !CMD_RSSI_POLL  rt=210784/210784 1 0 "75F" d0:15:a6:87:bd:12 rssi=-52 f=5180 sc=60 link=135 tx=0.5, 0.0, 0.0  rx=14.9 bcn=0 [on:0 tx:0 rx:0 period:2997] from screen [on:0 period:689038999] gl hn rssi=-47 ag=0 hr ticks 0,0,0 ls-=0 [56,56,56,56,61] brc=0 lrc=0 offload-stopped
11-16 08:06:18.801   742   797 D WifiStateMachine:  L2ConnectedState !CMD_RSSI_POLL  rt=210801/210801 1 0 "75F" d0:15:a6:87:bd:12 rssi=-52 f=5180 sc=60 link=135 tx=0.5, 0.0, 0.0  rx=14.9 bcn=0 [on:0 tx:0 rx:0 period:20] from screen [on:0 period:689039019] gl hn rssi=-47 ag=0 hr ticks 0,0,0 ls-=0 [56,56,56,56,61] brc=0 lrc=0 offload-stopped
11-16 08:06:18.801   742   797 D WifiStateMachine:  get link layer stats 0
11-16 08:06:18.802   742   797 D WifiHW  : enter -->wifi_send_command cmd=IFNAME=wlan0 SIGNAL_POLL
11-16 08:06:18.803  1038  1038 D wpa_supplicant: wlan0: Control interface command 'SIGNAL_POLL'
11-16 08:06:18.806   742   797 D WifiHW  : leave --> reply=RSSI=-52
11-16 08:06:18.806   742   797 D WifiHW  : LINKSPEED=135
11-16 08:06:18.806   742   797 D WifiHW  : NOISE=9999
11-16 08:06:18.806   742   797 D WifiHW  : FREQUENCY=5180
11-16 08:06:18.806   742   797 D WifiHW  : 
11-16 08:06:18.807   742   797 D WifiStateMachine: fetchRssiLinkSpeedAndFrequencyNative rssi=-52 linkspeed=135 freq=5180
11-16 08:06:18.807   742   797 D WifiStateMachine: mLastSignalLevel:4, newSignalLevel:4
11-16 08:06:18.808   742   797 D WifiConfigManager: updateConfiguration freq=5180 BSSID=d0:15:a6:87:bd:12 RSSI=-52 "75F"WPA_PSK
11-16 08:06:18.815   742   797 D WifiStateMachine: calculateWifiScore freq=5180 speed=135 score=60 highRSSI  -> txbadrate=0.00 txgoodrate=0.25 txretriesrate=0.00 rxrate=14.93 userTriggerdPenalty0
11-16 08:06:18.815   742   797 D WifiStateMachine:  good link -> stuck count =0
11-16 08:06:18.820   742   797 D WifiStateMachine:  badRSSI count0 lowRSSI count0 --> score 56
11-16 08:06:18.820   742   797 D WifiStateMachine:  isHighRSSI       ---> score=61
11-16 08:06:18.824   742   797 V ActivityManager: Broadcast sticky: Intent { act=android.net.wifi.RSSI_CHANGED flg=0x4000010 (has extras) } ordered=false userid=-1 callerApp=ProcessRecord{b0897a0 742:system/1000}
11-16 08:06:18.826   742   797 D AMEventHook: onEvent: AM_BeforeSendBroadcast
11-16 08:06:18.828   742   759 V BroadcastQueue: BDC-Processing parallel broadcast [background] BroadcastRecord{e8affd0 u-1 android.net.wifi.RSSI_CHANGED}, 1 receivers
11-16 08:06:18.831   742   759 D BroadcastQueue: BDC-Delivering broadcast: Intent { act=android.net.wifi.RSSI_CHANGED flg=0x4000010 (has extras) }, queue=background, ordered=false, filter=BroadcastFilter{2184993 u0 ReceiverList{d19e82 853 com.android.systemui/10017/u0 remote:39e85cd}}, broadcastRecord=BroadcastRecord{e8affd0 u-1 android.net.wifi.RSSI_CHANGED}, receiver=null, #0
11-16 08:06:18.832   742   759 D BroadcastQueue: Non-ordered [background] BroadcastRecord{e8affd0 u-1 android.net.wifi.RSSI_CHANGED}, 1 receivers, Total: 6, Waiting: 2, Processing: 4
11-16 08:06:18.833   853  1252 D ActivityThread: BDC-Calling onReceive: intent=Intent { act=android.net.wifi.RSSI_CHANGED flg=0x4000010 (has extras) }, ordered=false, receiver=com.android.systemui.statusbar.policy.NetworkControllerImpl@d18c0d8, IIntentReceiver=2a54a6d
11-16 08:06:19.570   211   242 D SurfaceFlinger: [SF-WD] ERROR: open /dev/RT_Monitor failed.
11-16 08:06:20.528   203   203 I wmt_launcher: fw log ctrl flag has been set
11-16 08:06:20.528   203   203 I wmt_launcher: fw dynamic ctrl flag has been set
11-16 08:06:20.570   211   242 D SurfaceFlinger: [SF-WD] ERROR: open /dev/RT_Monitor failed.
11-16 08:06:21.288   742   742 D SettingsInterface:  from settings cache , name = sys_free_storage_log_interval , value = null
11-16 08:06:21.289   742   742 D SettingsInterface:  from settings cache , name = disk_free_change_reporting_threshold , value = null
11-16 08:06:21.571   211   242 D SurfaceFlinger: [SF-WD] ERROR: open /dev/RT_Monitor failed.
11-16 08:06:21.843   742   797 D WifiStateMachine:  ConnectedState !CMD_RSSI_POLL  rt=213846/213846 1 0 "75F" d0:15:a6:87:bd:12 rssi=-52 f=5180 sc=60 link=135 tx=0.3, 0.0, 0.0  rx=14.9 bcn=0 [on:0 tx:0 rx:0 period:2995] from screen [on:0 period:689042061] gl hn rssi=-47 ag=0 hr ticks 0,0,0 ls-=0 [56,56,56,56,61] brc=0 lrc=0 offload-stopped
11-16 08:06:21.860   742   797 D WifiStateMachine:  L2ConnectedState !CMD_RSSI_POLL  rt=213864/213864 1 0 "75F" d0:15:a6:87:bd:12 rssi=-52 f=5180 sc=60 link=135 tx=0.3, 0.0, 0.0  rx=14.9 bcn=0 [on:0 tx:0 rx:0 period:18] from screen [on:0 period:689042079] gl hn rssi=-47 ag=0 hr ticks 0,0,0 ls-=0 [56,56,56,56,61] brc=0 lrc=0 offload-stopped
11-16 08:06:21.861   742   797 D WifiStateMachine:  get link layer stats 0
11-16 08:06:21.862   742   797 D WifiHW  : enter -->wifi_send_command cmd=IFNAME=wlan0 SIGNAL_POLL
11-16 08:06:21.862  1038  1038 D wpa_supplicant: wlan0: Control interface command 'SIGNAL_POLL'
11-16 08:06:21.867   742   797 D WifiHW  : leave --> reply=RSSI=-52
11-16 08:06:21.867   742   797 D WifiHW  : LINKSPEED=135
11-16 08:06:21.867   742   797 D WifiHW  : NOISE=9999
11-16 08:06:21.867   742   797 D WifiHW  : FREQUENCY=5180
11-16 08:06:21.867   742   797 D WifiHW  : 
11-16 08:06:21.868   742   797 D WifiStateMachine: fetchRssiLinkSpeedAndFrequencyNative rssi=-52 linkspeed=135 freq=5180
11-16 08:06:21.868   742   797 D WifiStateMachine: mLastSignalLevel:4, newSignalLevel:4
11-16 08:06:21.869   742   797 D WifiConfigManager: updateConfiguration freq=5180 BSSID=d0:15:a6:87:bd:12 RSSI=-52 "75F"WPA_PSK
11-16 08:06:21.874   742   797 D WifiStateMachine: calculateWifiScore freq=5180 speed=135 score=60 highRSSI  -> txbadrate=0.00 txgoodrate=0.13 txretriesrate=0.00 rxrate=107.97 userTriggerdPenalty0
11-16 08:06:21.874   742   797 D WifiStateMachine:  good link -> stuck count =0
11-16 08:06:21.876   742   797 D WifiStateMachine:  badRSSI count0 lowRSSI count0 --> score 56
11-16 08:06:21.876   742   797 D WifiStateMachine:  isHighRSSI       ---> score=61
11-16 08:06:21.879   742   797 V ActivityManager: Broadcast sticky: Intent { act=android.net.wifi.RSSI_CHANGED flg=0x4000010 (has extras) } ordered=false userid=-1 callerApp=ProcessRecord{b0897a0 742:system/1000}
11-16 08:06:21.881   742   797 D AMEventHook: onEvent: AM_BeforeSendBroadcast
11-16 08:06:21.882   742   759 V BroadcastQueue: BDC-Processing parallel broadcast [background] BroadcastRecord{bb7c5ef u-1 android.net.wifi.RSSI_CHANGED}, 1 receivers
11-16 08:06:21.883   742   759 D BroadcastQueue: BDC-Delivering broadcast: Intent { act=android.net.wifi.RSSI_CHANGED flg=0x4000010 (has extras) }, queue=background, ordered=false, filter=BroadcastFilter{2184993 u0 ReceiverList{d19e82 853 com.android.systemui/10017/u0 remote:39e85cd}}, broadcastRecord=BroadcastRecord{bb7c5ef u-1 android.net.wifi.RSSI_CHANGED}, receiver=null, #0
11-16 08:06:21.884   742   759 D BroadcastQueue: Non-ordered [background] BroadcastRecord{bb7c5ef u-1 android.net.wifi.RSSI_CHANGED}, 1 receivers, Total: 3, Waiting: 0, Processing: 3
11-16 08:06:21.886   853  1252 D ActivityThread: BDC-Calling onReceive: intent=Intent { act=android.net.wifi.RSSI_CHANGED flg=0x4000010 (has extras) }, ordered=false, receiver=com.android.systemui.statusbar.policy.NetworkControllerImpl@d18c0d8, IIntentReceiver=2a54a6d
11-16 08:06:22.165   742  1475 D BatteryService: mBatteryVoltage=3654, batteryLevel=50
11-16 08:06:22.168   742   742 V ActivityManager: Broadcast sticky: Intent { act=android.intent.action.BATTERY_CHANGED flg=0x60000010 (has extras) } ordered=false userid=-1 callerApp=null
11-16 08:06:22.172   742   742 D AMEventHook: onEvent: AM_BeforeSendBroadcast
11-16 08:06:22.175   742   759 V BroadcastQueue: BDC-Processing parallel broadcast [background] BroadcastRecord{e8c0b85 u-1 android.intent.action.BATTERY_CHANGED}, 12 receivers
11-16 08:06:22.176   742   759 D BroadcastQueue: BDC-Delivering broadcast: Intent { act=android.intent.action.BATTERY_CHANGED flg=0x60000010 (has extras) }, queue=background, ordered=false, filter=BroadcastFilter{957da49 u0 ReceiverList{e42c850 742 system/1000/u0 local:c821e13}}, broadcastRecord=BroadcastRecord{e8c0b85 u-1 android.intent.action.BATTERY_CHANGED}, receiver=null, #0
11-16 08:06:22.177   742   769 D ActivityThread: BDC-Calling onReceive: intent=Intent { act=android.intent.action.BATTERY_CHANGED flg=0x60000010 (has extras) }, ordered=false, receiver=com.android.server.power.PowerManagerService$BatteryReceiver@323f502, IIntentReceiver=c821e13
11-16 08:06:22.178   742   759 D BroadcastQueue: BDC-Delivering broadcast: Intent { act=android.intent.action.BATTERY_CHANGED flg=0x60000010 (has extras) }, queue=background, ordered=false, filter=BroadcastFilter{74876af u0 ReceiverList{7781e8e 742 system/1000/u0 local:b860e89}}, broadcastRecord=BroadcastRecord{e8c0b85 u-1 android.intent.action.BATTERY_CHANGED}, receiver=null, #1
11-16 08:06:22.185   742   759 D BroadcastQueue: BDC-Delivering broadcast: Intent { act=android.intent.action.BATTERY_CHANGED flg=0x60000010 (has extras) }, queue=background, ordered=false, filter=BroadcastFilter{8bc745c u0 ReceiverList{c1e02cf 742 system/1000/u0 local:a79c72e}}, broadcastRecord=BroadcastRecord{e8c0b85 u-1 android.intent.action.BATTERY_CHANGED}, receiver=null, #2
11-16 08:06:22.186   742   759 D BroadcastQueue: BDC-Delivering broadcast: Intent { act=android.intent.action.BATTERY_CHANGED flg=0x60000010 (has extras) }, queue=background, ordered=false, filter=BroadcastFilter{ceb3dbf u0 ReceiverList{7fc57de 742 system/1000/u0 local:b1d1b19}}, broadcastRecord=BroadcastRecord{e8c0b85 u-1 android.intent.action.BATTERY_CHANGED}, receiver=null, #3
11-16 08:06:22.188   742   759 D BroadcastQueue: BDC-Delivering broadcast: Intent { act=android.intent.action.BATTERY_CHANGED flg=0x60000010 (has extras) }, queue=background, ordered=false, filter=BroadcastFilter{34b11fd u0 ReceiverList{86dfe54 853 com.android.systemui/10017/u0 remote:b0819a7}}, broadcastRecord=BroadcastRecord{e8c0b85 u-1 android.intent.action.BATTERY_CHANGED}, receiver=null, #4
11-16 08:06:22.190   742   742 D ActivityThread: BDC-Calling onReceive: intent=Intent { act=android.intent.action.BATTERY_CHANGED flg=0x60000010 (has extras) }, ordered=false, receiver=com.android.server.UiModeManagerService$3@6b42590, IIntentReceiver=b860e89
11-16 08:06:22.193   742   742 D ActivityThread: BDC-Calling onReceive: intent=Intent { act=android.intent.action.BATTERY_CHANGED flg=0x60000010 (has extras) }, ordered=false, receiver=com.android.server.DeviceIdleController$1@c9875a9, IIntentReceiver=a79c72e
11-16 08:06:22.195   742   742 D ActivityThread: BDC-Calling onReceive: intent=Intent { act=android.intent.action.BATTERY_CHANGED flg=0x60000010 (has extras) }, ordered=false, receiver=com.android.server.wifi.WifiServiceImpl$1@9e44a60, IIntentReceiver=b1d1b19
11-16 08:06:22.195   742   742 D WifiService: onReceive, action:android.intent.action.BATTERY_CHANGED
11-16 08:06:22.198   853   853 D ActivityThread: BDC-Calling onReceive: intent=Intent { act=android.intent.action.BATTERY_CHANGED flg=0x60000010 (has extras) }, ordered=false, receiver=com.android.keyguard.KeyguardUpdateMonitor$3@2b7b52b, IIntentReceiver=6d909b0
11-16 08:06:22.198   853   853 D KeyguardUpdateMonitor: received broadcast android.intent.action.BATTERY_CHANGED
11-16 08:06:22.198   853   853 D KeyguardUpdateMonitor: handleBatteryUpdate
11-16 08:06:22.203   742   759 D BroadcastQueue: BDC-Delivering broadcast: Intent { act=android.intent.action.BATTERY_CHANGED flg=0x60000010 (has extras) }, queue=background, ordered=false, filter=BroadcastFilter{a4afb32 u0 ReceiverList{3c5a73d 742 system/1000/u0 local:b0ca094}}, broadcastRecord=BroadcastRecord{e8c0b85 u-1 android.intent.action.BATTERY_CHANGED}, receiver=null, #5
11-16 08:06:22.205   742   759 D BroadcastQueue: BDC-Delivering broadcast: Intent { act=android.intent.action.BATTERY_CHANGED flg=0x60000010 (has extras) }, queue=background, ordered=false, filter=BroadcastFilter{21002d4 u0 ReceiverList{2956027 853 com.android.systemui/10017/u0 remote:ed962e6}}, broadcastRecord=BroadcastRecord{e8c0b85 u-1 android.intent.action.BATTERY_CHANGED}, receiver=null, #6
11-16 08:06:22.208   742   796 D WifiController: DeviceActiveState{ when=-12ms what=155652 arg1=2 target=com.android.internal.util.StateMachine$SmHandler }
11-16 08:06:22.208   742   796 D WifiController: StaEnabledState{ when=-13ms what=155652 arg1=2 target=com.android.internal.util.StateMachine$SmHandler }
11-16 08:06:22.208   742   796 D WifiController: DefaultState{ when=-13ms what=155652 arg1=2 target=com.android.internal.util.StateMachine$SmHandler }
11-16 08:06:22.208   742   796 D WifiController: battery changed pluggedType: 2
11-16 08:06:22.212   742   742 D ActivityThread: BDC-Calling onReceive: intent=Intent { act=android.intent.action.BATTERY_CHANGED flg=0x60000010 (has extras) }, ordered=false, receiver=com.mediatek.lbsutils.LbsUtils$1@1cbdaa6, IIntentReceiver=b0ca094
11-16 08:06:22.215   853   853 D ActivityThread: BDC-Calling onReceive: intent=Intent { act=android.intent.action.BATTERY_CHANGED flg=0x60000010 (has extras) }, ordered=false, receiver=com.android.systemui.power.PowerUI$Receiver@8d23bd6, IIntentReceiver=ef44125
11-16 08:06:22.222   742   759 D BroadcastQueue: BDC-Delivering broadcast: Intent { act=android.intent.action.BATTERY_CHANGED flg=0x60000010 (has extras) }, queue=background, ordered=false, filter=BroadcastFilter{d727f17 u0 ReceiverList{eece796 1153 com.android.phone/1001/u0 remote:7ebb6b1}}, broadcastRecord=BroadcastRecord{e8c0b85 u-1 android.intent.action.BATTERY_CHANGED}, receiver=null, #7
11-16 08:06:22.226  1153  1153 D ActivityThread: BDC-Calling onReceive: intent=Intent { act=android.intent.action.BATTERY_CHANGED flg=0x60000010 (has extras) }, ordered=false, receiver=com.mediatek.internal.telephony.dataconnection.FdManager$1@6a372a7, IIntentReceiver=bb2667b
11-16 08:06:22.232   742   759 D BroadcastQueue: BDC-Delivering broadcast: Intent { act=android.intent.action.BATTERY_CHANGED flg=0x60000010 (has extras) }, queue=background, ordered=false, filter=BroadcastFilter{de1536e u0 ReceiverList{c718ae9 853 com.android.systemui/10017/u0 remote:285770}}, broadcastRecord=BroadcastRecord{e8c0b85 u-1 android.intent.action.BATTERY_CHANGED}, receiver=null, #8
11-16 08:06:22.236   853   853 D ActivityThread: BDC-Calling onReceive: intent=Intent { act=android.intent.action.BATTERY_CHANGED flg=0x60000010 (has extras) }, ordered=false, receiver=com.android.systemui.statusbar.policy.BatteryControllerImpl@98ac84a, IIntentReceiver=72050a
11-16 08:06:22.236   853   853 D BatteryMeterDrawable: onBatteryLevelChanged level:2,plugedIn:true,charging:true
11-16 08:06:22.236   853   853 D BatteryMeterDrawable: onBatteryLevelChanged level:2,plugedIn:true,charging:true
11-16 08:06:22.237   853   853 V DisplayEventReceiver: call nativeScheduleVsync mReceiverPtr = 547407001344
11-16 08:06:22.242   742   759 D BroadcastQueue: BDC-Delivering broadcast: Intent { act=android.intent.action.BATTERY_CHANGED flg=0x60000010 (has extras) }, queue=background, ordered=false, filter=BroadcastFilter{d042018 u0 ReceiverList{9e657fb 1304 com.android.bluetooth/1002/u0 remote:57ec58a}}, broadcastRecord=BroadcastRecord{e8c0b85 u-1 android.intent.action.BATTERY_CHANGED}, receiver=null, #9
11-16 08:06:22.246  1304  1304 D ActivityThread: BDC-Calling onReceive: intent=Intent { act=android.intent.action.BATTERY_CHANGED flg=0x60000010 (has extras) }, ordered=false, receiver=com.android.bluetooth.hfp.HeadsetService$1@785552a, IIntentReceiver=cee5171
11-16 08:06:22.246  1304  1420 D HeadsetStateMachine: Disconnected process message: 10, size: 0
11-16 08:06:22.252   742   759 D BroadcastQueue: BDC-Delivering broadcast: Intent { act=android.intent.action.BATTERY_CHANGED flg=0x60000010 (has extras) }, queue=background, ordered=false, filter=BroadcastFilter{8858b03 u0 ReceiverList{eee3fb2 1424 com.mediatek.dongle/1001/u0 remote:8912dbd}}, broadcastRecord=BroadcastRecord{e8c0b85 u-1 android.intent.action.BATTERY_CHANGED}, receiver=null, #10
11-16 08:06:22.253   853   853 V ViewRootImpl[StatusBar]: ViewRoot performTraversals+ : mFirst = false, this = ViewRoot{e1a27df StatusBar,ident = 1}
11-16 08:06:22.259   211   284 I BufferQueueProducer: [StatusBar](this:0x70c0d44800,id:10,api:1,p:853,c:211) queueBuffer: fps=0.33 dur=6136.20 max=5143.02 min=993.19
11-16 08:06:22.262   853   853 V ViewRootImpl[StatusBar]: ViewRoot performTraversals and draw- : this = ViewRoot{e1a27df StatusBar,ident = 1} frame#68 (cancelDraw = false)
11-16 08:06:22.266  1424  1424 D ActivityThread: BDC-Calling onReceive: intent=Intent { act=android.intent.action.BATTERY_CHANGED flg=0x60000010 (has extras) }, ordered=false, receiver=com.android.internal.tedongle.RIL$2@1205c17, IIntentReceiver=34593ad
11-16 08:06:22.269   742   759 D AppOps  : noteOperation: allowing code 63 uid 10007 package com.android.providers.media
11-16 08:06:22.272   742   759 D BroadcastQueue: BDC-Delivering broadcast: Intent { act=android.intent.action.BATTERY_CHANGED flg=0x60000010 (has extras) }, queue=background, ordered=false, filter=BroadcastFilter{15b7105 u0 ReceiverList{8e7d47c 1575 android.process.media/10007/u0 remote:5984f6f}}, broadcastRecord=BroadcastRecord{e8c0b85 u-1 android.intent.action.BATTERY_CHANGED}, receiver=null, #11
11-16 08:06:22.282   742   759 D BroadcastQueue: Non-ordered [background] BroadcastRecord{e8c0b85 u-1 android.intent.action.BATTERY_CHANGED}, 12 receivers, Total: 109, Waiting: 2, Processing: 107
11-16 08:06:22.288  1575  1575 D ActivityThread: BDC-Calling onReceive: intent=Intent { act=android.intent.action.BATTERY_CHANGED flg=0x60000010 (has extras) }, ordered=false, receiver=android.mtp.MtpDatabase$1@ecf3606, IIntentReceiver=8022663
11-16 08:06:22.295   211   211 I DisplayDevice: [Built-in Screen (type:0)] fps:0.325779,dur:6139.13,max:5164.48,min:974.65
11-16 08:06:22.312  1153  1158 I art     : Do partial code cache collection, code=114KB, data=106KB
11-16 08:06:22.312  1153  1158 I art     : After code cache collection, code=114KB, data=106KB
11-16 08:06:22.312  1153  1158 I art     : Increasing code cache capacity to 512KB
11-16 08:06:22.529   203   203 I wmt_launcher: fw log ctrl flag has been set
11-16 08:06:22.529   203   203 I wmt_launcher: fw dynamic ctrl flag has been set
11-16 08:06:22.538   336   336 I sn      : Retry 19
11-16 08:06:22.538   336   336 I sn      : Fail to access err=2
11-16 08:06:22.538   336   336 I sn      : Fail to access err=2
11-16 08:06:22.538   336   336 I sn      : Fail to access err=2
11-16 08:06:22.538   336   336 I sn      : Check all possible paths
11-16 08:06:22.571   211   242 D SurfaceFlinger: [SF-WD] ERROR: open /dev/RT_Monitor failed.
11-16 08:06:22.571   211   242 D SurfaceFlinger: [SF-WD] ERROR: open /dev/RT_Monitor failed.
11-16 08:06:23.572   211   242 D SurfaceFlinger: [SF-WD] ERROR: open /dev/RT_Monitor failed.
11-16 08:06:24.531   203   203 I wmt_launcher: fw log ctrl flag has been set
11-16 08:06:24.531   203   203 I wmt_launcher: fw dynamic ctrl flag has been set
11-16 08:06:24.572   211   242 D SurfaceFlinger: [SF-WD] ERROR: open /dev/RT_Monitor failed.
11-16 08:06:24.887   742   797 D WifiStateMachine:  ConnectedState !CMD_RSSI_POLL  rt=216900/216900 1 0 "75F" d0:15:a6:87:bd:12 rssi=-52 f=5180 sc=60 link=135 tx=0.1, 0.0, 0.0  rx=108.0 bcn=0 [on:0 tx:0 rx:0 period:2998] from screen [on:0 period:689045109] gl hn rssi=-47 ag=0 hr ticks 0,0,0 ls-=0 [56,56,56,56,61] brc=0 lrc=0 offload-stopped
11-16 08:06:24.897   742   797 D WifiStateMachine:  L2ConnectedState !CMD_RSSI_POLL  rt=216908/216908 1 0 "75F" d0:15:a6:87:bd:12 rssi=-52 f=5180 sc=60 link=135 tx=0.1, 0.0, 0.0  rx=108.0 bcn=0 [on:0 tx:0 rx:0 period:10] from screen [on:0 period:689045119] gl hn rssi=-47 ag=0 hr ticks 0,0,0 ls-=0 [56,56,56,56,61] brc=0 lrc=0 offload-stopped
11-16 08:06:24.897   742   797 D WifiStateMachine:  get link layer stats 0
11-16 08:06:24.899   742   797 D WifiHW  : enter -->wifi_send_command cmd=IFNAME=wlan0 SIGNAL_POLL
11-16 08:06:24.900  1038  1038 D wpa_supplicant: wlan0: Control interface command 'SIGNAL_POLL'
11-16 08:06:24.921   742   797 D WifiHW  : leave --> reply=RSSI=-52
11-16 08:06:24.921   742   797 D WifiHW  : LINKSPEED=135
11-16 08:06:24.921   742   797 D WifiHW  : NOISE=9999
11-16 08:06:24.921   742   797 D WifiHW  : FREQUENCY=5180
11-16 08:06:24.921   742   797 D WifiHW  : 
11-16 08:06:24.922   742   797 D WifiStateMachine: fetchRssiLinkSpeedAndFrequencyNative rssi=-52 linkspeed=135 freq=5180
11-16 08:06:24.922   742   797 D WifiStateMachine: mLastSignalLevel:4, newSignalLevel:4
11-16 08:06:24.923   742   797 D WifiConfigManager: updateConfiguration freq=5180 BSSID=d0:15:a6:87:bd:12 RSSI=-52 "75F"WPA_PSK
11-16 08:06:24.929   742   797 D WifiStateMachine: calculateWifiScore freq=5180 speed=135 score=60 highRSSI  -> txbadrate=0.00 txgoodrate=0.06 txretriesrate=0.00 rxrate=90.98 userTriggerdPenalty0
11-16 08:06:24.930   742   797 D WifiStateMachine:  good link -> stuck count =0
11-16 08:06:24.932   742   797 D WifiStateMachine:  badRSSI count0 lowRSSI count0 --> score 56
11-16 08:06:24.932   742   797 D WifiStateMachine:  isHighRSSI       ---> score=61
11-16 08:06:24.936   742   797 V ActivityManager: Broadcast sticky: Intent { act=android.net.wifi.RSSI_CHANGED flg=0x4000010 (has extras) } ordered=false userid=-1 callerApp=ProcessRecord{b0897a0 742:system/1000}
11-16 08:06:24.940   742   797 D AMEventHook: onEvent: AM_BeforeSendBroadcast
11-16 08:06:24.942   742   759 V BroadcastQueue: BDC-Processing parallel broadcast [background] BroadcastRecord{58c83e7 u-1 android.net.wifi.RSSI_CHANGED}, 1 receivers
11-16 08:06:24.943   742   759 D BroadcastQueue: BDC-Delivering broadcast: Intent { act=android.net.wifi.RSSI_CHANGED flg=0x4000010 (has extras) }, queue=background, ordered=false, filter=BroadcastFilter{2184993 u0 ReceiverList{d19e82 853 com.android.systemui/10017/u0 remote:39e85cd}}, broadcastRecord=BroadcastRecord{58c83e7 u-1 android.net.wifi.RSSI_CHANGED}, receiver=null, #0
11-16 08:06:24.944   742   759 D BroadcastQueue: Non-ordered [background] BroadcastRecord{58c83e7 u-1 android.net.wifi.RSSI_CHANGED}, 1 receivers, Total: 4, Waiting: 1, Processing: 3
11-16 08:06:24.945   853  1252 D ActivityThread: BDC-Calling onReceive: intent=Intent { act=android.net.wifi.RSSI_CHANGED flg=0x4000010 (has extras) }, ordered=false, receiver=com.android.systemui.statusbar.policy.NetworkControllerImpl@d18c0d8, IIntentReceiver=2a54a6d
11-16 08:06:25.573   211   242 D SurfaceFlinger: [SF-WD] ERROR: open /dev/RT_Monitor failed.
11-16 08:06:26.124   853   853 D NetworkController.WifiSignalController: Change in state from: connected=true,enabled=true,level=4,inetCondition=1,iconGroup=IconGroup(Wi-Fi Icons),activityIn=true,activityOut=false,rssi=-52,lastModified=11-16 08:06:17,ssid="75F"
11-16 08:06:26.124   853   853 D NetworkController.WifiSignalController: 	to: connected=true,enabled=true,level=4,inetCondition=1,iconGroup=IconGroup(Wi-Fi Icons),activityIn=true,activityOut=true,rssi=-52,lastModified=11-16 08:06:17,ssid="75F"
11-16 08:06:26.125   853   853 V DisplayEventReceiver: call nativeScheduleVsync mReceiverPtr = 547407001344
11-16 08:06:26.147   853   853 V ViewRootImpl[StatusBar]: ViewRoot performTraversals+ : mFirst = false, this = ViewRoot{e1a27df StatusBar,ident = 1}
11-16 08:06:26.149   853   853 V ViewRootImpl[StatusBar]: ViewRoot performTraversals and draw- : this = ViewRoot{e1a27df StatusBar,ident = 1} frame#69 (cancelDraw = false)
11-16 08:06:26.153   211   239 I BufferQueueProducer: [StatusBar](this:0x70c0d44800,id:10,api:1,p:853,c:211) queueBuffer: fps=0.26 dur=3894.23 max=3894.23 min=3894.23
11-16 08:06:26.171   211   211 I DisplayDevice: [Built-in Screen (type:0)] fps:0.258009,dur:3875.83,max:3875.83,min:3875.83
11-16 08:06:26.418   742  1132 D AES     : AEEIOCTL_GET/SET_SF_STATE IOCTL ERROR: open /dev/RT_Monitor failed.
11-16 08:06:26.418   742  1132 W Watchdog: **Get SF Time **-1
11-16 08:06:26.418   742  1132 D AES     : RT Monitor ERROR: open /dev/RT_Monitor failed.
11-16 08:06:26.419   742  1132 W Watchdog: SWT Watchdog before synchronized:218439
11-16 08:06:26.421   742  1132 W Watchdog: SWT Watchdog after synchronized:218442
11-16 08:06:26.427   742   764 D InputReader: InputReader::monitor: lock
11-16 08:06:26.428   742   764 D InputReader: InputReader::monitor: wait 
11-16 08:06:26.428   742   764 D InputReader: InputReader::monitor: unlock
11-16 08:06:26.428   742   764 D InputReader: InputReader::monitor: done
11-16 08:06:26.533   203   203 I wmt_launcher: fw log ctrl flag has been set
11-16 08:06:26.533   203   203 I wmt_launcher: fw dynamic ctrl flag has been set
11-16 08:06:26.573   211   242 D SurfaceFlinger: [SF-WD] ERROR: open /dev/RT_Monitor failed.
11-16 08:06:26.573   211   242 D SurfaceFlinger: [SF-WD] ERROR: open /dev/RT_Monitor failed.
11-16 08:06:27.574   211   242 D SurfaceFlinger: [SF-WD] ERROR: open /dev/RT_Monitor failed.
11-16 08:06:27.953   742   797 D WifiStateMachine:  ConnectedState !CMD_RSSI_POLL  rt=219957/219957 1 0 "75F" d0:15:a6:87:bd:12 rssi=-52 f=5180 sc=60 link=135 tx=0.1, 0.0, 0.0  rx=91.0 bcn=0 [on:0 tx:0 rx:0 period:2995] from screen [on:0 period:689048172] gl hn rssi=-47 ag=0 hr ticks 0,0,0 ls-=0 [56,56,56,56,61] brc=0 lrc=0 offload-stopped
11-16 08:06:27.975   742   797 D WifiStateMachine:  L2ConnectedState !CMD_RSSI_POLL  rt=219975/219975 1 0 "75F" d0:15:a6:87:bd:12 rssi=-52 f=5180 sc=60 link=135 tx=0.1, 0.0, 0.0  rx=91.0 bcn=0 [on:0 tx:0 rx:0 period:24] from screen [on:0 period:689048196] gl hn rssi=-47 ag=0 hr ticks 0,0,0 ls-=0 [56,56,56,56,61] brc=0 lrc=0 offload-stopped
11-16 08:06:27.975   742   797 D WifiStateMachine:  get link layer stats 0
