11-16 08:05:29.709   742   797 D WifiStateMachine:  ConnectedState !CMD_RSSI_POLL  rt=161714/161714 1 0 "75F" d0:15:a6:87:bd:12 rssi=-50 f=5180 sc=60 link=135 tx=0.3, 0.0, 0.0  rx=31.7 bcn=0 [on:0 tx:0 rx:0 period:2990] from screen [on:0 period:688989928] gl hn rssi=-45 ag=0 hr ticks 0,0,0 ls-=0 [56,56,56,56,61] brc=0 lrc=0 offload-stopped
11-16 08:05:29.727   742   797 D WifiStateMachine:  L2ConnectedState !CMD_RSSI_POLL  rt=161731/161731 1 0 "75F" d0:15:a6:87:bd:12 rssi=-50 f=5180 sc=60 link=135 tx=0.3, 0.0, 0.0  rx=31.7 bcn=0 [on:0 tx:0 rx:0 period:18] from screen [on:0 period:688989946] gl hn rssi=-45 ag=0 hr ticks 0,0,0 ls-=0 [56,56,56,56,61] brc=0 lrc=0 offload-stopped
11-16 08:05:29.727   742   797 D WifiStateMachine:  get link layer stats 0
11-16 08:05:29.730   742   797 D WifiHW  : enter -->wifi_send_command cmd=IFNAME=wlan0 SIGNAL_POLL
11-16 08:05:29.730  1038  1038 D wpa_supplicant: wlan0: Control interface command 'SIGNAL_POLL'
11-16 08:05:29.751   742   797 D WifiHW  : leave --> reply=RSSI=-50
11-16 08:05:29.751   742   797 D WifiHW  : LINKSPEED=135
11-16 08:05:29.751   742   797 D WifiHW  : NOISE=9999
11-16 08:05:29.751   742   797 D WifiHW  : FREQUENCY=5180
11-16 08:05:29.751   742   797 D WifiHW  : 
11-16 08:05:29.752   742   797 D WifiStateMachine: fetchRssiLinkSpeedAndFrequencyNative rssi=-50 linkspeed=135 freq=5180
11-16 08:05:29.752   742   797 D WifiStateMachine: mLastSignalLevel:4, newSignalLevel:4
11-16 08:05:29.752   742   797 D WifiConfigManager: updateConfiguration freq=5180 BSSID=d0:15:a6:87:bd:12 RSSI=-50 "75F"WPA_PSK
11-16 08:05:29.757   742   797 D WifiStateMachine: calculateWifiScore freq=5180 speed=135 score=60 highRSSI  -> txbadrate=0.00 txgoodrate=0.13 txretriesrate=0.00 rxrate=46.87 userTriggerdPenalty0
11-16 08:05:29.758   742   797 D WifiStateMachine:  good link -> stuck count =0
11-16 08:05:29.760   742   797 D WifiStateMachine:  badRSSI count0 lowRSSI count0 --> score 56
11-16 08:05:29.760   742   797 D WifiStateMachine:  isHighRSSI       ---> score=61
11-16 08:05:29.763   742   797 V ActivityManager: Broadcast sticky: Intent { act=android.net.wifi.RSSI_CHANGED flg=0x4000010 (has extras) } ordered=false userid=-1 callerApp=ProcessRecord{b0897a0 742:system/1000}
11-16 08:05:29.764   742   797 D AMEventHook: onEvent: AM_BeforeSendBroadcast
11-16 08:05:29.765   742   759 V BroadcastQueue: BDC-Processing parallel broadcast [background] BroadcastRecord{e81917 u-1 android.net.wifi.RSSI_CHANGED}, 1 receivers
11-16 08:05:29.766   742   759 D BroadcastQueue: BDC-Delivering broadcast: Intent { act=android.net.wifi.RSSI_CHANGED flg=0x4000010 (has extras) }, queue=background, ordered=false, filter=BroadcastFilter{2184993 u0 ReceiverList{d19e82 853 com.android.systemui/10017/u0 remote:39e85cd}}, broadcastRecord=BroadcastRecord{e81917 u-1 android.net.wifi.RSSI_CHANGED}, receiver=null, #0
11-16 08:05:29.767   742   759 D BroadcastQueue: Non-ordered [background] BroadcastRecord{e81917 u-1 android.net.wifi.RSSI_CHANGED}, 1 receivers, Total: 3, Waiting: 0, Processing: 3
11-16 08:05:29.768   853  1252 D ActivityThread: BDC-Calling onReceive: intent=Intent { act=android.net.wifi.RSSI_CHANGED flg=0x4000010 (has extras) }, ordered=false, receiver=com.android.systemui.statusbar.policy.NetworkControllerImpl@d18c0d8, IIntentReceiver=2a54a6d
11-16 08:05:30.476   203   203 I wmt_launcher: fw log ctrl flag has been set
11-16 08:05:30.476   203   203 I wmt_launcher: fw dynamic ctrl flag has been set
11-16 08:05:30.547   211   242 D SurfaceFlinger: [SF-WD] ERROR: open /dev/RT_Monitor failed.
11-16 08:05:31.547   211   242 D SurfaceFlinger: [SF-WD] ERROR: open /dev/RT_Monitor failed.
11-16 08:05:32.478   203   203 I wmt_launcher: fw log ctrl flag has been set
11-16 08:05:32.478   203   203 I wmt_launcher: fw dynamic ctrl flag has been set
11-16 08:05:32.530   336   336 I sn      : Retry 14
11-16 08:05:32.531   336   336 I sn      : Fail to access err=2
11-16 08:05:32.531   336   336 I sn      : Fail to access err=2
11-16 08:05:32.532   336   336 I sn      : Fail to access err=2
11-16 08:05:32.532   336   336 I sn      : Check all possible paths
11-16 08:05:32.548   211   242 D SurfaceFlinger: [SF-WD] ERROR: open /dev/RT_Monitor failed.
11-16 08:05:32.781   742   797 D WifiStateMachine:  ConnectedState !CMD_RSSI_POLL  rt=164785/164785 1 0 "75F" d0:15:a6:87:bd:12 rssi=-50 f=5180 sc=60 link=135 tx=0.1, 0.0, 0.0  rx=46.9 bcn=0 [on:0 tx:0 rx:0 period:3006] from screen [on:0 period:688993000] gl hn rssi=-45 ag=0 hr ticks 0,0,0 ls-=0 [56,56,56,56,61] brc=0 lrc=0 offload-stopped
11-16 08:05:32.794   742   797 D WifiStateMachine:  L2ConnectedState !CMD_RSSI_POLL  rt=164802/164802 1 0 "75F" d0:15:a6:87:bd:12 rssi=-50 f=5180 sc=60 link=135 tx=0.1, 0.0, 0.0  rx=46.9 bcn=0 [on:0 tx:0 rx:0 period:16] from screen [on:0 period:688993016] gl hn rssi=-45 ag=0 hr ticks 0,0,0 ls-=0 [56,56,56,56,61] brc=0 lrc=0 offload-stopped
11-16 08:05:32.794   742   797 D WifiStateMachine:  get link layer stats 0
11-16 08:05:32.795   742   797 D WifiHW  : enter -->wifi_send_command cmd=IFNAME=wlan0 SIGNAL_POLL
11-16 08:05:32.796  1038  1038 D wpa_supplicant: wlan0: Control interface command 'SIGNAL_POLL'
11-16 08:05:32.814   742   797 D WifiHW  : leave --> reply=RSSI=-52
11-16 08:05:32.814   742   797 D WifiHW  : LINKSPEED=135
11-16 08:05:32.814   742   797 D WifiHW  : NOISE=9999
11-16 08:05:32.814   742   797 D WifiHW  : FREQUENCY=5180
11-16 08:05:32.814   742   797 D WifiHW  : 
11-16 08:05:32.815   742   797 D WifiStateMachine: fetchRssiLinkSpeedAndFrequencyNative rssi=-52 linkspeed=135 freq=5180
11-16 08:05:32.815   742   797 D WifiStateMachine: mLastSignalLevel:4, newSignalLevel:4
11-16 08:05:32.816   742   797 D WifiConfigManager: updateConfiguration freq=5180 BSSID=d0:15:a6:87:bd:12 RSSI=-51 "75F"WPA_PSK
11-16 08:05:32.821   742   797 D WifiStateMachine: calculateWifiScore freq=5180 speed=135 score=60 highRSSI  -> txbadrate=0.00 txgoodrate=0.06 txretriesrate=0.00 rxrate=71.44 userTriggerdPenalty0
11-16 08:05:32.821   742   797 D WifiStateMachine:  good link -> stuck count =0
11-16 08:05:32.823   742   797 D WifiStateMachine:  badRSSI count0 lowRSSI count0 --> score 56
11-16 08:05:32.824   742   797 D WifiStateMachine:  isHighRSSI       ---> score=61
11-16 08:05:32.826   742   797 V ActivityManager: Broadcast sticky: Intent { act=android.net.wifi.RSSI_CHANGED flg=0x4000010 (has extras) } ordered=false userid=-1 callerApp=ProcessRecord{b0897a0 742:system/1000}
11-16 08:05:32.828   742   797 D AMEventHook: onEvent: AM_BeforeSendBroadcast
11-16 08:05:32.829   742   759 V BroadcastQueue: BDC-Processing parallel broadcast [background] BroadcastRecord{941e104 u-1 android.net.wifi.RSSI_CHANGED}, 1 receivers
11-16 08:05:32.830   742   759 D BroadcastQueue: BDC-Delivering broadcast: Intent { act=android.net.wifi.RSSI_CHANGED flg=0x4000010 (has extras) }, queue=background, ordered=false, filter=BroadcastFilter{2184993 u0 ReceiverList{d19e82 853 com.android.systemui/10017/u0 remote:39e85cd}}, broadcastRecord=BroadcastRecord{941e104 u-1 android.net.wifi.RSSI_CHANGED}, receiver=null, #0
11-16 08:05:32.831   742   759 D BroadcastQueue: Non-ordered [background] BroadcastRecord{941e104 u-1 android.net.wifi.RSSI_CHANGED}, 1 receivers, Total: 3, Waiting: 0, Processing: 3
11-16 08:05:32.832   853  1252 D ActivityThread: BDC-Calling onReceive: intent=Intent { act=android.net.wifi.RSSI_CHANGED flg=0x4000010 (has extras) }, ordered=false, receiver=com.android.systemui.statusbar.policy.NetworkControllerImpl@d18c0d8, IIntentReceiver=2a54a6d
11-16 08:05:32.834   853  1252 D NetworkController.WifiSignalController: Change in state from: connected=true,enabled=true,level=4,inetCondition=1,iconGroup=IconGroup(Wi-Fi Icons),activityIn=true,activityOut=false,rssi=-50,lastModified=11-16 08:05:26,ssid="75F"
11-16 08:05:32.834   853  1252 D NetworkController.WifiSignalController: 	to: connected=true,enabled=true,level=4,inetCondition=1,iconGroup=IconGroup(Wi-Fi Icons),activityIn=true,activityOut=false,rssi=-52,lastModified=11-16 08:05:26,ssid="75F"
11-16 08:05:33.548   211   242 D SurfaceFlinger: [SF-WD] ERROR: open /dev/RT_Monitor failed.
11-16 08:05:34.479   203   203 I wmt_launcher: fw log ctrl flag has been set
11-16 08:05:34.479   203   203 I wmt_launcher: fw dynamic ctrl flag has been set
11-16 08:05:34.548   211   242 D SurfaceFlinger: [SF-WD] ERROR: open /dev/RT_Monitor failed.
11-16 08:05:35.549   211   242 D SurfaceFlinger: [SF-WD] ERROR: open /dev/RT_Monitor failed.
11-16 08:05:35.836   742   797 D WifiStateMachine:  ConnectedState !CMD_RSSI_POLL  rt=167850/167850 1 0 "75F" d0:15:a6:87:bd:12 rssi=-52 f=5180 sc=60 link=135 tx=0.1, 0.0, 0.0  rx=71.4 bcn=0 [on:0 tx:0 rx:0 period:3000] from screen [on:0 period:688996058] gl hn rssi=-47 ag=0 hr ticks 0,0,0 ls-=0 [56,56,56,56,61] brc=0 lrc=0 offload-stopped
11-16 08:05:35.846   742   797 D WifiStateMachine:  L2ConnectedState !CMD_RSSI_POLL  rt=167858/167858 1 0 "75F" d0:15:a6:87:bd:12 rssi=-52 f=5180 sc=60 link=135 tx=0.1, 0.0, 0.0  rx=71.4 bcn=0 [on:0 tx:0 rx:0 period:10] from screen [on:0 period:688996068] gl hn rssi=-47 ag=0 hr ticks 0,0,0 ls-=0 [56,56,56,56,61] brc=0 lrc=0 offload-stopped
11-16 08:05:35.846   742   797 D WifiStateMachine:  get link layer stats 0
11-16 08:05:35.847   742   797 D WifiHW  : enter -->wifi_send_command cmd=IFNAME=wlan0 SIGNAL_POLL
11-16 08:05:35.847  1038  1038 D wpa_supplicant: wlan0: Control interface command 'SIGNAL_POLL'
11-16 08:05:35.871   742   797 D WifiHW  : leave --> reply=RSSI=-52
11-16 08:05:35.871   742   797 D WifiHW  : LINKSPEED=135
11-16 08:05:35.871   742   797 D WifiHW  : NOISE=9999
11-16 08:05:35.871   742   797 D WifiHW  : FREQUENCY=5180
11-16 08:05:35.871   742   797 D WifiHW  : 
11-16 08:05:35.872   742   797 D WifiStateMachine: fetchRssiLinkSpeedAndFrequencyNative rssi=-52 linkspeed=135 freq=5180
11-16 08:05:35.872   742   797 D WifiStateMachine: mLastSignalLevel:4, newSignalLevel:4
11-16 08:05:35.873   742   797 D WifiConfigManager: updateConfiguration freq=5180 BSSID=d0:15:a6:87:bd:12 RSSI=-51 "75F"WPA_PSK
11-16 08:05:35.877   742   797 D WifiStateMachine: calculateWifiScore freq=5180 speed=135 score=60 highRSSI  -> txbadrate=0.00 txgoodrate=0.03 txretriesrate=0.00 rxrate=85.22 userTriggerdPenalty0
11-16 08:05:35.877   742   797 D WifiStateMachine:  good link -> stuck count =0
11-16 08:05:35.882   742   797 D WifiStateMachine:  badRSSI count0 lowRSSI count0 --> score 56
11-16 08:05:35.882   742   797 D WifiStateMachine:  isHighRSSI       ---> score=61
11-16 08:05:35.886   742   797 V ActivityManager: Broadcast sticky: Intent { act=android.net.wifi.RSSI_CHANGED flg=0x4000010 (has extras) } ordered=false userid=-1 callerApp=ProcessRecord{b0897a0 742:system/1000}
11-16 08:05:35.887   742   797 D AMEventHook: onEvent: AM_BeforeSendBroadcast
11-16 08:05:35.890   742   759 V BroadcastQueue: BDC-Processing parallel broadcast [background] BroadcastRecord{b436ed u-1 android.net.wifi.RSSI_CHANGED}, 1 receivers
11-16 08:05:35.891   742   759 D BroadcastQueue: BDC-Delivering broadcast: Intent { act=android.net.wifi.RSSI_CHANGED flg=0x4000010 (has extras) }, queue=background, ordered=false, filter=BroadcastFilter{2184993 u0 ReceiverList{d19e82 853 com.android.systemui/10017/u0 remote:39e85cd}}, broadcastRecord=BroadcastRecord{b436ed u-1 android.net.wifi.RSSI_CHANGED}, receiver=null, #0
11-16 08:05:35.892   742   759 D BroadcastQueue: Non-ordered [background] BroadcastRecord{b436ed u-1 android.net.wifi.RSSI_CHANGED}, 1 receivers, Total: 4, Waiting: 2, Processing: 2
11-16 08:05:35.894   853  1252 D ActivityThread: BDC-Calling onReceive: intent=Intent { act=android.net.wifi.RSSI_CHANGED flg=0x4000010 (has extras) }, ordered=false, receiver=com.android.systemui.statusbar.policy.NetworkControllerImpl@d18c0d8, IIntentReceiver=2a54a6d
11-16 08:05:36.481   203   203 I wmt_launcher: fw log ctrl flag has been set
11-16 08:05:36.481   203   203 I wmt_launcher: fw dynamic ctrl flag has been set
11-16 08:05:36.549   211   242 D SurfaceFlinger: [SF-WD] ERROR: open /dev/RT_Monitor failed.
11-16 08:05:37.550   211   242 D SurfaceFlinger: [SF-WD] ERROR: open /dev/RT_Monitor failed.
11-16 08:05:38.483   203   203 I wmt_launcher: fw log ctrl flag has been set
11-16 08:05:38.483   203   203 I wmt_launcher: fw dynamic ctrl flag has been set
11-16 08:05:38.550   211   242 D SurfaceFlinger: [SF-WD] ERROR: open /dev/RT_Monitor failed.
11-16 08:05:38.907   742   797 D WifiStateMachine:  ConnectedState !CMD_RSSI_POLL  rt=170908/170908 1 0 "75F" d0:15:a6:87:bd:12 rssi=-52 f=5180 sc=60 link=135 tx=0.0, 0.0, 0.0  rx=85.2 bcn=0 [on:0 tx:0 rx:0 period:2999] from screen [on:0 period:688999125] gl hn rssi=-47 ag=0 hr ticks 0,0,0 ls-=0 [56,56,56,56,61] brc=0 lrc=0 offload-stopped
11-16 08:05:38.919   742   797 D WifiStateMachine:  L2ConnectedState !CMD_RSSI_POLL  rt=170928/170928 1 0 "75F" d0:15:a6:87:bd:12 rssi=-52 f=5180 sc=60 link=135 tx=0.0, 0.0, 0.0  rx=85.2 bcn=0 [on:0 tx:0 rx:0 period:16] from screen [on:0 period:688999141] gl hn rssi=-47 ag=0 hr ticks 0,0,0 ls-=0 [56,56,56,56,61] brc=0 lrc=0 offload-stopped
11-16 08:05:38.920   742   797 D WifiStateMachine:  get link layer stats 0
11-16 08:05:38.921   742   797 D WifiHW  : enter -->wifi_send_command cmd=IFNAME=wlan0 SIGNAL_POLL
11-16 08:05:38.921  1038  1038 D wpa_supplicant: wlan0: Control interface command 'SIGNAL_POLL'
11-16 08:05:38.927   742   797 D WifiHW  : leave --> reply=RSSI=-53
11-16 08:05:38.927   742   797 D WifiHW  : LINKSPEED=135
11-16 08:05:38.927   742   797 D WifiHW  : NOISE=9999
11-16 08:05:38.927   742   797 D WifiHW  : FREQUENCY=5180
11-16 08:05:38.927   742   797 D WifiHW  : 
11-16 08:05:38.928   742   797 D WifiStateMachine: fetchRssiLinkSpeedAndFrequencyNative rssi=-53 linkspeed=135 freq=5180
11-16 08:05:38.928   742   797 D WifiStateMachine: mLastSignalLevel:4, newSignalLevel:4
11-16 08:05:38.931   742   797 D WifiConfigManager: updateConfiguration freq=5180 BSSID=d0:15:a6:87:bd:12 RSSI=-52 "75F"WPA_PSK
11-16 08:05:38.935   742   797 D WifiStateMachine: calculateWifiScore freq=5180 speed=135 score=60 highRSSI  -> txbadrate=0.00 txgoodrate=0.52 txretriesrate=0.00 rxrate=111.61 userTriggerdPenalty0
11-16 08:05:38.936   742   797 D WifiStateMachine:  good link -> stuck count =0
11-16 08:05:38.941   742   797 D WifiStateMachine:  badRSSI count0 lowRSSI count0 --> score 56
11-16 08:05:38.941   742   797 D WifiStateMachine:  isHighRSSI       ---> score=61
11-16 08:05:38.961   853   853 D NetworkController.WifiSignalController: Change in state from: connected=true,enabled=true,level=4,inetCondition=1,iconGroup=IconGroup(Wi-Fi Icons),activityIn=true,activityOut=false,rssi=-52,lastModified=11-16 08:05:32,ssid="75F"
11-16 08:05:38.961   853   853 D NetworkController.WifiSignalController: 	to: connected=true,enabled=true,level=4,inetCondition=1,iconGroup=IconGroup(Wi-Fi Icons),activityIn=true,activityOut=true,rssi=-52,lastModified=11-16 08:05:32,ssid="75F"
11-16 08:05:38.962   853   853 V DisplayEventReceiver: call nativeScheduleVsync mReceiverPtr = 547407001344
11-16 08:05:38.968   853   853 V ViewRootImpl[StatusBar]: ViewRoot performTraversals+ : mFirst = false, this = ViewRoot{e1a27df StatusBar,ident = 1}
11-16 08:05:38.974   211  1369 I BufferQueueProducer: [StatusBar](this:0x70c0d44800,id:10,api:1,p:853,c:211) queueBuffer: fps=0.07 dur=15027.45 max=15027.45 min=15027.45
11-16 08:05:38.980   742   797 V ActivityManager: Broadcast sticky: Intent { act=android.net.wifi.RSSI_CHANGED flg=0x4000010 (has extras) } ordered=false userid=-1 callerApp=ProcessRecord{b0897a0 742:system/1000}
11-16 08:05:38.981   742   797 D AMEventHook: onEvent: AM_BeforeSendBroadcast
11-16 08:05:38.983   853   853 V ViewRootImpl[StatusBar]: ViewRoot performTraversals and draw- : this = ViewRoot{e1a27df StatusBar,ident = 1} frame#52 (cancelDraw = false)
11-16 08:05:38.986   742   759 V BroadcastQueue: BDC-Processing parallel broadcast [background] BroadcastRecord{dc5c922 u-1 android.net.wifi.RSSI_CHANGED}, 1 receivers
11-16 08:05:38.987   742   759 D BroadcastQueue: BDC-Delivering broadcast: Intent { act=android.net.wifi.RSSI_CHANGED flg=0x4000010 (has extras) }, queue=background, ordered=false, filter=BroadcastFilter{2184993 u0 ReceiverList{d19e82 853 com.android.systemui/10017/u0 remote:39e85cd}}, broadcastRecord=BroadcastRecord{dc5c922 u-1 android.net.wifi.RSSI_CHANGED}, receiver=null, #0
11-16 08:05:38.988   742   759 D BroadcastQueue: Non-ordered [background] BroadcastRecord{dc5c922 u-1 android.net.wifi.RSSI_CHANGED}, 1 receivers, Total: 7, Waiting: 5, Processing: 2
11-16 08:05:39.014   211   211 I DisplayDevice: [Built-in Screen (type:0)] fps:0.066425,dur:15054.58,max:15054.58,min:15054.58
11-16 08:05:39.031   853  1252 D ActivityThread: BDC-Calling onReceive: intent=Intent { act=android.net.wifi.RSSI_CHANGED flg=0x4000010 (has extras) }, ordered=false, receiver=com.android.systemui.statusbar.policy.NetworkControllerImpl@d18c0d8, IIntentReceiver=2a54a6d
11-16 08:05:39.090   853  1252 D NetworkController.WifiSignalController: Change in state from: connected=true,enabled=true,level=4,inetCondition=1,iconGroup=IconGroup(Wi-Fi Icons),activityIn=true,activityOut=true,rssi=-52,lastModified=11-16 08:05:38,ssid="75F"
11-16 08:05:39.090   853  1252 D NetworkController.WifiSignalController: 	to: connected=true,enabled=true,level=4,inetCondition=1,iconGroup=IconGroup(Wi-Fi Icons),activityIn=true,activityOut=true,rssi=-53,lastModified=11-16 08:05:38,ssid="75F"
11-16 08:05:39.551   211   242 D SurfaceFlinger: [SF-WD] ERROR: open /dev/RT_Monitor failed.
11-16 08:05:39.551   211   242 D SurfaceFlinger: [SF-WD] ERROR: open /dev/RT_Monitor failed.
11-16 08:05:40.486   203   203 I wmt_launcher: fw log ctrl flag has been set
11-16 08:05:40.486   203   203 I wmt_launcher: fw dynamic ctrl flag has been set
11-16 08:05:40.551   211   242 D SurfaceFlinger: [SF-WD] ERROR: open /dev/RT_Monitor failed.
11-16 08:05:40.968   853   853 D NetworkController.WifiSignalController: Change in state from: connected=true,enabled=true,level=4,inetCondition=1,iconGroup=IconGroup(Wi-Fi Icons),activityIn=true,activityOut=true,rssi=-53,lastModified=11-16 08:05:39,ssid="75F"
11-16 08:05:40.968   853   853 D NetworkController.WifiSignalController: 	to: connected=true,enabled=true,level=4,inetCondition=1,iconGroup=IconGroup(Wi-Fi Icons),activityIn=true,activityOut=false,rssi=-53,lastModified=11-16 08:05:39,ssid="75F"
11-16 08:05:40.970   853   853 V DisplayEventReceiver: call nativeScheduleVsync mReceiverPtr = 547407001344
11-16 08:05:40.981   853   853 V ViewRootImpl[StatusBar]: ViewRoot performTraversals+ : mFirst = false, this = ViewRoot{e1a27df StatusBar,ident = 1}
11-16 08:05:40.983   853   853 V ViewRootImpl[StatusBar]: ViewRoot performTraversals and draw- : this = ViewRoot{e1a27df StatusBar,ident = 1} frame#53 (cancelDraw = false)
11-16 08:05:40.987   211   284 I BufferQueueProducer: [StatusBar](this:0x70c0d44800,id:10,api:1,p:853,c:211) queueBuffer: fps=0.50 dur=2013.14 max=2013.14 min=2013.14
11-16 08:05:41.006   211   211 I DisplayDevice: [Built-in Screen (type:0)] fps:0.502000,dur:1992.03,max:1992.03,min:1992.03
11-16 08:05:41.173   742  1475 D BatteryService: mBatteryVoltage=3652, batteryLevel=50
11-16 08:05:41.175   742   742 V ActivityManager: Broadcast sticky: Intent { act=android.intent.action.BATTERY_CHANGED flg=0x60000010 (has extras) } ordered=false userid=-1 callerApp=null
11-16 08:05:41.178   742   742 D AMEventHook: onEvent: AM_BeforeSendBroadcast
11-16 08:05:41.179   742   759 V BroadcastQueue: BDC-Processing parallel broadcast [background] BroadcastRecord{7e0970 u-1 android.intent.action.BATTERY_CHANGED}, 12 receivers
11-16 08:05:41.181   742   759 D BroadcastQueue: BDC-Delivering broadcast: Intent { act=android.intent.action.BATTERY_CHANGED flg=0x60000010 (has extras) }, queue=background, ordered=false, filter=BroadcastFilter{957da49 u0 ReceiverList{e42c850 742 system/1000/u0 local:c821e13}}, broadcastRecord=BroadcastRecord{7e0970 u-1 android.intent.action.BATTERY_CHANGED}, receiver=null, #0
11-16 08:05:41.182   742   769 D ActivityThread: BDC-Calling onReceive: intent=Intent { act=android.intent.action.BATTERY_CHANGED flg=0x60000010 (has extras) }, ordered=false, receiver=com.android.server.power.PowerManagerService$BatteryReceiver@323f502, IIntentReceiver=c821e13
11-16 08:05:41.183   742   759 D BroadcastQueue: BDC-Delivering broadcast: Intent { act=android.intent.action.BATTERY_CHANGED flg=0x60000010 (has extras) }, queue=background, ordered=false, filter=BroadcastFilter{74876af u0 ReceiverList{7781e8e 742 system/1000/u0 local:b860e89}}, broadcastRecord=BroadcastRecord{7e0970 u-1 android.intent.action.BATTERY_CHANGED}, receiver=null, #1
11-16 08:05:41.184   742   742 D ActivityThread: BDC-Calling onReceive: intent=Intent { act=android.intent.action.BATTERY_CHANGED flg=0x60000010 (has extras) }, ordered=false, receiver=com.android.server.UiModeManagerService$3@6b42590, IIntentReceiver=b860e89
11-16 08:05:41.184   742   759 D BroadcastQueue: BDC-Delivering broadcast: Intent { act=android.intent.action.BATTERY_CHANGED flg=0x60000010 (has extras) }, queue=background, ordered=false, filter=BroadcastFilter{8bc745c u0 ReceiverList{c1e02cf 742 system/1000/u0 local:a79c72e}}, broadcastRecord=BroadcastRecord{7e0970 u-1 android.intent.action.BATTERY_CHANGED}, receiver=null, #2
11-16 08:05:41.187   742   759 D BroadcastQueue: BDC-Delivering broadcast: Intent { act=android.intent.action.BATTERY_CHANGED flg=0x60000010 (has extras) }, queue=background, ordered=false, filter=BroadcastFilter{ceb3dbf u0 ReceiverList{7fc57de 742 system/1000/u0 local:b1d1b19}}, broadcastRecord=BroadcastRecord{7e0970 u-1 android.intent.action.BATTERY_CHANGED}, receiver=null, #3
11-16 08:05:41.187   742   742 D ActivityThread: BDC-Calling onReceive: intent=Intent { act=android.intent.action.BATTERY_CHANGED flg=0x60000010 (has extras) }, ordered=false, receiver=com.android.server.DeviceIdleController$1@c9875a9, IIntentReceiver=a79c72e
11-16 08:05:41.188   742   742 D ActivityThread: BDC-Calling onReceive: intent=Intent { act=android.intent.action.BATTERY_CHANGED flg=0x60000010 (has extras) }, ordered=false, receiver=com.android.server.wifi.WifiServiceImpl$1@9e44a60, IIntentReceiver=b1d1b19
11-16 08:05:41.188   742   742 D WifiService: onReceive, action:android.intent.action.BATTERY_CHANGED
11-16 08:05:41.189   742   796 D WifiController: DeviceActiveState{ when=0 what=155652 arg1=2 target=com.android.internal.util.StateMachine$SmHandler }
11-16 08:05:41.189   742   796 D WifiController: StaEnabledState{ when=0 what=155652 arg1=2 target=com.android.internal.util.StateMachine$SmHandler }
11-16 08:05:41.189   742   796 D WifiController: DefaultState{ when=-1ms what=155652 arg1=2 target=com.android.internal.util.StateMachine$SmHandler }
11-16 08:05:41.189   742   796 D WifiController: battery changed pluggedType: 2
11-16 08:05:41.190   742   759 D BroadcastQueue: BDC-Delivering broadcast: Intent { act=android.intent.action.BATTERY_CHANGED flg=0x60000010 (has extras) }, queue=background, ordered=false, filter=BroadcastFilter{34b11fd u0 ReceiverList{86dfe54 853 com.android.systemui/10017/u0 remote:b0819a7}}, broadcastRecord=BroadcastRecord{7e0970 u-1 android.intent.action.BATTERY_CHANGED}, receiver=null, #4
11-16 08:05:41.192   853   853 D ActivityThread: BDC-Calling onReceive: intent=Intent { act=android.intent.action.BATTERY_CHANGED flg=0x60000010 (has extras) }, ordered=false, receiver=com.android.keyguard.KeyguardUpdateMonitor$3@2b7b52b, IIntentReceiver=6d909b0
11-16 08:05:41.192   853   853 D KeyguardUpdateMonitor: received broadcast android.intent.action.BATTERY_CHANGED
11-16 08:05:41.192   742   759 D BroadcastQueue: BDC-Delivering broadcast: Intent { act=android.intent.action.BATTERY_CHANGED flg=0x60000010 (has extras) }, queue=background, ordered=false, filter=BroadcastFilter{a4afb32 u0 ReceiverList{3c5a73d 742 system/1000/u0 local:b0ca094}}, broadcastRecord=BroadcastRecord{7e0970 u-1 android.intent.action.BATTERY_CHANGED}, receiver=null, #5
11-16 08:05:41.192   853   853 D KeyguardUpdateMonitor: handleBatteryUpdate
11-16 08:05:41.193   742   742 D ActivityThread: BDC-Calling onReceive: intent=Intent { act=android.intent.action.BATTERY_CHANGED flg=0x60000010 (has extras) }, ordered=false, receiver=com.mediatek.lbsutils.LbsUtils$1@1cbdaa6, IIntentReceiver=b0ca094
11-16 08:05:41.195   742   759 D BroadcastQueue: BDC-Delivering broadcast: Intent { act=android.intent.action.BATTERY_CHANGED flg=0x60000010 (has extras) }, queue=background, ordered=false, filter=BroadcastFilter{21002d4 u0 ReceiverList{2956027 853 com.android.systemui/10017/u0 remote:ed962e6}}, broadcastRecord=BroadcastRecord{7e0970 u-1 android.intent.action.BATTERY_CHANGED}, receiver=null, #6
11-16 08:05:41.197   853   853 D ActivityThread: BDC-Calling onReceive: intent=Intent { act=android.intent.action.BATTERY_CHANGED flg=0x60000010 (has extras) }, ordered=false, receiver=com.android.systemui.power.PowerUI$Receiver@8d23bd6, IIntentReceiver=ef44125
11-16 08:05:41.198   742   759 D BroadcastQueue: BDC-Delivering broadcast: Intent { act=android.intent.action.BATTERY_CHANGED flg=0x60000010 (has extras) }, queue=background, ordered=false, filter=BroadcastFilter{d727f17 u0 ReceiverList{eece796 1153 com.android.phone/1001/u0 remote:7ebb6b1}}, broadcastRecord=BroadcastRecord{7e0970 u-1 android.intent.action.BATTERY_CHANGED}, receiver=null, #7
11-16 08:05:41.200  1153  1153 D ActivityThread: BDC-Calling onReceive: intent=Intent { act=android.intent.action.BATTERY_CHANGED flg=0x60000010 (has extras) }, ordered=false, receiver=com.mediatek.internal.telephony.dataconnection.FdManager$1@6a372a7, IIntentReceiver=bb2667b
11-16 08:05:41.200   742   759 D BroadcastQueue: BDC-Delivering broadcast: Intent { act=android.intent.action.BATTERY_CHANGED flg=0x60000010 (has extras) }, queue=background, ordered=false, filter=BroadcastFilter{de1536e u0 ReceiverList{c718ae9 853 com.android.systemui/10017/u0 remote:285770}}, broadcastRecord=BroadcastRecord{7e0970 u-1 android.intent.action.BATTERY_CHANGED}, receiver=null, #8
11-16 08:05:41.204   742   759 D BroadcastQueue: BDC-Delivering broadcast: Intent { act=android.intent.action.BATTERY_CHANGED flg=0x60000010 (has extras) }, queue=background, ordered=false, filter=BroadcastFilter{d042018 u0 ReceiverList{9e657fb 1304 com.android.bluetooth/1002/u0 remote:57ec58a}}, broadcastRecord=BroadcastRecord{7e0970 u-1 android.intent.action.BATTERY_CHANGED}, receiver=null, #9
11-16 08:05:41.206   742   759 D BroadcastQueue: BDC-Delivering broadcast: Intent { act=android.intent.action.BATTERY_CHANGED flg=0x60000010 (has extras) }, queue=background, ordered=false, filter=BroadcastFilter{8858b03 u0 ReceiverList{eee3fb2 1424 com.mediatek.dongle/1001/u0 remote:8912dbd}}, broadcastRecord=BroadcastRecord{7e0970 u-1 android.intent.action.BATTERY_CHANGED}, receiver=null, #10
11-16 08:05:41.206  1304  1304 D ActivityThread: BDC-Calling onReceive: intent=Intent { act=android.intent.action.BATTERY_CHANGED flg=0x60000010 (has extras) }, ordered=false, receiver=com.android.bluetooth.hfp.HeadsetService$1@785552a, IIntentReceiver=cee5171
11-16 08:05:41.207  1304  1420 D HeadsetStateMachine: Disconnected process message: 10, size: 0
11-16 08:05:41.210  1424  1424 D ActivityThread: BDC-Calling onReceive: intent=Intent { act=android.intent.action.BATTERY_CHANGED flg=0x60000010 (has extras) }, ordered=false, receiver=com.android.internal.tedongle.RIL$2@1205c17, IIntentReceiver=34593ad
11-16 08:05:41.210   853   853 D ActivityThread: BDC-Calling onReceive: intent=Intent { act=android.intent.action.BATTERY_CHANGED flg=0x60000010 (has extras) }, ordered=false, receiver=com.android.systemui.statusbar.policy.BatteryControllerImpl@98ac84a, IIntentReceiver=72050a
11-16 08:05:41.210   853   853 D BatteryMeterDrawable: onBatteryLevelChanged level:2,plugedIn:true,charging:true
11-16 08:05:41.211   853   853 D BatteryMeterDrawable: onBatteryLevelChanged level:2,plugedIn:true,charging:true
11-16 08:05:41.211   742   759 D AppOps  : noteOperation: allowing code 63 uid 10007 package com.android.providers.media
11-16 08:05:41.211   853   853 V DisplayEventReceiver: call nativeScheduleVsync mReceiverPtr = 547407001344
11-16 08:05:41.213   742   759 D BroadcastQueue: BDC-Delivering broadcast: Intent { act=android.intent.action.BATTERY_CHANGED flg=0x60000010 (has extras) }, queue=background, ordered=false, filter=BroadcastFilter{15b7105 u0 ReceiverList{8e7d47c 1575 android.process.media/10007/u0 remote:5984f6f}}, broadcastRecord=BroadcastRecord{7e0970 u-1 android.intent.action.BATTERY_CHANGED}, receiver=null, #11
11-16 08:05:41.214   742   759 D BroadcastQueue: Non-ordered [background] BroadcastRecord{7e0970 u-1 android.intent.action.BATTERY_CHANGED}, 12 receivers, Total: 36, Waiting: 1, Processing: 35
11-16 08:05:41.215  1575  1575 D ActivityThread: BDC-Calling onReceive: intent=Intent { act=android.intent.action.BATTERY_CHANGED flg=0x60000010 (has extras) }, ordered=false, receiver=android.mtp.MtpDatabase$1@ecf3606, IIntentReceiver=8022663
11-16 08:05:41.218   853   853 V ViewRootImpl[StatusBar]: ViewRoot performTraversals+ : mFirst = false, this = ViewRoot{e1a27df StatusBar,ident = 1}
11-16 08:05:41.223   853   853 V ViewRootImpl[StatusBar]: ViewRoot performTraversals and draw- : this = ViewRoot{e1a27df StatusBar,ident = 1} frame#54 (cancelDraw = false)
11-16 08:05:41.552   211   242 D SurfaceFlinger: [SF-WD] ERROR: open /dev/RT_Monitor failed.
11-16 08:05:41.552   211   242 D SurfaceFlinger: [SF-WD] ERROR: open /dev/RT_Monitor failed.
11-16 08:05:41.810   742   742 D SettingsInterface:  from settings cache , name = location_providers_allowed , value = gps
11-16 08:05:41.962   742   797 D WifiStateMachine:  ConnectedState !CMD_RSSI_POLL  rt=173966/173966 1 0 "75F" d0:15:a6:87:bd:12 rssi=-53 f=5180 sc=60 link=135 tx=0.5, 0.0, 0.0  rx=111.6 bcn=0 [on:0 tx:0 rx:0 period:2946] from screen [on:0 period:689002181] gl hn rssi=-48 ag=0 hr ticks 0,0,0 ls-=0 [56,56,56,56,61] brc=0 lrc=0 offload-stopped
11-16 08:05:41.973   853   853 D NetworkController.WifiSignalController: Change in state from: connected=true,enabled=true,level=4,inetCondition=1,iconGroup=IconGroup(Wi-Fi Icons),activityIn=true,activityOut=false,rssi=-53,lastModified=11-16 08:05:40,ssid="75F"
11-16 08:05:41.973   853   853 D NetworkController.WifiSignalController: 	to: connected=true,enabled=true,level=4,inetCondition=1,iconGroup=IconGroup(Wi-Fi Icons),activityIn=true,activityOut=true,rssi=-53,lastModified=11-16 08:05:40,ssid="75F"
11-16 08:05:41.974   853   853 V DisplayEventReceiver: call nativeScheduleVsync mReceiverPtr = 547407001344
11-16 08:05:41.981   742   797 D WifiStateMachine:  L2ConnectedState !CMD_RSSI_POLL  rt=173983/173983 1 0 "75F" d0:15:a6:87:bd:12 rssi=-53 f=5180 sc=60 link=135 tx=0.5, 0.0, 0.0  rx=111.6 bcn=0 [on:0 tx:0 rx:0 period:18] from screen [on:0 period:689002199] gl hn rssi=-48 ag=0 hr ticks 0,0,0 ls-=0 [56,56,56,56,61] brc=0 lrc=0 offload-stopped
11-16 08:05:41.982   742   797 D WifiStateMachine:  get link layer stats 0
11-16 08:05:41.983   742   797 D WifiHW  : enter -->wifi_send_command cmd=IFNAME=wlan0 SIGNAL_POLL
11-16 08:05:41.984  1038  1038 D wpa_supplicant: wlan0: Control interface command 'SIGNAL_POLL'
11-16 08:05:41.986   742   797 D WifiHW  : leave --> reply=RSSI=-53
11-16 08:05:41.986   742   797 D WifiHW  : LINKSPEED=135
11-16 08:05:41.986   742   797 D WifiHW  : NOISE=9999
11-16 08:05:41.986   742   797 D WifiHW  : FREQUENCY=5180
11-16 08:05:41.986   742   797 D WifiHW  : 
11-16 08:05:41.987   742   797 D WifiStateMachine: fetchRssiLinkSpeedAndFrequencyNative rssi=-53 linkspeed=135 freq=5180
11-16 08:05:41.987   742   797 D WifiStateMachine: mLastSignalLevel:4, newSignalLevel:4
11-16 08:05:41.987   742   797 D WifiConfigManager: updateConfiguration freq=5180 BSSID=d0:15:a6:87:bd:12 RSSI=-52 "75F"WPA_PSK
11-16 08:05:41.992   742   797 D WifiStateMachine: calculateWifiScore freq=5180 speed=135 score=60 highRSSI  -> txbadrate=0.00 txgoodrate=1.26 txretriesrate=0.00 rxrate=94.30 userTriggerdPenalty0
11-16 08:05:41.993   742   797 D WifiStateMachine:  good link -> stuck count =0
11-16 08:05:41.995   742   797 D WifiStateMachine:  badRSSI count0 lowRSSI count0 --> score 56
11-16 08:05:41.995   742   797 D WifiStateMachine:  isHighRSSI       ---> score=61
11-16 08:05:41.996   853   853 V ViewRootImpl[StatusBar]: ViewRoot performTraversals+ : mFirst = false, this = ViewRoot{e1a27df StatusBar,ident = 1}
11-16 08:05:42.000   853   853 V ViewRootImpl[StatusBar]: ViewRoot performTraversals and draw- : this = ViewRoot{e1a27df StatusBar,ident = 1} frame#55 (cancelDraw = false)
11-16 08:05:42.001   742   797 V ActivityManager: Broadcast sticky: Intent { act=android.net.wifi.RSSI_CHANGED flg=0x4000010 (has extras) } ordered=false userid=-1 callerApp=ProcessRecord{b0897a0 742:system/1000}
11-16 08:05:42.002   211  1187 I BufferQueueProducer: [StatusBar](this:0x70c0d44800,id:10,api:1,p:853,c:211) queueBuffer: fps=1.97 dur=1015.16 max=779.17 min=235.99
11-16 08:05:42.004   742   797 D AMEventHook: onEvent: AM_BeforeSendBroadcast
11-16 08:05:42.005   742   759 V BroadcastQueue: BDC-Processing parallel broadcast [background] BroadcastRecord{e2b5a7a u-1 android.net.wifi.RSSI_CHANGED}, 1 receivers
11-16 08:05:42.007   742   759 D BroadcastQueue: BDC-Delivering broadcast: Intent { act=android.net.wifi.RSSI_CHANGED flg=0x4000010 (has extras) }, queue=background, ordered=false, filter=BroadcastFilter{2184993 u0 ReceiverList{d19e82 853 com.android.systemui/10017/u0 remote:39e85cd}}, broadcastRecord=BroadcastRecord{e2b5a7a u-1 android.net.wifi.RSSI_CHANGED}, receiver=null, #0
11-16 08:05:42.008   742   759 D BroadcastQueue: Non-ordered [background] BroadcastRecord{e2b5a7a u-1 android.net.wifi.RSSI_CHANGED}, 1 receivers, Total: 3, Waiting: 1, Processing: 2
11-16 08:05:42.010   853  1252 D ActivityThread: BDC-Calling onReceive: intent=Intent { act=android.net.wifi.RSSI_CHANGED flg=0x4000010 (has extras) }, ordered=false, receiver=com.android.systemui.statusbar.policy.NetworkControllerImpl@d18c0d8, IIntentReceiver=2a54a6d
11-16 08:05:42.016   211   211 I DisplayDevice: [Built-in Screen (type:0)] fps:1.980361,dur:1009.92,max:779.30,min:230.61
11-16 08:05:42.487   203   203 I wmt_launcher: fw log ctrl flag has been set
11-16 08:05:42.488   203   203 I wmt_launcher: fw dynamic ctrl flag has been set
11-16 08:05:42.532   336   336 I sn      : Retry 15
11-16 08:05:42.532   336   336 I sn      : Fail to access err=2
11-16 08:05:42.533   336   336 I sn      : Fail to access err=2
11-16 08:05:42.533   336   336 I sn      : Fail to access err=2
11-16 08:05:42.533   336   336 I sn      : Check all possible paths
11-16 08:05:42.553   211   242 D SurfaceFlinger: [SF-WD] ERROR: open /dev/RT_Monitor failed.
11-16 08:05:42.553   211   242 D SurfaceFlinger: [SF-WD] ERROR: open /dev/RT_Monitor failed.
11-16 08:05:42.988   853   853 D NetworkController.WifiSignalController: Change in state from: connected=true,enabled=true,level=4,inetCondition=1,iconGroup=IconGroup(Wi-Fi Icons),activityIn=true,activityOut=true,rssi=-53,lastModified=11-16 08:05:41,ssid="75F"
11-16 08:05:42.988   853   853 D NetworkController.WifiSignalController: 	to: connected=true,enabled=true,level=4,inetCondition=1,iconGroup=IconGroup(Wi-Fi Icons),activityIn=true,activityOut=false,rssi=-53,lastModified=11-16 08:05:41,ssid="75F"
11-16 08:05:42.991   853   853 V DisplayEventReceiver: call nativeScheduleVsync mReceiverPtr = 547407001344
11-16 08:05:43.011   853   853 V ViewRootImpl[StatusBar]: ViewRoot performTraversals+ : mFirst = false, this = ViewRoot{e1a27df StatusBar,ident = 1}
11-16 08:05:43.015   853   853 V ViewRootImpl[StatusBar]: ViewRoot performTraversals and draw- : this = ViewRoot{e1a27df StatusBar,ident = 1} frame#56 (cancelDraw = false)
11-16 08:05:43.020   211   241 I BufferQueueProducer: [StatusBar](this:0x70c0d44800,id:10,api:1,p:853,c:211) queueBuffer: fps=0.98 dur=1017.67 max=1017.67 min=1017.67
11-16 08:05:43.031   211   211 I DisplayDevice: [Built-in Screen (type:0)] fps:0.985145,dur:1015.08,max:1015.08,min:1015.08
11-16 08:05:43.554   211   242 D SurfaceFlinger: [SF-WD] ERROR: open /dev/RT_Monitor failed.
11-16 08:05:43.554   211   242 D SurfaceFlinger: [SF-WD] ERROR: open /dev/RT_Monitor failed.
11-16 08:05:43.983  2039  2039 I ps      : type=1400 audit(0.0:16): avc: denied { getattr } for path="/proc/1" dev="proc" ino=1255 scontext=u:r:priv_app:s0:c512,c768 tcontext=u:r:init:s0 tclass=dir permissive=1
11-16 08:05:43.983  2039  2039 I ps      : type=1400 audit(0.0:17): avc: denied { search } for name="1" dev="proc" ino=1255 scontext=u:r:priv_app:s0:c512,c768 tcontext=u:r:init:s0 tclass=dir permissive=1
11-16 08:05:43.983  2039  2039 I ps      : type=1400 audit(0.0:18): avc: denied { read } for name="cmdline" dev="proc" ino=1616 scontext=u:r:priv_app:s0:c512,c768 tcontext=u:r:init:s0 tclass=file permissive=1
11-16 08:05:43.983  2039  2039 I ps      : type=1400 audit(0.0:19): avc: denied { open } for path="/proc/1/cmdline" dev="proc" ino=1616 scontext=u:r:priv_app:s0:c512,c768 tcontext=u:r:init:s0 tclass=file permissive=1
11-16 08:05:43.983  2039  2039 I ps      : type=1400 audit(0.0:20): avc: denied { getattr } for path="/proc/2" dev="proc" ino=16948 scontext=u:r:priv_app:s0:c512,c768 tcontext=u:r:kernel:s0 tclass=dir permissive=1
11-16 08:05:43.983  2039  2039 I ps      : type=1400 audit(0.0:21): avc: denied { search } for name="2" dev="proc" ino=16948 scontext=u:r:priv_app:s0:c512,c768 tcontext=u:r:kernel:s0 tclass=dir permissive=1
11-16 08:05:43.983  2039  2039 I ps      : type=1400 audit(0.0:22): avc: denied { read } for name="cmdline" dev="proc" ino=17105 scontext=u:r:priv_app:s0:c512,c768 tcontext=u:r:kernel:s0 tclass=file permissive=1
11-16 08:05:43.983  2039  2039 I ps      : type=1400 audit(0.0:23): avc: denied { open } for path="/proc/2/cmdline" dev="proc" ino=17105 scontext=u:r:priv_app:s0:c512,c768 tcontext=u:r:kernel:s0 tclass=file permissive=1
11-16 08:05:44.043  2039  2039 I ps      : type=1400 audit(0.0:24): avc: denied { getattr } for path="/proc/162" dev="proc" ino=8273 scontext=u:r:priv_app:s0:c512,c768 tcontext=u:r:ueventd:s0 tclass=dir permissive=1
11-16 08:05:44.043  2039  2039 I ps      : type=1400 audit(0.0:25): avc: denied { search } for name="162" dev="proc" ino=8273 scontext=u:r:priv_app:s0:c512,c768 tcontext=u:r:ueventd:s0 tclass=dir permissive=1
11-16 08:05:44.043  2039  2039 I ps      : type=1400 audit(0.0:26): avc: denied { read } for name="cmdline" dev="proc" ino=17829 scontext=u:r:priv_app:s0:c512,c768 tcontext=u:r:ueventd:s0 tclass=file permissive=1
11-16 08:05:44.043  2039  2039 I ps      : type=1400 audit(0.0:27): avc: denied { open } for path="/proc/162/cmdline" dev="proc" ino=17829 scontext=u:r:priv_app:s0:c512,c768 tcontext=u:r:ueventd:s0 tclass=file permissive=1
11-16 08:05:44.043  2039  2039 I ps      : type=1400 audit(0.0:28): avc: denied { getattr } for path="/proc/176" dev="proc" ino=8358 scontext=u:r:priv_app:s0:c512,c768 tcontext=u:r:logd:s0 tclass=dir permissive=1
11-16 08:05:44.043  2039  2039 I ps      : type=1400 audit(0.0:29): avc: denied { search } for name="176" dev="proc" ino=8358 scontext=u:r:priv_app:s0:c512,c768 tcontext=u:r:logd:s0 tclass=dir permissive=1
11-16 08:05:44.043  2039  2039 I ps      : type=1400 audit(0.0:30): avc: denied { read } for name="cmdline" dev="proc" ino=3050 scontext=u:r:priv_app:s0:c512,c768 tcontext=u:r:logd:s0 tclass=file permissive=1
11-16 08:05:44.043  2039  2039 I ps      : type=1400 audit(0.0:31): avc: denied { open } for path="/proc/176/cmdline" dev="proc" ino=3050 scontext=u:r:priv_app:s0:c512,c768 tcontext=u:r:logd:s0 tclass=file permissive=1
11-16 08:05:44.043  2039  2039 I ps      : type=1400 audit(0.0:32): avc: denied { getattr } for path="/proc/186" dev="proc" ino=1547 scontext=u:r:priv_app:s0:c512,c768 tcontext=u:r:vold:s0 tclass=dir permissive=1
11-16 08:05:44.043  2039  2039 I ps      : type=1400 audit(0.0:33): avc: denied { search } for name="186" dev="proc" ino=1547 scontext=u:r:priv_app:s0:c512,c768 tcontext=u:r:vold:s0 tclass=dir permissive=1
11-16 08:05:44.043  2039  2039 I ps      : type=1400 audit(0.0:34): avc: denied { read } for name="cmdline" dev="proc" ino=8421 scontext=u:r:priv_app:s0:c512,c768 tcontext=u:r:vold:s0 tclass=file permissive=1
11-16 08:05:44.053  2039  2039 I ps      : type=1400 audit(0.0:35): avc: denied { open } for path="/proc/186/cmdline" dev="proc" ino=8421 scontext=u:r:priv_app:s0:c512,c768 tcontext=u:r:vold:s0 tclass=file permissive=1
11-16 08:05:44.053  2039  2039 I ps      : type=1400 audit(0.0:36): avc: denied { getattr } for path="/proc/196" dev="proc" ino=3495 scontext=u:r:priv_app:s0:c512,c768 tcontext=u:r:kisd:s0 tclass=dir permissive=1
11-16 08:05:44.053  2039  2039 I ps      : type=1400 audit(0.0:37): avc: denied { search } for name="196" dev="proc" ino=3495 scontext=u:r:priv_app:s0:c512,c768 tcontext=u:r:kisd:s0 tclass=dir permissive=1
11-16 08:05:44.053  2039  2039 I ps      : type=1400 audit(0.0:38): avc: denied { read } for name="cmdline" dev="proc" ino=9310 scontext=u:r:priv_app:s0:c512,c768 tcontext=u:r:kisd:s0 tclass=file permissive=1
11-16 08:05:44.053  2039  2039 I ps      : type=1400 audit(0.0:39): avc: denied { open } for path="/proc/196/cmdline" dev="proc" ino=9310 scontext=u:r:priv_app:s0:c512,c768 tcontext=u:r:kisd:s0 tclass=file permissive=1
11-16 08:05:44.053  2039  2039 I ps      : type=1400 audit(0.0:40): avc: denied { getattr } for path="/proc/197" dev="proc" ino=3520 scontext=u:r:priv_app:s0:c512,c768 tcontext=u:r:tee:s0 tclass=dir permissive=1
11-16 08:05:44.053  2039  2039 I ps      : type=1400 audit(0.0:41): avc: denied { search } for name="197" dev="proc" ino=3520 scontext=u:r:priv_app:s0:c512,c768 tcontext=u:r:tee:s0 tclass=dir permissive=1
11-16 08:05:44.489   203   203 I wmt_launcher: fw log ctrl flag has been set
11-16 08:05:44.489   203   203 I wmt_launcher: fw dynamic ctrl flag has been set
11-16 08:05:44.554   211   242 D SurfaceFlinger: [SF-WD] ERROR: open /dev/RT_Monitor failed.
11-16 08:05:44.995   853   853 D NetworkController.WifiSignalController: Change in state from: connected=true,enabled=true,level=4,inetCondition=1,iconGroup=IconGroup(Wi-Fi Icons),activityIn=true,activityOut=false,rssi=-53,lastModified=11-16 08:05:42,ssid="75F"
11-16 08:05:44.995   853   853 D NetworkController.WifiSignalController: 	to: connected=true,enabled=true,level=4,inetCondition=1,iconGroup=IconGroup(Wi-Fi Icons),activityIn=false,activityOut=false,rssi=-53,lastModified=11-16 08:05:42,ssid="75F"
11-16 08:05:44.997   853   853 V DisplayEventReceiver: call nativeScheduleVsync mReceiverPtr = 547407001344
11-16 08:05:45.005   853   853 V ViewRootImpl[StatusBar]: ViewRoot performTraversals+ : mFirst = false, this = ViewRoot{e1a27df StatusBar,ident = 1}
11-16 08:05:45.008   853   853 V ViewRootImpl[StatusBar]: ViewRoot performTraversals and draw- : this = ViewRoot{e1a27df StatusBar,ident = 1} frame#57 (cancelDraw = false)
11-16 08:05:45.012   211  1369 I BufferQueueProducer: [StatusBar](this:0x70c0d44800,id:10,api:1,p:853,c:211) queueBuffer: fps=0.50 dur=1992.34 max=1992.34 min=1992.34
11-16 08:05:45.017   742   797 D WifiStateMachine:  ConnectedState !CMD_RSSI_POLL  rt=177020/177020 1 0 "75F" d0:15:a6:87:bd:12 rssi=-53 f=5180 sc=60 link=135 tx=1.3, 0.0, 0.0  rx=94.3 bcn=0 [on:0 tx:0 rx:0 period:2999] from screen [on:0 period:689005235] gl hn rssi=-48 ag=0 hr ticks 0,0,0 ls-=0 [56,56,56,56,61] brc=0 lrc=0 offload-stopped
11-16 08:05:45.024   211   211 I DisplayDevice: [Built-in Screen (type:0)] fps:0.501712,dur:1993.18,max:1993.18,min:1993.18
11-16 08:05:45.027   742   797 D WifiStateMachine:  L2ConnectedState !CMD_RSSI_POLL  rt=177038/177038 1 0 "75F" d0:15:a6:87:bd:12 rssi=-53 f=5180 sc=60 link=135 tx=1.3, 0.0, 0.0  rx=94.3 bcn=0 [on:0 tx:0 rx:0 period:13] from screen [on:0 period:689005248] gl hn rssi=-48 ag=0 hr ticks 0,0,0 ls-=0 [56,56,56,56,61] brc=0 lrc=0 offload-stopped
11-16 08:05:45.027   742   797 D WifiStateMachine:  get link layer stats 0
11-16 08:05:45.028   742   797 D WifiHW  : enter -->wifi_send_command cmd=IFNAME=wlan0 SIGNAL_POLL
11-16 08:05:45.029  1038  1038 D wpa_supplicant: wlan0: Control interface command 'SIGNAL_POLL'
11-16 08:05:45.054   742   797 D WifiHW  : leave --> reply=RSSI=-53
11-16 08:05:45.054   742   797 D WifiHW  : LINKSPEED=135
11-16 08:05:45.054   742   797 D WifiHW  : NOISE=9999
11-16 08:05:45.054   742   797 D WifiHW  : FREQUENCY=5180
11-16 08:05:45.054   742   797 D WifiHW  : 
11-16 08:05:45.055   742   797 D WifiStateMachine: fetchRssiLinkSpeedAndFrequencyNative rssi=-53 linkspeed=135 freq=5180
11-16 08:05:45.055   742   797 D WifiStateMachine: mLastSignalLevel:4, newSignalLevel:4
11-16 08:05:45.055   742   797 D WifiConfigManager: updateConfiguration freq=5180 BSSID=d0:15:a6:87:bd:12 RSSI=-52 "75F"WPA_PSK
11-16 08:05:45.060   742   797 D WifiStateMachine: calculateWifiScore freq=5180 speed=135 score=60 highRSSI  -> txbadrate=0.00 txgoodrate=0.63 txretriesrate=0.00 rxrate=50.15 userTriggerdPenalty0
11-16 08:05:45.061   742   797 D WifiStateMachine:  good link -> stuck count =0
11-16 08:05:45.063   742   797 D WifiStateMachine:  badRSSI count0 lowRSSI count0 --> score 56
11-16 08:05:45.063   742   797 D WifiStateMachine:  isHighRSSI       ---> score=61
11-16 08:05:45.066   742   797 V ActivityManager: Broadcast sticky: Intent { act=android.net.wifi.RSSI_CHANGED flg=0x4000010 (has extras) } ordered=false userid=-1 callerApp=ProcessRecord{b0897a0 742:system/1000}
11-16 08:05:45.067   742   797 D AMEventHook: onEvent: AM_BeforeSendBroadcast
11-16 08:05:45.068   742   759 V BroadcastQueue: BDC-Processing parallel broadcast [background] BroadcastRecord{262e22b u-1 android.net.wifi.RSSI_CHANGED}, 1 receivers
11-16 08:05:45.070   742   759 D BroadcastQueue: BDC-Delivering broadcast: Intent { act=android.net.wifi.RSSI_CHANGED flg=0x4000010 (has extras) }, queue=background, ordered=false, filter=BroadcastFilter{2184993 u0 ReceiverList{d19e82 853 com.android.systemui/10017/u0 remote:39e85cd}}, broadcastRecord=BroadcastRecord{262e22b u-1 android.net.wifi.RSSI_CHANGED}, receiver=null, #0
11-16 08:05:45.071   742   759 D BroadcastQueue: Non-ordered [background] BroadcastRecord{262e22b u-1 android.net.wifi.RSSI_CHANGED}, 1 receivers, Total: 2, Waiting: 0, Processing: 2
11-16 08:05:45.072   853  1252 D ActivityThread: BDC-Calling onReceive: intent=Intent { act=android.net.wifi.RSSI_CHANGED flg=0x4000010 (has extras) }, ordered=false, receiver=com.android.systemui.statusbar.policy.NetworkControllerImpl@d18c0d8, IIntentReceiver=2a54a6d
11-16 08:05:45.555   211   242 D SurfaceFlinger: [SF-WD] ERROR: open /dev/RT_Monitor failed.
11-16 08:05:45.555   211   242 D SurfaceFlinger: [SF-WD] ERROR: open /dev/RT_Monitor failed.
11-16 08:05:46.004   853   853 D NetworkController.WifiSignalController: Change in state from: connected=true,enabled=true,level=4,inetCondition=1,iconGroup=IconGroup(Wi-Fi Icons),activityIn=false,activityOut=false,rssi=-53,lastModified=11-16 08:05:44,ssid="75F"
11-16 08:05:46.004   853   853 D NetworkController.WifiSignalController: 	to: connected=true,enabled=true,level=4,inetCondition=1,iconGroup=IconGroup(Wi-Fi Icons),activityIn=true,activityOut=false,rssi=-53,lastModified=11-16 08:05:44,ssid="75F"
11-16 08:05:46.005   853   853 V DisplayEventReceiver: call nativeScheduleVsync mReceiverPtr = 547407001344
11-16 08:05:46.021   853   853 V ViewRootImpl[StatusBar]: ViewRoot performTraversals+ : mFirst = false, this = ViewRoot{e1a27df StatusBar,ident = 1}
11-16 08:05:46.023   853   853 V ViewRootImpl[StatusBar]: ViewRoot performTraversals and draw- : this = ViewRoot{e1a27df StatusBar,ident = 1} frame#58 (cancelDraw = false)
11-16 08:05:46.028   211   284 I BufferQueueProducer: [StatusBar](this:0x70c0d44800,id:10,api:1,p:853,c:211) queueBuffer: fps=0.98 dur=1016.34 max=1016.34 min=1016.34
11-16 08:05:46.040   211   211 I DisplayDevice: [Built-in Screen (type:0)] fps:0.983931,dur:1016.33,max:1016.33,min:1016.33
11-16 08:05:46.491   203   203 I wmt_launcher: fw log ctrl flag has been set
11-16 08:05:46.491   203   203 I wmt_launcher: fw dynamic ctrl flag has been set
11-16 08:05:46.556   211   242 D SurfaceFlinger: [SF-WD] ERROR: open /dev/RT_Monitor failed.
11-16 08:05:46.556   211   242 D SurfaceFlinger: [SF-WD] ERROR: open /dev/RT_Monitor failed.
11-16 08:05:47.556   211   242 D SurfaceFlinger: [SF-WD] ERROR: open /dev/RT_Monitor failed.
11-16 08:05:48.076   742   797 D WifiStateMachine:  ConnectedState !CMD_RSSI_POLL  rt=180089/180089 1 0 "75F" d0:15:a6:87:bd:12 rssi=-53 f=5180 sc=60 link=135 tx=0.6, 0.0, 0.0  rx=50.2 bcn=0 [on:0 tx:0 rx:0 period:3000] from screen [on:0 period:689008298] gl hn rssi=-48 ag=0 hr ticks 0,0,0 ls-=0 [56,56,56,56,61] brc=0 lrc=0 offload-stopped
11-16 08:05:48.086   742   797 D WifiStateMachine:  L2ConnectedState !CMD_RSSI_POLL  rt=180097/180097 1 0 "75F" d0:15:a6:87:bd:12 rssi=-53 f=5180 sc=60 link=135 tx=0.6, 0.0, 0.0  rx=50.2 bcn=0 [on:0 tx:0 rx:0 period:9] from screen [on:0 period:689008307] gl hn rssi=-48 ag=0 hr ticks 0,0,0 ls-=0 [56,56,56,56,61] brc=0 lrc=0 offload-stopped
11-16 08:05:48.086   742   797 D WifiStateMachine:  get link layer stats 0
11-16 08:05:48.087   742   797 D WifiHW  : enter -->wifi_send_command cmd=IFNAME=wlan0 SIGNAL_POLL
11-16 08:05:48.088  1038  1038 D wpa_supplicant: wlan0: Control interface command 'SIGNAL_POLL'
11-16 08:05:48.111   742   797 D WifiHW  : leave --> reply=RSSI=-53
11-16 08:05:48.111   742   797 D WifiHW  : LINKSPEED=135
11-16 08:05:48.111   742   797 D WifiHW  : NOISE=9999
11-16 08:05:48.111   742   797 D WifiHW  : FREQUENCY=5180
11-16 08:05:48.111   742   797 D WifiHW  : 
11-16 08:05:48.112   742   797 D WifiStateMachine: fetchRssiLinkSpeedAndFrequencyNative rssi=-53 linkspeed=135 freq=5180
11-16 08:05:48.112   742   797 D WifiStateMachine: mLastSignalLevel:4, newSignalLevel:4
