11-16 08:04:50.660   742  1339 D PowerManagerNotifier: onWakeLockAcquired: flags=1, tag="ScheduleNextAlarmWakeLock", packageName=com.android.providers.calendar, ownerUid=10002, ownerPid=1684, workSource=null
11-16 08:04:50.661   742  1339 D AppOps  : startOperation: allowing code 40 uid 10002 package com.android.providers.calendar
11-16 08:04:50.665   742   753 D ActivityManager: SVC-startService: Intent { act=com.android.providers.calendar.intent.CalendarProvider2 flg=0x14 cmp=com.android.providers.calendar/.CalendarProviderIntentService (has extras) } callerApp=ProcessRecord{75df5bb 1684:com.android.providers.calendar/u0a2}
11-16 08:04:50.668   742   753 D AppOps  : noteOperation: allowing code 63 uid 10002 package com.android.providers.calendar
11-16 08:04:50.669   742   753 V ActivityManager: >>> EXECUTING create of ServiceRecord{a20e380 u0 com.android.providers.calendar/.CalendarProviderIntentService} in app ProcessRecord{75df5bb 1684:com.android.providers.calendar/u0a2}
11-16 08:04:50.682   742   753 D ActivityManager: AMS Creating service ServiceRecord{a20e380 u0 com.android.providers.calendar/.CalendarProviderIntentService}
11-16 08:04:50.683   742   753 V ActivityManager: Sending arguments to: ServiceRecord{a20e380 u0 com.android.providers.calendar/.CalendarProviderIntentService} android.content.Intent$FilterComparison@3c741991 args=Intent { act=com.android.providers.calendar.intent.CalendarProvider2 flg=0x14 cmp=com.android.providers.calendar/.CalendarProviderIntentService (has extras) }
11-16 08:04:50.684   742   753 V ActivityManager: >>> EXECUTING start of ServiceRecord{a20e380 u0 com.android.providers.calendar/.CalendarProviderIntentService} in app ProcessRecord{75df5bb 1684:com.android.providers.calendar/u0a2}
11-16 08:04:50.685   742   753 D ActivityManager: SVC-Sent arguments: ServiceRecord{a20e380 u0 com.android.providers.calendar/.CalendarProviderIntentService}, app=ProcessRecord{75df5bb 1684:com.android.providers.calendar/u0a2}, args=Intent { act=com.android.providers.calendar.intent.CalendarProvider2 flg=0x14 cmp=com.android.providers.calendar/.CalendarProviderIntentService (has extras) }, flags=0
11-16 08:04:50.690   742   834 V ActivityManager: BDC-Finish receiver: android.os.BinderProxy@d82cad8
11-16 08:04:50.691   742   834 D ActivityManager: BroadcastRecord{7bf0b2 u0 com.android.providers.calendar.intent.CalendarProvider2}, spend: 47, android.os.BinderProxy@d82cad8, ActivityInfo{3c7e803 com.android.providers.calendar.CalendarProviderBroadcastReceiver}
11-16 08:04:50.692   742   834 I BroadcastQueue: BDC-Finishing broadcast [background] com.android.providers.calendar.intent.CalendarProvider2 app=null receiver=android.app.PendingIntent$FinishedDispatcher@a520db9
11-16 08:04:50.693   742   834 D BroadcastQueue: Ordered [background] BroadcastRecord{7bf0b2 u0 com.android.providers.calendar.intent.CalendarProvider2}, 1 receivers, Total: 49, Waiting: 0, Processing: 49
11-16 08:04:50.697   742   742 D AlarmManager: onSendFinished begin
11-16 08:04:50.698   742   742 D PowerManagerNotifier: onWakeLockReleased: flags=1, tag="*alarm*", packageName=android, ownerUid=1000, ownerPid=742, workSource=WorkSource{10002}
11-16 08:04:50.703  1684  1684 D ActivityThread: RECEIVER handled : 0 / ReceiverData{intent=Intent { act=com.android.providers.calendar.intent.CalendarProvider2 flg=0x14 cmp=com.android.providers.calendar/.CalendarProviderIntentService (has extras) } packageName=com.android.providers.calendar resultCode=-1 resultData=null resultExtras=null}
11-16 08:04:50.704  1684  1684 V ActivityThread: SVC-Creating service CreateServiceData{token=android.os.BinderProxy@f643559 className=com.android.providers.calendar.CalendarProviderIntentService packageName=com.android.providers.calendar intent=null}
11-16 08:04:50.711  1684  1684 D ActivityThread: CREATE_SERVICE handled : 0 / CreateServiceData{token=android.os.BinderProxy@f643559 className=com.android.providers.calendar.CalendarProviderIntentService packageName=com.android.providers.calendar intent=null}
11-16 08:04:50.711  1684  1684 D ActivityThread: SVC-Calling onStartCommand: com.android.providers.calendar.CalendarProviderIntentService@1c2051e, flags=0, startId=1
11-16 08:04:50.712  1684  1684 D ActivityThread: SERVICE_ARGS handled : 0 / ServiceArgsData{token=android.os.BinderProxy@f643559 startId=1 args=Intent { act=com.android.providers.calendar.intent.CalendarProvider2 flg=0x14 cmp=com.android.providers.calendar/.CalendarProviderIntentService (has extras) }}
11-16 08:04:50.714   742   834 D ActivityManager: SVC-Executing service done: ServiceRecord{a20e380 u0 com.android.providers.calendar/.CalendarProviderIntentService}, type=0, startId=0, res=0
11-16 08:04:50.714   742   834 V ActivityManager: <<< DONE EXECUTING ServiceRecord{a20e380 u0 com.android.providers.calendar/.CalendarProviderIntentService}: nesting=2, inDestroying=false, app=ProcessRecord{75df5bb 1684:com.android.providers.calendar/u0a2}
11-16 08:04:50.717  1684  2034 D SQLiteDatabase: beginTransaction()
11-16 08:04:50.724   742   754 D AppOps  : noteOperation: allowing code 8 uid 10002 package com.android.providers.calendar
11-16 08:04:50.730   742   834 D ActivityManager: SVC-Executing service done: ServiceRecord{a20e380 u0 com.android.providers.calendar/.CalendarProviderIntentService}, type=1, startId=1, res=2
11-16 08:04:50.730   742   834 V ActivityManager: <<< DONE EXECUTING ServiceRecord{a20e380 u0 com.android.providers.calendar/.CalendarProviderIntentService}: nesting=1, inDestroying=false, app=ProcessRecord{75df5bb 1684:com.android.providers.calendar/u0a2}
11-16 08:04:50.735  1684  1695 I art     : Enter while loop.
11-16 08:04:50.746  1684  1693 E ProviderLeakDetecter: bad request for cursor:8026375.
11-16 08:04:50.766   742   754 D AlarmManager: manual remove option = PendingIntent{b3465fe: PendingIntentRecord{b48c0a7 com.android.providers.calendar broadcastIntent}}
11-16 08:04:50.767   742   754 D AlarmManager: remove(operation) changed bounds; rebatching operation = PendingIntent{b3465fe: PendingIntentRecord{b48c0a7 com.android.providers.calendar broadcastIntent}}
11-16 08:04:50.767   742   754 D AlarmManager:  whichBatch = -1
11-16 08:04:50.767   742   754 D AlarmManager:  whichBatch = -1
11-16 08:04:50.767   742   754 D AlarmManager:  whichBatch = -1
11-16 08:04:50.767   742   754 D AlarmManager:  whichBatch = -1
11-16 08:04:50.767   742   754 D AlarmManager:  whichBatch = -1
11-16 08:04:50.767   742   754 D AlarmManager:  whichBatch = -1
11-16 08:04:50.768   742   754 D AlarmManager:  whichBatch = -1
11-16 08:04:50.768   742   754 D AlarmManager:  whichBatch = -1
11-16 08:04:50.768   742   754 D AlarmManager:  whichBatch = -1
11-16 08:04:50.768   742   754 D AlarmManager:  whichBatch = -1
11-16 08:04:50.768   742   754 D AlarmManager:  whichBatch = -1
11-16 08:04:50.768   742   754 D AlarmManager:  whichBatch = -1
11-16 08:04:50.769   742   754 D AlarmManager:  whichBatch = -1
11-16 08:04:50.771   742   754 D AlarmManager:  whichBatch = -1
11-16 08:04:50.773   742   754 D AlarmManager:  whichBatch = -1
11-16 08:04:50.781   742   834 V AlarmManager: APP set(PendingIntent{cd7015f: PendingIntentRecord{870b7ac com.android.providers.calendar broadcastIntent}}) : type=0 triggerAtTime=1637150750722 win=0 tElapsed=79382743 maxElapsed=79382743 interval=0 flags=0x1
11-16 08:04:50.784   742   834 D AppOps  : noteOperation: allowing code 63 uid 10002 package com.android.providers.calendar
11-16 08:04:50.785   742   834 D AlarmManager:  whichBatch = -1
11-16 08:04:50.788  1684  2034 D SQLiteDatabase: endTransaction()
11-16 08:04:50.791   742   979 D PowerManagerNotifier: onWakeLockReleased: flags=1, tag="ScheduleNextAlarmWakeLock", packageName=com.android.providers.calendar, ownerUid=10002, ownerPid=1684, workSource=null
11-16 08:04:50.796   742   879 V ActivityManager: >>> EXECUTING destroy of ServiceRecord{a20e380 u0 com.android.providers.calendar/.CalendarProviderIntentService} in app ProcessRecord{75df5bb 1684:com.android.providers.calendar/u0a2}
11-16 08:04:50.800  1684  1684 V ActivityThread: SVC-Destroying service com.android.providers.calendar.CalendarProviderIntentService@1c2051e
11-16 08:04:50.802   742  1473 D ActivityManager: SVC-Executing service done: ServiceRecord{a20e380 u0 com.android.providers.calendar/.CalendarProviderIntentService}, type=2, startId=0, res=0
11-16 08:04:50.803   742  1473 V ActivityManager: <<< DONE EXECUTING ServiceRecord{a20e380 u0 com.android.providers.calendar/.CalendarProviderIntentService}: nesting=1, inDestroying=true, app=ProcessRecord{75df5bb 1684:com.android.providers.calendar/u0a2}
11-16 08:04:50.809  1684  1684 D ActivityThread: STOP_SERVICE handled : 0 / android.os.BinderProxy@f643559
11-16 08:04:50.810  1684  1684 D ActivityThread: CLEAN_UP_CONTEXT handled : 0 / android.app.ActivityThread$ContextCleanupInfo@c803bcc
11-16 08:04:50.947   742  1476 D BatteryService: mBatteryVoltage=3649, batteryLevel=50
11-16 08:04:50.949   742   742 V ActivityManager: Broadcast sticky: Intent { act=android.intent.action.BATTERY_CHANGED flg=0x60000010 (has extras) } ordered=false userid=-1 callerApp=null
11-16 08:04:50.951   742   742 D AMEventHook: onEvent: AM_BeforeSendBroadcast
11-16 08:04:50.952   742   759 V BroadcastQueue: BDC-Processing parallel broadcast [background] BroadcastRecord{b6ce40a u-1 android.intent.action.BATTERY_CHANGED}, 12 receivers
11-16 08:04:50.954   742   759 D BroadcastQueue: BDC-Delivering broadcast: Intent { act=android.intent.action.BATTERY_CHANGED flg=0x60000010 (has extras) }, queue=background, ordered=false, filter=BroadcastFilter{957da49 u0 ReceiverList{e42c850 742 system/1000/u0 local:c821e13}}, broadcastRecord=BroadcastRecord{b6ce40a u-1 android.intent.action.BATTERY_CHANGED}, receiver=null, #0
11-16 08:04:50.955   742   769 D ActivityThread: BDC-Calling onReceive: intent=Intent { act=android.intent.action.BATTERY_CHANGED flg=0x60000010 (has extras) }, ordered=false, receiver=com.android.server.power.PowerManagerService$BatteryReceiver@323f502, IIntentReceiver=c821e13
11-16 08:04:50.956   742   759 D BroadcastQueue: BDC-Delivering broadcast: Intent { act=android.intent.action.BATTERY_CHANGED flg=0x60000010 (has extras) }, queue=background, ordered=false, filter=BroadcastFilter{74876af u0 ReceiverList{7781e8e 742 system/1000/u0 local:b860e89}}, broadcastRecord=BroadcastRecord{b6ce40a u-1 android.intent.action.BATTERY_CHANGED}, receiver=null, #1
11-16 08:04:50.957   742   742 D ActivityThread: BDC-Calling onReceive: intent=Intent { act=android.intent.action.BATTERY_CHANGED flg=0x60000010 (has extras) }, ordered=false, receiver=com.android.server.UiModeManagerService$3@6b42590, IIntentReceiver=b860e89
11-16 08:04:50.958   742   759 D BroadcastQueue: BDC-Delivering broadcast: Intent { act=android.intent.action.BATTERY_CHANGED flg=0x60000010 (has extras) }, queue=background, ordered=false, filter=BroadcastFilter{8bc745c u0 ReceiverList{c1e02cf 742 system/1000/u0 local:a79c72e}}, broadcastRecord=BroadcastRecord{b6ce40a u-1 android.intent.action.BATTERY_CHANGED}, receiver=null, #2
11-16 08:04:50.959   742   742 D ActivityThread: BDC-Calling onReceive: intent=Intent { act=android.intent.action.BATTERY_CHANGED flg=0x60000010 (has extras) }, ordered=false, receiver=com.android.server.DeviceIdleController$1@c9875a9, IIntentReceiver=a79c72e
11-16 08:04:50.960   742   759 D BroadcastQueue: BDC-Delivering broadcast: Intent { act=android.intent.action.BATTERY_CHANGED flg=0x60000010 (has extras) }, queue=background, ordered=false, filter=BroadcastFilter{ceb3dbf u0 ReceiverList{7fc57de 742 system/1000/u0 local:b1d1b19}}, broadcastRecord=BroadcastRecord{b6ce40a u-1 android.intent.action.BATTERY_CHANGED}, receiver=null, #3
11-16 08:04:50.961   742   742 D ActivityThread: BDC-Calling onReceive: intent=Intent { act=android.intent.action.BATTERY_CHANGED flg=0x60000010 (has extras) }, ordered=false, receiver=com.android.server.wifi.WifiServiceImpl$1@9e44a60, IIntentReceiver=b1d1b19
11-16 08:04:50.962   742   742 D WifiService: onReceive, action:android.intent.action.BATTERY_CHANGED
11-16 08:04:50.962   742   759 D BroadcastQueue: BDC-Delivering broadcast: Intent { act=android.intent.action.BATTERY_CHANGED flg=0x60000010 (has extras) }, queue=background, ordered=false, filter=BroadcastFilter{34b11fd u0 ReceiverList{86dfe54 853 com.android.systemui/10017/u0 remote:b0819a7}}, broadcastRecord=BroadcastRecord{b6ce40a u-1 android.intent.action.BATTERY_CHANGED}, receiver=null, #4
11-16 08:04:50.962   742   796 D WifiController: DeviceActiveState{ when=0 what=155652 arg1=2 target=com.android.internal.util.StateMachine$SmHandler }
11-16 08:04:50.963   742   796 D WifiController: StaEnabledState{ when=0 what=155652 arg1=2 target=com.android.internal.util.StateMachine$SmHandler }
11-16 08:04:50.963   742   796 D WifiController: DefaultState{ when=-1ms what=155652 arg1=2 target=com.android.internal.util.StateMachine$SmHandler }
11-16 08:04:50.963   742   796 D WifiController: battery changed pluggedType: 2
11-16 08:04:50.964   853   853 D ActivityThread: BDC-Calling onReceive: intent=Intent { act=android.intent.action.BATTERY_CHANGED flg=0x60000010 (has extras) }, ordered=false, receiver=com.android.keyguard.KeyguardUpdateMonitor$3@2b7b52b, IIntentReceiver=6d909b0
11-16 08:04:50.964   853   853 D KeyguardUpdateMonitor: received broadcast android.intent.action.BATTERY_CHANGED
11-16 08:04:50.965   742   759 D BroadcastQueue: BDC-Delivering broadcast: Intent { act=android.intent.action.BATTERY_CHANGED flg=0x60000010 (has extras) }, queue=background, ordered=false, filter=BroadcastFilter{a4afb32 u0 ReceiverList{3c5a73d 742 system/1000/u0 local:b0ca094}}, broadcastRecord=BroadcastRecord{b6ce40a u-1 android.intent.action.BATTERY_CHANGED}, receiver=null, #5
11-16 08:04:50.965   853   853 D KeyguardUpdateMonitor: handleBatteryUpdate
11-16 08:04:50.966   742   742 D ActivityThread: BDC-Calling onReceive: intent=Intent { act=android.intent.action.BATTERY_CHANGED flg=0x60000010 (has extras) }, ordered=false, receiver=com.mediatek.lbsutils.LbsUtils$1@1cbdaa6, IIntentReceiver=b0ca094
11-16 08:04:50.967   742   759 D BroadcastQueue: BDC-Delivering broadcast: Intent { act=android.intent.action.BATTERY_CHANGED flg=0x60000010 (has extras) }, queue=background, ordered=false, filter=BroadcastFilter{21002d4 u0 ReceiverList{2956027 853 com.android.systemui/10017/u0 remote:ed962e6}}, broadcastRecord=BroadcastRecord{b6ce40a u-1 android.intent.action.BATTERY_CHANGED}, receiver=null, #6
11-16 08:04:50.969   853   853 D ActivityThread: BDC-Calling onReceive: intent=Intent { act=android.intent.action.BATTERY_CHANGED flg=0x60000010 (has extras) }, ordered=false, receiver=com.android.systemui.power.PowerUI$Receiver@8d23bd6, IIntentReceiver=ef44125
11-16 08:04:50.970   742   759 D BroadcastQueue: BDC-Delivering broadcast: Intent { act=android.intent.action.BATTERY_CHANGED flg=0x60000010 (has extras) }, queue=background, ordered=false, filter=BroadcastFilter{d727f17 u0 ReceiverList{eece796 1153 com.android.phone/1001/u0 remote:7ebb6b1}}, broadcastRecord=BroadcastRecord{b6ce40a u-1 android.intent.action.BATTERY_CHANGED}, receiver=null, #7
11-16 08:04:50.972  1153  1153 D ActivityThread: BDC-Calling onReceive: intent=Intent { act=android.intent.action.BATTERY_CHANGED flg=0x60000010 (has extras) }, ordered=false, receiver=com.mediatek.internal.telephony.dataconnection.FdManager$1@6a372a7, IIntentReceiver=bb2667b
11-16 08:04:50.972   742   759 D BroadcastQueue: BDC-Delivering broadcast: Intent { act=android.intent.action.BATTERY_CHANGED flg=0x60000010 (has extras) }, queue=background, ordered=false, filter=BroadcastFilter{de1536e u0 ReceiverList{c718ae9 853 com.android.systemui/10017/u0 remote:285770}}, broadcastRecord=BroadcastRecord{b6ce40a u-1 android.intent.action.BATTERY_CHANGED}, receiver=null, #8
11-16 08:04:50.974   853   853 D ActivityThread: BDC-Calling onReceive: intent=Intent { act=android.intent.action.BATTERY_CHANGED flg=0x60000010 (has extras) }, ordered=false, receiver=com.android.systemui.statusbar.policy.BatteryControllerImpl@98ac84a, IIntentReceiver=72050a
11-16 08:04:50.975   742   759 D BroadcastQueue: BDC-Delivering broadcast: Intent { act=android.intent.action.BATTERY_CHANGED flg=0x60000010 (has extras) }, queue=background, ordered=false, filter=BroadcastFilter{d042018 u0 ReceiverList{9e657fb 1304 com.android.bluetooth/1002/u0 remote:57ec58a}}, broadcastRecord=BroadcastRecord{b6ce40a u-1 android.intent.action.BATTERY_CHANGED}, receiver=null, #9
11-16 08:04:50.975   853   853 D BatteryMeterDrawable: onBatteryLevelChanged level:1,plugedIn:true,charging:true
11-16 08:04:50.975   853   853 D BatteryMeterDrawable: onBatteryLevelChanged level:1,plugedIn:true,charging:true
11-16 08:04:50.976   853   853 V DisplayEventReceiver: call nativeScheduleVsync mReceiverPtr = 547407001344
11-16 08:04:50.977   742   759 D BroadcastQueue: BDC-Delivering broadcast: Intent { act=android.intent.action.BATTERY_CHANGED flg=0x60000010 (has extras) }, queue=background, ordered=false, filter=BroadcastFilter{8858b03 u0 ReceiverList{eee3fb2 1424 com.mediatek.dongle/1001/u0 remote:8912dbd}}, broadcastRecord=BroadcastRecord{b6ce40a u-1 android.intent.action.BATTERY_CHANGED}, receiver=null, #10
11-16 08:04:50.978  1304  1304 D ActivityThread: BDC-Calling onReceive: intent=Intent { act=android.intent.action.BATTERY_CHANGED flg=0x60000010 (has extras) }, ordered=false, receiver=com.android.bluetooth.hfp.HeadsetService$1@785552a, IIntentReceiver=cee5171
11-16 08:04:50.978  1304  1420 D HeadsetStateMachine: Disconnected process message: 10, size: 0
11-16 08:04:50.979   742   759 D AppOps  : noteOperation: allowing code 63 uid 10007 package com.android.providers.media
11-16 08:04:50.980  1424  1424 D ActivityThread: BDC-Calling onReceive: intent=Intent { act=android.intent.action.BATTERY_CHANGED flg=0x60000010 (has extras) }, ordered=false, receiver=com.android.internal.tedongle.RIL$2@1205c17, IIntentReceiver=34593ad
11-16 08:04:50.981   742   759 D BroadcastQueue: BDC-Delivering broadcast: Intent { act=android.intent.action.BATTERY_CHANGED flg=0x60000010 (has extras) }, queue=background, ordered=false, filter=BroadcastFilter{15b7105 u0 ReceiverList{8e7d47c 1575 android.process.media/10007/u0 remote:5984f6f}}, broadcastRecord=BroadcastRecord{b6ce40a u-1 android.intent.action.BATTERY_CHANGED}, receiver=null, #11
11-16 08:04:50.982   853   853 V ViewRootImpl[StatusBar]: ViewRoot performTraversals+ : mFirst = false, this = ViewRoot{e1a27df StatusBar,ident = 1}
11-16 08:04:50.982   742   759 D BroadcastQueue: Non-ordered [background] BroadcastRecord{b6ce40a u-1 android.intent.action.BATTERY_CHANGED}, 12 receivers, Total: 31, Waiting: 1, Processing: 30
11-16 08:04:50.983  1575  1575 D ActivityThread: BDC-Calling onReceive: intent=Intent { act=android.intent.action.BATTERY_CHANGED flg=0x60000010 (has extras) }, ordered=false, receiver=android.mtp.MtpDatabase$1@ecf3606, IIntentReceiver=8022663
11-16 08:04:50.984   853   853 V ViewRootImpl[StatusBar]: ViewRoot performTraversals and draw- : this = ViewRoot{e1a27df StatusBar,ident = 1} frame#36 (cancelDraw = false)
11-16 08:04:50.987   211   284 I BufferQueueProducer: [StatusBar](this:0x70c0d44800,id:10,api:1,p:853,c:211) queueBuffer: fps=0.87 dur=1147.85 max=1147.85 min=1147.85
11-16 08:04:50.991  1575  1586 I art     : Enter while loop.
11-16 08:04:50.999   211   211 I DisplayDevice: [Built-in Screen (type:0)] fps:0.884003,dur:1131.22,max:1131.22,min:1131.22
11-16 08:04:51.245   742   742 D SettingsInterface:  from settings cache , name = sys_free_storage_log_interval , value = null
11-16 08:04:51.245   742   742 D SettingsInterface:  from settings cache , name = disk_free_change_reporting_threshold , value = null
11-16 08:04:51.526   211   242 D SurfaceFlinger: [SF-WD] ERROR: open /dev/RT_Monitor failed.
11-16 08:04:51.526   211   242 D SurfaceFlinger: [SF-WD] ERROR: open /dev/RT_Monitor failed.
11-16 08:04:51.728   742   779 D AlarmManager: set alarm to RTC 150118
11-16 08:04:51.729   742   779 D AlarmManager: set alarm to RTC 132020
11-16 08:04:51.729   742   779 V AlarmManager: dataShapingManager is null
11-16 08:04:51.730   742   779 V AlarmManager: openLteGateSuccess = false
11-16 08:04:51.730   742   779 D AlarmManager: wakeup alarm = Alarm{36dea62 type 2 when 123749 android}; listener package = *job.delay*needGrouping = false
11-16 08:04:51.733   742   779 D PowerManagerNotifier: onWakeLockAcquired: flags=1, tag="*alarm*", packageName=android, ownerUid=1000, ownerPid=742, workSource=WorkSource{1000}
11-16 08:04:51.735   742   779 D AlarmManager: wakeup alarm = Alarm{f42cb0 type 2 when 123749 android}; listener package = *job.deadline*needGrouping = false
11-16 08:04:51.736   742   742 V AlarmManager: APP set with listener(*job.delay*) : type=2 triggerAtTime=14984236 win=-1 tElapsed=14984236 maxElapsed=26129598 interval=0 flags=0x0
11-16 08:04:51.738   742   742 D AlarmManager:  whichBatch = -1
11-16 08:04:51.748   742   742 V ActivityManager: bindService: Intent { cmp=android/com.android.server.pm.BackgroundDexOptService } type=null conn=android.app.LoadedApk$ServiceDispatcher$InnerConnection@db4d729 flags=0x5 callerApp=ProcessRecord{b0897a0 742:system/1000}
11-16 08:04:51.752   742   742 V ActivityManager: >>> EXECUTING create of ServiceRecord{669004f u0 android/com.android.server.pm.BackgroundDexOptService} in app ProcessRecord{b0897a0 742:system/1000}
11-16 08:04:51.763   742   742 D ActivityManager: AMS Creating service ServiceRecord{669004f u0 android/com.android.server.pm.BackgroundDexOptService}
11-16 08:04:51.764   742   742 V ActivityManager: >>> EXECUTING bind of ServiceRecord{669004f u0 android/com.android.server.pm.BackgroundDexOptService} in app ProcessRecord{b0897a0 742:system/1000}
11-16 08:04:51.765   742   742 D ActivityManager: SVC-Binding service: ServiceRecord{669004f u0 android/com.android.server.pm.BackgroundDexOptService}, app=ProcessRecord{b0897a0 742:system/1000}, activity=null
11-16 08:04:51.771   742   742 V AlarmManager: APP set with listener(*job.deadline*) : type=2 triggerAtTime=43284902 win=-1 tElapsed=43284902 maxElapsed=75655734 interval=0 flags=0x0
11-16 08:04:51.772   742   742 D AlarmManager:  whichBatch = -1
11-16 08:04:51.773   742   742 D PowerManagerNotifier: onWakeLockReleased: flags=1, tag="*alarm*", packageName=android, ownerUid=1000, ownerPid=742, workSource=WorkSource{1000}
11-16 08:04:51.775   742   742 V ActivityThread: SVC-Creating service CreateServiceData{token=ServiceRecord{669004f u0 android/com.android.server.pm.BackgroundDexOptService} className=com.android.server.pm.BackgroundDexOptService packageName=android intent=null}
11-16 08:04:51.775   742   742 D ActivityManager: SVC-Executing service done: ServiceRecord{669004f u0 android/com.android.server.pm.BackgroundDexOptService}, type=0, startId=0, res=0
11-16 08:04:51.776   742   742 V ActivityManager: <<< DONE EXECUTING ServiceRecord{669004f u0 android/com.android.server.pm.BackgroundDexOptService}: nesting=2, inDestroying=false, app=ProcessRecord{b0897a0 742:system/1000}
11-16 08:04:51.776   742   742 D ActivityThread: CREATE_SERVICE handled : 0 / CreateServiceData{token=ServiceRecord{669004f u0 android/com.android.server.pm.BackgroundDexOptService} className=com.android.server.pm.BackgroundDexOptService packageName=android intent=null}
11-16 08:04:51.777   742   742 V ActivityManager: <<< DONE EXECUTING ServiceRecord{669004f u0 android/com.android.server.pm.BackgroundDexOptService}: nesting=1, inDestroying=false, app=ProcessRecord{b0897a0 742:system/1000}
11-16 08:04:51.778   742   742 D ActivityThread: BIND_SERVICE handled : 0 / BindServiceData{token=ServiceRecord{669004f u0 android/com.android.server.pm.BackgroundDexOptService} intent=Intent { cmp=android/com.android.server.pm.BackgroundDexOptService }}
11-16 08:04:51.786   742   742 D PowerManagerNotifier: onWakeLockAcquired: flags=1, tag="*job*/android/com.android.server.pm.BackgroundDexOptService", packageName=android, ownerUid=1000, ownerPid=742, workSource=WorkSource{1000}
11-16 08:04:51.795   742   742 D PowerManagerNotifier: onWakeLockReleased: flags=1, tag="*job*/android/com.android.server.pm.BackgroundDexOptService", packageName=android, ownerUid=1000, ownerPid=742, workSource=WorkSource{1000}
11-16 08:04:51.796   742   742 D ActivityManager: SVC-Unbinding service: ServiceRecord{669004f u0 android/com.android.server.pm.BackgroundDexOptService}, app=ProcessRecord{b0897a0 742:system/1000}
11-16 08:04:51.796   742   742 V ActivityManager: >>> EXECUTING unbind of ServiceRecord{669004f u0 android/com.android.server.pm.BackgroundDexOptService} in app ProcessRecord{b0897a0 742:system/1000}
11-16 08:04:51.797   742   742 V ActivityManager: >>> EXECUTING destroy of ServiceRecord{669004f u0 android/com.android.server.pm.BackgroundDexOptService} in app ProcessRecord{b0897a0 742:system/1000}
11-16 08:04:51.799   742   742 D ActivityManager: SVC-Executing service done: ServiceRecord{669004f u0 android/com.android.server.pm.BackgroundDexOptService}, type=0, startId=0, res=0
11-16 08:04:51.800   742   742 V ActivityManager: <<< DONE EXECUTING ServiceRecord{669004f u0 android/com.android.server.pm.BackgroundDexOptService}: nesting=2, inDestroying=true, app=ProcessRecord{b0897a0 742:system/1000}
11-16 08:04:51.800   742   742 D ActivityThread: UNBIND_SERVICE handled : 0 / BindServiceData{token=ServiceRecord{669004f u0 android/com.android.server.pm.BackgroundDexOptService} intent=Intent { cmp=android/com.android.server.pm.BackgroundDexOptService }}
11-16 08:04:51.801   742   742 V ActivityThread: SVC-Destroying service com.android.server.pm.BackgroundDexOptService@e5f526b
11-16 08:04:51.802   742   742 D ActivityManager: SVC-Executing service done: ServiceRecord{669004f u0 android/com.android.server.pm.BackgroundDexOptService}, type=2, startId=0, res=0
11-16 08:04:51.802   742   742 V ActivityManager: <<< DONE EXECUTING ServiceRecord{669004f u0 android/com.android.server.pm.BackgroundDexOptService}: nesting=1, inDestroying=true, app=ProcessRecord{b0897a0 742:system/1000}
11-16 08:04:51.803   742   742 D ActivityThread: STOP_SERVICE handled : 0 / ServiceRecord{669004f u0 android/com.android.server.pm.BackgroundDexOptService}
11-16 08:04:51.807   742   742 D ActivityThread: CLEAN_UP_CONTEXT handled : 0 / android.app.ActivityThread$ContextCleanupInfo@374e1c8
11-16 08:04:51.944   742   797 D WifiStateMachine:  ConnectedState !CMD_GET_SUPPORTED_FEATURES uid=1000  rt=123965/123965{ when=-1ms what=131133 target=com.android.internal.util.StateMachine$SmHandler } 0 0
11-16 08:04:51.945   742   742 V ActivityManager: Broadcast sticky: Intent { act=android.intent.action.BATTERY_CHANGED flg=0x60000010 (has extras) } ordered=false userid=-1 callerApp=null
11-16 08:04:51.945   742   797 D WifiStateMachine:  L2ConnectedState !CMD_GET_SUPPORTED_FEATURES uid=1000  rt=123965/123965{ when=-2ms what=131133 target=com.android.internal.util.StateMachine$SmHandler } 0 0
11-16 08:04:51.946   742   797 D WifiStateMachine:  ConnectModeState !CMD_GET_SUPPORTED_FEATURES uid=1000  rt=123966/123966{ when=-2ms what=131133 target=com.android.internal.util.StateMachine$SmHandler } 0 0
11-16 08:04:51.946   742   797 D WifiStateMachine:  DriverStartedState !CMD_GET_SUPPORTED_FEATURES uid=1000  rt=123967/123967{ when=-3ms what=131133 target=com.android.internal.util.StateMachine$SmHandler } 0 0
11-16 08:04:51.947   742   797 D WifiStateMachine:  SupplicantStartedState !CMD_GET_SUPPORTED_FEATURES uid=1000  rt=123967/123967{ when=-3ms what=131133 target=com.android.internal.util.StateMachine$SmHandler } 0 0
11-16 08:04:51.947   742   742 D AMEventHook: onEvent: AM_BeforeSendBroadcast
11-16 08:04:51.947   742   797 D WifiStateMachine:  DefaultState !CMD_GET_SUPPORTED_FEATURES uid=1000  rt=123968/123968{ when=-4ms what=131133 target=com.android.internal.util.StateMachine$SmHandler } 0 0
11-16 08:04:51.948   742   797 I WifiHAL : [WIFI HAL]wifi_get_supported_feature_set: handle=0x7f62efae80, feature_set=0x101a
11-16 08:04:51.948   742   759 V BroadcastQueue: BDC-Processing parallel broadcast [background] BroadcastRecord{f2f0186 u-1 android.intent.action.BATTERY_CHANGED}, 12 receivers
11-16 08:04:51.950   742   759 D BroadcastQueue: BDC-Delivering broadcast: Intent { act=android.intent.action.BATTERY_CHANGED flg=0x60000010 (has extras) }, queue=background, ordered=false, filter=BroadcastFilter{957da49 u0 ReceiverList{e42c850 742 system/1000/u0 local:c821e13}}, broadcastRecord=BroadcastRecord{f2f0186 u-1 android.intent.action.BATTERY_CHANGED}, receiver=null, #0
11-16 08:04:51.951   742   762 E BatteryStatsService: no controller energy info supplied
11-16 08:04:51.951   742   769 D ActivityThread: BDC-Calling onReceive: intent=Intent { act=android.intent.action.BATTERY_CHANGED flg=0x60000010 (has extras) }, ordered=false, receiver=com.android.server.power.PowerManagerService$BatteryReceiver@323f502, IIntentReceiver=c821e13
11-16 08:04:51.952   742   759 D BroadcastQueue: BDC-Delivering broadcast: Intent { act=android.intent.action.BATTERY_CHANGED flg=0x60000010 (has extras) }, queue=background, ordered=false, filter=BroadcastFilter{74876af u0 ReceiverList{7781e8e 742 system/1000/u0 local:b860e89}}, broadcastRecord=BroadcastRecord{f2f0186 u-1 android.intent.action.BATTERY_CHANGED}, receiver=null, #1
11-16 08:04:51.953   742   742 D ActivityThread: BDC-Calling onReceive: intent=Intent { act=android.intent.action.BATTERY_CHANGED flg=0x60000010 (has extras) }, ordered=false, receiver=com.android.server.UiModeManagerService$3@6b42590, IIntentReceiver=b860e89
11-16 08:04:51.954   742   759 D BroadcastQueue: BDC-Delivering broadcast: Intent { act=android.intent.action.BATTERY_CHANGED flg=0x60000010 (has extras) }, queue=background, ordered=false, filter=BroadcastFilter{8bc745c u0 ReceiverList{c1e02cf 742 system/1000/u0 local:a79c72e}}, broadcastRecord=BroadcastRecord{f2f0186 u-1 android.intent.action.BATTERY_CHANGED}, receiver=null, #2
11-16 08:04:51.956   742   759 D BroadcastQueue: BDC-Delivering broadcast: Intent { act=android.intent.action.BATTERY_CHANGED flg=0x60000010 (has extras) }, queue=background, ordered=false, filter=BroadcastFilter{ceb3dbf u0 ReceiverList{7fc57de 742 system/1000/u0 local:b1d1b19}}, broadcastRecord=BroadcastRecord{f2f0186 u-1 android.intent.action.BATTERY_CHANGED}, receiver=null, #3
11-16 08:04:51.956  1153  1153 E PhoneInterfaceManager: [PhoneIntfMgr] queryModemActivityInfo: Empty response
11-16 08:04:51.957   742   742 D ActivityThread: BDC-Calling onReceive: intent=Intent { act=android.intent.action.BATTERY_CHANGED flg=0x60000010 (has extras) }, ordered=false, receiver=com.android.server.DeviceIdleController$1@c9875a9, IIntentReceiver=a79c72e
11-16 08:04:51.958   742   759 D BroadcastQueue: BDC-Delivering broadcast: Intent { act=android.intent.action.BATTERY_CHANGED flg=0x60000010 (has extras) }, queue=background, ordered=false, filter=BroadcastFilter{34b11fd u0 ReceiverList{86dfe54 853 com.android.systemui/10017/u0 remote:b0819a7}}, broadcastRecord=BroadcastRecord{f2f0186 u-1 android.intent.action.BATTERY_CHANGED}, receiver=null, #4
11-16 08:04:51.958   742   742 D ActivityThread: BDC-Calling onReceive: intent=Intent { act=android.intent.action.BATTERY_CHANGED flg=0x60000010 (has extras) }, ordered=false, receiver=com.android.server.wifi.WifiServiceImpl$1@9e44a60, IIntentReceiver=b1d1b19
11-16 08:04:51.958   742   742 D WifiService: onReceive, action:android.intent.action.BATTERY_CHANGED
11-16 08:04:51.959   742   796 D WifiController: DeviceActiveState{ when=0 what=155652 arg1=2 target=com.android.internal.util.StateMachine$SmHandler }
11-16 08:04:51.959   742   796 D WifiController: StaEnabledState{ when=-1ms what=155652 arg1=2 target=com.android.internal.util.StateMachine$SmHandler }
11-16 08:04:51.960   853   853 D ActivityThread: BDC-Calling onReceive: intent=Intent { act=android.intent.action.BATTERY_CHANGED flg=0x60000010 (has extras) }, ordered=false, receiver=com.android.keyguard.KeyguardUpdateMonitor$3@2b7b52b, IIntentReceiver=6d909b0
11-16 08:04:51.960   853   853 D KeyguardUpdateMonitor: received broadcast android.intent.action.BATTERY_CHANGED
11-16 08:04:51.960   742   796 D WifiController: DefaultState{ when=-1ms what=155652 arg1=2 target=com.android.internal.util.StateMachine$SmHandler }
11-16 08:04:51.960   742   796 D WifiController: battery changed pluggedType: 2
11-16 08:04:51.960   742   759 D BroadcastQueue: BDC-Delivering broadcast: Intent { act=android.intent.action.BATTERY_CHANGED flg=0x60000010 (has extras) }, queue=background, ordered=false, filter=BroadcastFilter{a4afb32 u0 ReceiverList{3c5a73d 742 system/1000/u0 local:b0ca094}}, broadcastRecord=BroadcastRecord{f2f0186 u-1 android.intent.action.BATTERY_CHANGED}, receiver=null, #5
11-16 08:04:51.960   853   853 D KeyguardUpdateMonitor: handleBatteryUpdate
11-16 08:04:51.961  1304  1317 I bt_btif : BTA_DmBleGetEnergyInfo
11-16 08:04:51.961  1304  1408 I bt_btif : BTA got event 0x12e
11-16 08:04:51.961  1304  1408 I bt_btif : bta_dm_sm_execute event:0x2e
11-16 08:04:51.961  1304  1408 D bt_btm  : BTM_BleGetVendorCapabilities
11-16 08:04:51.961  1304  1408 I bt_btm  : BTM_BleGetEnergyInfo
11-16 08:04:51.961  1304  1408 I bt_btm  : BTM: BTM_VendorSpecificCommand: Opcode: 0xFD59, ParamLen: 0.
11-16 08:04:51.961  1304  1401 D [BT]    : mtk_bt_op: BT_VND_OP_LPM_WAKE_SET_STATE
11-16 08:04:51.962   742   742 D ActivityThread: BDC-Calling onReceive: intent=Intent { act=android.intent.action.BATTERY_CHANGED flg=0x60000010 (has extras) }, ordered=false, receiver=com.mediatek.lbsutils.LbsUtils$1@1cbdaa6, IIntentReceiver=b0ca094
11-16 08:04:51.962   742   759 D BroadcastQueue: BDC-Delivering broadcast: Intent { act=android.intent.action.BATTERY_CHANGED flg=0x60000010 (has extras) }, queue=background, ordered=false, filter=BroadcastFilter{21002d4 u0 ReceiverList{2956027 853 com.android.systemui/10017/u0 remote:ed962e6}}, broadcastRecord=BroadcastRecord{f2f0186 u-1 android.intent.action.BATTERY_CHANGED}, receiver=null, #6
11-16 08:04:51.964   853   853 D ActivityThread: BDC-Calling onReceive: intent=Intent { act=android.intent.action.BATTERY_CHANGED flg=0x60000010 (has extras) }, ordered=false, receiver=com.android.systemui.power.PowerUI$Receiver@8d23bd6, IIntentReceiver=ef44125
11-16 08:04:51.964  1304  1400 D TWRITE  : g Cond: q_cnt(0)
11-16 08:04:51.964  1304  1400 D TWRITE  : 28b wr fd=74
11-16 08:04:51.964   742   759 D BroadcastQueue: BDC-Delivering broadcast: Intent { act=android.intent.action.BATTERY_CHANGED flg=0x60000010 (has extras) }, queue=background, ordered=false, filter=BroadcastFilter{d727f17 u0 ReceiverList{eece796 1153 com.android.phone/1001/u0 remote:7ebb6b1}}, broadcastRecord=BroadcastRecord{f2f0186 u-1 android.intent.action.BATTERY_CHANGED}, receiver=null, #7
11-16 08:04:51.967  1153  1153 D ActivityThread: BDC-Calling onReceive: intent=Intent { act=android.intent.action.BATTERY_CHANGED flg=0x60000010 (has extras) }, ordered=false, receiver=com.mediatek.internal.telephony.dataconnection.FdManager$1@6a372a7, IIntentReceiver=bb2667b
11-16 08:04:51.968   742   759 D BroadcastQueue: BDC-Delivering broadcast: Intent { act=android.intent.action.BATTERY_CHANGED flg=0x60000010 (has extras) }, queue=background, ordered=false, filter=BroadcastFilter{de1536e u0 ReceiverList{c718ae9 853 com.android.systemui/10017/u0 remote:285770}}, broadcastRecord=BroadcastRecord{f2f0186 u-1 android.intent.action.BATTERY_CHANGED}, receiver=null, #8
11-16 08:04:51.970  1304  1408 D bt_btm  : energy_info status=0,tx_t=0, rx_t=0, ener_used=0, idle_t=0
11-16 08:04:51.970  1304  1408 D bt_btif : bta_dm_pm_obtain_controller_state: 3
11-16 08:04:51.970  1304  1408 D bt_btif : energy_info_cb-Status:0,state=3,tx_t=0, rx_t=0, idle_time=0,used=0
11-16 08:04:51.970  1304  1408 D bt_btif : btif_transfer_context event 28, len 40
11-16 08:04:51.970  1304  1376 D bt_btif : btif task fetched event a001
11-16 08:04:51.970  1304  1400 D TWRITE  : g Cond: q_cnt(0)
11-16 08:04:51.970  1304  1376 D bt_btif : btif_context_switched
11-16 08:04:51.970  1304  1376 I bt_btif : btif_dm_upstreams_cback  ev: BTA_DM_ENER_INFO_READ
11-16 08:04:51.970  1304  1376 I bt_btif : HAL bt_hal_cbacks->energy_info_cb
11-16 08:04:51.970  1304  1400 D TWRITE  : 47b wr fd=74
11-16 08:04:51.970   742   759 D BroadcastQueue: BDC-Delivering broadcast: Intent { act=android.intent.action.BATTERY_CHANGED flg=0x60000010 (has extras) }, queue=background, ordered=false, filter=BroadcastFilter{d042018 u0 ReceiverList{9e657fb 1304 com.android.bluetooth/1002/u0 remote:57ec58a}}, broadcastRecord=BroadcastRecord{f2f0186 u-1 android.intent.action.BATTERY_CHANGED}, receiver=null, #9
11-16 08:04:51.971   853   853 D ActivityThread: BDC-Calling onReceive: intent=Intent { act=android.intent.action.BATTERY_CHANGED flg=0x60000010 (has extras) }, ordered=false, receiver=com.android.systemui.statusbar.policy.BatteryControllerImpl@98ac84a, IIntentReceiver=72050a
11-16 08:04:51.972  1304  1376 D BluetoothAdapterService: energyInfoCallback() status = 0tx_time = 0rx_time = 0idle_time = 0energy_used = 0ctrl_state = 3traffic = []
11-16 08:04:51.972   853   853 D BatteryMeterDrawable: onBatteryLevelChanged level:2,plugedIn:true,charging:true
11-16 08:04:51.972   853   853 D BatteryMeterDrawable: onBatteryLevelChanged level:2,plugedIn:true,charging:true
11-16 08:04:51.973  1304  1304 D ActivityThread: BDC-Calling onReceive: intent=Intent { act=android.intent.action.BATTERY_CHANGED flg=0x60000010 (has extras) }, ordered=false, receiver=com.android.bluetooth.hfp.HeadsetService$1@785552a, IIntentReceiver=cee5171
11-16 08:04:51.973   853   853 V DisplayEventReceiver: call nativeScheduleVsync mReceiverPtr = 547407001344
11-16 08:04:51.973   742   759 D BroadcastQueue: BDC-Delivering broadcast: Intent { act=android.intent.action.BATTERY_CHANGED flg=0x60000010 (has extras) }, queue=background, ordered=false, filter=BroadcastFilter{8858b03 u0 ReceiverList{eee3fb2 1424 com.mediatek.dongle/1001/u0 remote:8912dbd}}, broadcastRecord=BroadcastRecord{f2f0186 u-1 android.intent.action.BATTERY_CHANGED}, receiver=null, #10
11-16 08:04:51.974  1304  1420 D HeadsetStateMachine: Disconnected process message: 10, size: 0
11-16 08:04:51.975   742   759 D AppOps  : noteOperation: allowing code 63 uid 10007 package com.android.providers.media
11-16 08:04:51.976  1424  1424 D ActivityThread: BDC-Calling onReceive: intent=Intent { act=android.intent.action.BATTERY_CHANGED flg=0x60000010 (has extras) }, ordered=false, receiver=com.android.internal.tedongle.RIL$2@1205c17, IIntentReceiver=34593ad
11-16 08:04:51.976   742   759 D BroadcastQueue: BDC-Delivering broadcast: Intent { act=android.intent.action.BATTERY_CHANGED flg=0x60000010 (has extras) }, queue=background, ordered=false, filter=BroadcastFilter{15b7105 u0 ReceiverList{8e7d47c 1575 android.process.media/10007/u0 remote:5984f6f}}, broadcastRecord=BroadcastRecord{f2f0186 u-1 android.intent.action.BATTERY_CHANGED}, receiver=null, #11
11-16 08:04:51.978   742   759 D BroadcastQueue: Non-ordered [background] BroadcastRecord{f2f0186 u-1 android.intent.action.BATTERY_CHANGED}, 12 receivers, Total: 30, Waiting: 1, Processing: 29
11-16 08:04:51.979  1575  1575 D ActivityThread: BDC-Calling onReceive: intent=Intent { act=android.intent.action.BATTERY_CHANGED flg=0x60000010 (has extras) }, ordered=false, receiver=android.mtp.MtpDatabase$1@ecf3606, IIntentReceiver=8022663
11-16 08:04:51.980   853   853 V ViewRootImpl[StatusBar]: ViewRoot performTraversals+ : mFirst = false, this = ViewRoot{e1a27df StatusBar,ident = 1}
11-16 08:04:51.982   853   853 V ViewRootImpl[StatusBar]: ViewRoot performTraversals and draw- : this = ViewRoot{e1a27df StatusBar,ident = 1} frame#37 (cancelDraw = false)
11-16 08:04:51.984   742   762 E BatteryStatsService: power: Missing API
11-16 08:04:52.011   742   762 E BatteryStatsService: modem info is invalid: ModemActivityInfo{ mTimestamp=0 mSleepTimeMs=0 mIdleTimeMs=0 mTxTimeMs[]=[0, 0, 0, 0, 0] mRxTimeMs=0 mEnergyUsed=0}
11-16 08:04:52.430   203   203 I wmt_launcher: fw log ctrl flag has been set
11-16 08:04:52.430   203   203 I wmt_launcher: fw dynamic ctrl flag has been set
11-16 08:04:52.525   336   336 I sn      : Retry 10
11-16 08:04:52.526   336   336 I sn      : Fail to access err=2
11-16 08:04:52.526   336   336 I sn      : Fail to access err=2
11-16 08:04:52.526   336   336 I sn      : Fail to access err=2
11-16 08:04:52.526   336   336 I sn      : Check all possible paths
11-16 08:04:52.527   211   242 D SurfaceFlinger: [SF-WD] ERROR: open /dev/RT_Monitor failed.
11-16 08:04:52.527   211   242 D SurfaceFlinger: [SF-WD] ERROR: open /dev/RT_Monitor failed.
11-16 08:04:52.822   742   797 D WifiStateMachine:  ConnectedState !CMD_RSSI_POLL  rt=124828/124828 1 0 "75F" d0:15:a6:87:bd:12 rssi=-51 f=5180 sc=60 link=135 tx=1.3, 0.0, 0.0  rx=85.9 bcn=0 [on:0 tx:0 rx:0 period:2979] from screen [on:0 period:688953042] gl hn rssi=-46 ag=0 hr ticks 0,0,0 ls-=0 [56,56,56,56,61] brc=0 lrc=0 offload-stopped
11-16 08:04:52.837   742   797 D WifiStateMachine:  L2ConnectedState !CMD_RSSI_POLL  rt=124844/124844 1 0 "75F" d0:15:a6:87:bd:12 rssi=-51 f=5180 sc=60 link=135 tx=1.3, 0.0, 0.0  rx=85.9 bcn=0 [on:0 tx:0 rx:0 period:17] from screen [on:0 period:688953059] gl hn rssi=-46 ag=0 hr ticks 0,0,0 ls-=0 [56,56,56,56,61] brc=0 lrc=0 offload-stopped
11-16 08:04:52.837   742   797 D WifiStateMachine:  get link layer stats 0
11-16 08:04:52.838   742   797 D WifiHW  : enter -->wifi_send_command cmd=IFNAME=wlan0 SIGNAL_POLL
11-16 08:04:52.838  1038  1038 D wpa_supplicant: wlan0: Control interface command 'SIGNAL_POLL'
11-16 08:04:52.861   742   797 D WifiHW  : leave --> reply=RSSI=-51
11-16 08:04:52.861   742   797 D WifiHW  : LINKSPEED=135
11-16 08:04:52.861   742   797 D WifiHW  : NOISE=9999
11-16 08:04:52.861   742   797 D WifiHW  : FREQUENCY=5180
11-16 08:04:52.861   742   797 D WifiHW  : 
11-16 08:04:52.862   742   797 D WifiStateMachine: fetchRssiLinkSpeedAndFrequencyNative rssi=-51 linkspeed=135 freq=5180
11-16 08:04:52.862   742   797 D WifiStateMachine: mLastSignalLevel:4, newSignalLevel:4
11-16 08:04:52.863   742   797 D WifiConfigManager: updateConfiguration freq=5180 BSSID=d0:15:a6:87:bd:12 RSSI=-51 "75F"WPA_PSK
11-16 08:04:52.882   742   797 D WifiStateMachine: calculateWifiScore freq=5180 speed=135 score=60 highRSSI  -> txbadrate=0.00 txgoodrate=0.64 txretriesrate=0.00 rxrate=55.47 userTriggerdPenalty0
11-16 08:04:52.882   742   797 D WifiStateMachine:  good link -> stuck count =0
11-16 08:04:52.884   742   797 D WifiStateMachine:  badRSSI count0 lowRSSI count0 --> score 56
11-16 08:04:52.884   742   797 D WifiStateMachine:  isHighRSSI       ---> score=61
11-16 08:04:52.899   742   797 V ActivityManager: Broadcast sticky: Intent { act=android.net.wifi.RSSI_CHANGED flg=0x4000010 (has extras) } ordered=false userid=-1 callerApp=ProcessRecord{b0897a0 742:system/1000}
11-16 08:04:52.900   742   797 D AMEventHook: onEvent: AM_BeforeSendBroadcast
11-16 08:04:52.903   742   759 V BroadcastQueue: BDC-Processing parallel broadcast [background] BroadcastRecord{9dac5b u-1 android.net.wifi.RSSI_CHANGED}, 1 receivers
11-16 08:04:52.904   742   759 D BroadcastQueue: BDC-Delivering broadcast: Intent { act=android.net.wifi.RSSI_CHANGED flg=0x4000010 (has extras) }, queue=background, ordered=false, filter=BroadcastFilter{2184993 u0 ReceiverList{d19e82 853 com.android.systemui/10017/u0 remote:39e85cd}}, broadcastRecord=BroadcastRecord{9dac5b u-1 android.net.wifi.RSSI_CHANGED}, receiver=null, #0
11-16 08:04:52.905   742   759 D BroadcastQueue: Non-ordered [background] BroadcastRecord{9dac5b u-1 android.net.wifi.RSSI_CHANGED}, 1 receivers, Total: 4, Waiting: 1, Processing: 3
11-16 08:04:52.908   853  1252 D ActivityThread: BDC-Calling onReceive: intent=Intent { act=android.net.wifi.RSSI_CHANGED flg=0x4000010 (has extras) }, ordered=false, receiver=com.android.systemui.statusbar.policy.NetworkControllerImpl@d18c0d8, IIntentReceiver=2a54a6d
11-16 08:04:53.527   211   242 D SurfaceFlinger: [SF-WD] ERROR: open /dev/RT_Monitor failed.
11-16 08:04:54.432   203   203 I wmt_launcher: fw log ctrl flag has been set
11-16 08:04:54.432   203   203 I wmt_launcher: fw dynamic ctrl flag has been set
11-16 08:04:54.528   211   242 D SurfaceFlinger: [SF-WD] ERROR: open /dev/RT_Monitor failed.
11-16 08:04:55.528   211   242 D SurfaceFlinger: [SF-WD] ERROR: open /dev/RT_Monitor failed.
11-16 08:04:55.736  1684  1695 I art     : Enter while loop.
11-16 08:04:55.916   742   797 D WifiStateMachine:  ConnectedState !CMD_RSSI_POLL  rt=127921/127921 1 0 "75F" d0:15:a6:87:bd:12 rssi=-51 f=5180 sc=60 link=135 tx=0.6, 0.0, 0.0  rx=55.5 bcn=0 [on:0 tx:0 rx:0 period:2996] from screen [on:0 period:688956135] gl hn rssi=-46 ag=0 hr ticks 0,0,0 ls-=0 [56,56,56,56,61] brc=0 lrc=0 offload-stopped
11-16 08:04:55.932   742   797 D WifiStateMachine:  L2ConnectedState !CMD_RSSI_POLL  rt=127937/127937 1 0 "75F" d0:15:a6:87:bd:12 rssi=-51 f=5180 sc=60 link=135 tx=0.6, 0.0, 0.0  rx=55.5 bcn=0 [on:0 tx:0 rx:0 period:18] from screen [on:0 period:688956153] gl hn rssi=-46 ag=0 hr ticks 0,0,0 ls-=0 [56,56,56,56,61] brc=0 lrc=0 offload-stopped
11-16 08:04:55.932   742   797 D WifiStateMachine:  get link layer stats 0
11-16 08:04:55.934   742   797 D WifiHW  : enter -->wifi_send_command cmd=IFNAME=wlan0 SIGNAL_POLL
11-16 08:04:55.934  1038  1038 D wpa_supplicant: wlan0: Control interface command 'SIGNAL_POLL'
11-16 08:04:55.954   742   797 D WifiHW  : leave --> reply=RSSI=-55
11-16 08:04:55.954   742   797 D WifiHW  : LINKSPEED=135
11-16 08:04:55.954   742   797 D WifiHW  : NOISE=9999
11-16 08:04:55.954   742   797 D WifiHW  : FREQUENCY=5180
11-16 08:04:55.954   742   797 D WifiHW  : 
11-16 08:04:55.955   742   797 D WifiStateMachine: fetchRssiLinkSpeedAndFrequencyNative rssi=-55 linkspeed=135 freq=5180
11-16 08:04:55.955   742   797 D WifiStateMachine: mLastSignalLevel:4, newSignalLevel:4
11-16 08:04:55.956   742   797 D WifiConfigManager: updateConfiguration freq=5180 BSSID=d0:15:a6:87:bd:12 RSSI=-53 "75F"WPA_PSK
11-16 08:04:55.960   742   797 D WifiStateMachine: calculateWifiScore freq=5180 speed=135 score=60 highRSSI  -> txbadrate=0.00 txgoodrate=0.32 txretriesrate=0.00 rxrate=34.23 userTriggerdPenalty0
11-16 08:04:55.961   742   797 D WifiStateMachine:  good link -> stuck count =0
11-16 08:04:55.963   742   797 D WifiStateMachine:  badRSSI count0 lowRSSI count0 --> score 56
11-16 08:04:55.963   742   797 D WifiStateMachine:  isHighRSSI       ---> score=61
11-16 08:04:55.965   742   797 V ActivityManager: Broadcast sticky: Intent { act=android.net.wifi.RSSI_CHANGED flg=0x4000010 (has extras) } ordered=false userid=-1 callerApp=ProcessRecord{b0897a0 742:system/1000}
11-16 08:04:55.968   742   797 D AMEventHook: onEvent: AM_BeforeSendBroadcast
11-16 08:04:55.969   742   759 V BroadcastQueue: BDC-Processing parallel broadcast [background] BroadcastRecord{7084cf8 u-1 android.net.wifi.RSSI_CHANGED}, 1 receivers
11-16 08:04:55.970   742   759 D BroadcastQueue: BDC-Delivering broadcast: Intent { act=android.net.wifi.RSSI_CHANGED flg=0x4000010 (has extras) }, queue=background, ordered=false, filter=BroadcastFilter{2184993 u0 ReceiverList{d19e82 853 com.android.systemui/10017/u0 remote:39e85cd}}, broadcastRecord=BroadcastRecord{7084cf8 u-1 android.net.wifi.RSSI_CHANGED}, receiver=null, #0
11-16 08:04:55.971   742   759 D BroadcastQueue: Non-ordered [background] BroadcastRecord{7084cf8 u-1 android.net.wifi.RSSI_CHANGED}, 1 receivers, Total: 3, Waiting: 0, Processing: 3
11-16 08:04:55.977   853  1252 D ActivityThread: BDC-Calling onReceive: intent=Intent { act=android.net.wifi.RSSI_CHANGED flg=0x4000010 (has extras) }, ordered=false, receiver=com.android.systemui.statusbar.policy.NetworkControllerImpl@d18c0d8, IIntentReceiver=2a54a6d
11-16 08:04:55.980   853  1252 D NetworkController.WifiSignalController: Change in state from: connected=true,enabled=true,level=4,inetCondition=1,iconGroup=IconGroup(Wi-Fi Icons),activityIn=true,activityOut=false,rssi=-51,lastModified=11-16 08:04:49,ssid="75F"
11-16 08:04:55.980   853  1252 D NetworkController.WifiSignalController: 	to: connected=true,enabled=true,level=4,inetCondition=1,iconGroup=IconGroup(Wi-Fi Icons),activityIn=true,activityOut=false,rssi=-55,lastModified=11-16 08:04:49,ssid="75F"
11-16 08:04:55.999  1575  1586 I art     : Enter while loop.
11-16 08:04:56.412   742  1132 D AES     : AEEIOCTL_GET/SET_SF_STATE IOCTL ERROR: open /dev/RT_Monitor failed.
11-16 08:04:56.412   742  1132 W Watchdog: **Get SF Time **-1
11-16 08:04:56.413   742  1132 D AES     : RT Monitor ERROR: open /dev/RT_Monitor failed.
11-16 08:04:56.413   742  1132 W Watchdog: SWT Watchdog before synchronized:128434
11-16 08:04:56.413   742  1132 W Watchdog: SWT Watchdog after synchronized:128434
11-16 08:04:56.416   742   764 D InputReader: InputReader::monitor: lock
11-16 08:04:56.416   742   764 D InputReader: InputReader::monitor: wait 
11-16 08:04:56.417   742   764 D InputReader: InputReader::monitor: unlock
11-16 08:04:56.417   742   764 D InputReader: InputReader::monitor: done
11-16 08:04:56.434   203   203 I wmt_launcher: fw log ctrl flag has been set
11-16 08:04:56.434   203   203 I wmt_launcher: fw dynamic ctrl flag has been set
11-16 08:04:56.529   211   242 D SurfaceFlinger: [SF-WD] ERROR: open /dev/RT_Monitor failed.
11-16 08:04:56.835   853   853 D NetworkController.WifiSignalController: Change in state from: connected=true,enabled=true,level=4,inetCondition=1,iconGroup=IconGroup(Wi-Fi Icons),activityIn=true,activityOut=false,rssi=-55,lastModified=11-16 08:04:55,ssid="75F"
11-16 08:04:56.835   853   853 D NetworkController.WifiSignalController: 	to: connected=true,enabled=true,level=4,inetCondition=1,iconGroup=IconGroup(Wi-Fi Icons),activityIn=false,activityOut=false,rssi=-55,lastModified=11-16 08:04:55,ssid="75F"
11-16 08:04:56.843   853   853 V DisplayEventReceiver: call nativeScheduleVsync mReceiverPtr = 547407001344
