11-16 08:05:11.286   742   797 D WifiStateMachine:  L2ConnectedState !CMD_RSSI_POLL  rt=143298/143298 1 0 "75F" d0:15:a6:87:bd:12 rssi=-52 f=5180 sc=60 link=135 tx=0.0, 0.0, 0.0  rx=26.4 bcn=0 [on:0 tx:0 rx:0 period:10] from screen [on:0 period:688971508] gl hn rssi=-47 ag=0 hr ticks 0,0,0 ls-=0 [56,56,56,56,61] brc=0 lrc=0 offload-stopped
11-16 08:05:11.286   742   797 D WifiStateMachine:  get link layer stats 0
11-16 08:05:11.289   742   797 D WifiHW  : enter -->wifi_send_command cmd=IFNAME=wlan0 SIGNAL_POLL
11-16 08:05:11.289  1038  1038 D wpa_supplicant: wlan0: Control interface command 'SIGNAL_POLL'
11-16 08:05:11.301   742   797 D WifiHW  : leave --> reply=RSSI=-52
11-16 08:05:11.301   742   797 D WifiHW  : LINKSPEED=135
11-16 08:05:11.301   742   797 D WifiHW  : NOISE=9999
11-16 08:05:11.301   742   797 D WifiHW  : FREQUENCY=5180
11-16 08:05:11.301   742   797 D WifiHW  : 
11-16 08:05:11.306   742   797 D WifiStateMachine: fetchRssiLinkSpeedAndFrequencyNative rssi=-52 linkspeed=135 freq=5180
11-16 08:05:11.306   742   797 D WifiStateMachine: mLastSignalLevel:4, newSignalLevel:4
11-16 08:05:11.308   742   797 D WifiConfigManager: updateConfiguration freq=5180 BSSID=d0:15:a6:87:bd:12 RSSI=-52 "75F"WPA_PSK
11-16 08:05:11.314   742   797 D WifiStateMachine: calculateWifiScore freq=5180 speed=135 score=60 highRSSI  -> txbadrate=0.00 txgoodrate=0.01 txretriesrate=0.00 rxrate=25.69 userTriggerdPenalty0
11-16 08:05:11.315   742   797 D WifiStateMachine:  good link -> stuck count =0
11-16 08:05:11.318   742   797 D WifiStateMachine:  badRSSI count0 lowRSSI count0 --> score 56
11-16 08:05:11.318   742   797 D WifiStateMachine:  isHighRSSI       ---> score=61
11-16 08:05:11.323   742   797 V ActivityManager: Broadcast sticky: Intent { act=android.net.wifi.RSSI_CHANGED flg=0x4000010 (has extras) } ordered=false userid=-1 callerApp=ProcessRecord{b0897a0 742:system/1000}
11-16 08:05:11.326   742   797 D AMEventHook: onEvent: AM_BeforeSendBroadcast
11-16 08:05:11.327   742   759 V BroadcastQueue: BDC-Processing parallel broadcast [background] BroadcastRecord{ba98541 u-1 android.net.wifi.RSSI_CHANGED}, 1 receivers
11-16 08:05:11.329   742   759 D BroadcastQueue: BDC-Delivering broadcast: Intent { act=android.net.wifi.RSSI_CHANGED flg=0x4000010 (has extras) }, queue=background, ordered=false, filter=BroadcastFilter{2184993 u0 ReceiverList{d19e82 853 com.android.systemui/10017/u0 remote:39e85cd}}, broadcastRecord=BroadcastRecord{ba98541 u-1 android.net.wifi.RSSI_CHANGED}, receiver=null, #0
11-16 08:05:11.330   742   759 D BroadcastQueue: Non-ordered [background] BroadcastRecord{ba98541 u-1 android.net.wifi.RSSI_CHANGED}, 1 receivers, Total: 4, Waiting: 1, Processing: 3
11-16 08:05:11.337   853  1252 D ActivityThread: BDC-Calling onReceive: intent=Intent { act=android.net.wifi.RSSI_CHANGED flg=0x4000010 (has extras) }, ordered=false, receiver=com.android.systemui.statusbar.policy.NetworkControllerImpl@d18c0d8, IIntentReceiver=2a54a6d
11-16 08:05:11.536   211   242 D SurfaceFlinger: [SF-WD] ERROR: open /dev/RT_Monitor failed.
11-16 08:05:12.452   203   203 I wmt_launcher: fw log ctrl flag has been set
11-16 08:05:12.452   203   203 I wmt_launcher: fw dynamic ctrl flag has been set
11-16 08:05:12.528   336   336 I sn      : Retry 12
11-16 08:05:12.528   336   336 I sn      : Fail to access err=2
11-16 08:05:12.528   336   336 I sn      : Fail to access err=2
11-16 08:05:12.528   336   336 I sn      : Fail to access err=2
11-16 08:05:12.528   336   336 I sn      : Check all possible paths
11-16 08:05:12.536   211   242 D SurfaceFlinger: [SF-WD] ERROR: open /dev/RT_Monitor failed.
11-16 08:05:13.536   211   242 D SurfaceFlinger: [SF-WD] ERROR: open /dev/RT_Monitor failed.
11-16 08:05:14.340   742   797 D WifiStateMachine:  ConnectedState !CMD_RSSI_POLL  rt=146347/146347 1 0 "75F" d0:15:a6:87:bd:12 rssi=-52 f=5180 sc=60 link=135 tx=0.0, 0.0, 0.0  rx=25.7 bcn=0 [on:0 tx:0 rx:0 period:2988] from screen [on:0 period:688974557] gl hn rssi=-47 ag=0 hr ticks 0,0,0 ls-=0 [56,56,56,56,61] brc=0 lrc=0 offload-stopped
11-16 08:05:14.361   742   797 D WifiStateMachine:  L2ConnectedState !CMD_RSSI_POLL  rt=146361/146361 1 0 "75F" d0:15:a6:87:bd:12 rssi=-52 f=5180 sc=60 link=135 tx=0.0, 0.0, 0.0  rx=25.7 bcn=0 [on:0 tx:0 rx:0 period:13] from screen [on:0 period:688974570] gl hn rssi=-47 ag=0 hr ticks 0,0,0 ls-=0 [56,56,56,56,61] brc=0 lrc=0 offload-stopped
11-16 08:05:14.361   742   797 D WifiStateMachine:  get link layer stats 0
11-16 08:05:14.362   742   797 D WifiHW  : enter -->wifi_send_command cmd=IFNAME=wlan0 SIGNAL_POLL
11-16 08:05:14.363  1038  1038 D wpa_supplicant: wlan0: Control interface command 'SIGNAL_POLL'
11-16 08:05:14.384   742   797 D WifiHW  : leave --> reply=RSSI=-53
11-16 08:05:14.384   742   797 D WifiHW  : LINKSPEED=135
11-16 08:05:14.384   742   797 D WifiHW  : NOISE=9999
11-16 08:05:14.384   742   797 D WifiHW  : FREQUENCY=5180
11-16 08:05:14.384   742   797 D WifiHW  : 
11-16 08:05:14.385   742   797 D WifiStateMachine: fetchRssiLinkSpeedAndFrequencyNative rssi=-53 linkspeed=135 freq=5180
11-16 08:05:14.385   742   797 D WifiStateMachine: mLastSignalLevel:4, newSignalLevel:4
11-16 08:05:14.386   742   797 D WifiConfigManager: updateConfiguration freq=5180 BSSID=d0:15:a6:87:bd:12 RSSI=-52 "75F"WPA_PSK
11-16 08:05:14.395   742   797 D WifiStateMachine: calculateWifiScore freq=5180 speed=135 score=60 highRSSI  -> txbadrate=0.00 txgoodrate=0.01 txretriesrate=0.00 rxrate=24.85 userTriggerdPenalty0
11-16 08:05:14.396   742   797 D WifiStateMachine:  good link -> stuck count =0
11-16 08:05:14.398   742   797 D WifiStateMachine:  badRSSI count0 lowRSSI count0 --> score 56
11-16 08:05:14.398   742   797 D WifiStateMachine:  isHighRSSI       ---> score=61
11-16 08:05:14.411   742   797 V ActivityManager: Broadcast sticky: Intent { act=android.net.wifi.RSSI_CHANGED flg=0x4000010 (has extras) } ordered=false userid=-1 callerApp=ProcessRecord{b0897a0 742:system/1000}
11-16 08:05:14.414   742   797 D AMEventHook: onEvent: AM_BeforeSendBroadcast
11-16 08:05:14.417   742   759 V BroadcastQueue: BDC-Processing parallel broadcast [background] BroadcastRecord{f0dbae6 u-1 android.net.wifi.RSSI_CHANGED}, 1 receivers
11-16 08:05:14.418   742   759 D BroadcastQueue: BDC-Delivering broadcast: Intent { act=android.net.wifi.RSSI_CHANGED flg=0x4000010 (has extras) }, queue=background, ordered=false, filter=BroadcastFilter{2184993 u0 ReceiverList{d19e82 853 com.android.systemui/10017/u0 remote:39e85cd}}, broadcastRecord=BroadcastRecord{f0dbae6 u-1 android.net.wifi.RSSI_CHANGED}, receiver=null, #0
11-16 08:05:14.422   742   759 D BroadcastQueue: Non-ordered [background] BroadcastRecord{f0dbae6 u-1 android.net.wifi.RSSI_CHANGED}, 1 receivers, Total: 4, Waiting: 2, Processing: 2
11-16 08:05:14.423   853  1252 D ActivityThread: BDC-Calling onReceive: intent=Intent { act=android.net.wifi.RSSI_CHANGED flg=0x4000010 (has extras) }, ordered=false, receiver=com.android.systemui.statusbar.policy.NetworkControllerImpl@d18c0d8, IIntentReceiver=2a54a6d
11-16 08:05:14.431   853  1252 D NetworkController.WifiSignalController: Change in state from: connected=true,enabled=true,level=4,inetCondition=1,iconGroup=IconGroup(Wi-Fi Icons),activityIn=true,activityOut=false,rssi=-52,lastModified=11-16 08:05:08,ssid="75F"
11-16 08:05:14.431   853  1252 D NetworkController.WifiSignalController: 	to: connected=true,enabled=true,level=4,inetCondition=1,iconGroup=IconGroup(Wi-Fi Icons),activityIn=true,activityOut=false,rssi=-53,lastModified=11-16 08:05:08,ssid="75F"
11-16 08:05:14.454   203   203 I wmt_launcher: fw log ctrl flag has been set
11-16 08:05:14.454   203   203 I wmt_launcher: fw dynamic ctrl flag has been set
11-16 08:05:14.537   211   242 D SurfaceFlinger: [SF-WD] ERROR: open /dev/RT_Monitor failed.
11-16 08:05:14.942   742   759 D AppOps  : noteOperation: allowing code 63 uid 10007 package com.android.providers.media
11-16 08:05:14.944   742   760 D AppOps  : noteOperation: allowing code 63 uid 10007 package com.android.providers.media
11-16 08:05:14.945   742   760 D AppOps  : noteOperation: allowing code 63 uid 10007 package com.android.providers.downloads
11-16 08:05:15.245   742   760 D AppOps  : noteOperation: allowing code 63 uid 10002 package com.android.providers.calendar
11-16 08:05:15.537   211   242 D SurfaceFlinger: [SF-WD] ERROR: open /dev/RT_Monitor failed.
11-16 08:05:16.460   203   203 I wmt_launcher: fw log ctrl flag has been set
11-16 08:05:16.460   203   203 I wmt_launcher: fw dynamic ctrl flag has been set
11-16 08:05:16.539   211   242 D SurfaceFlinger: [SF-WD] ERROR: open /dev/RT_Monitor failed.
11-16 08:05:17.431   742   797 D WifiStateMachine:  ConnectedState !CMD_RSSI_POLL  rt=149435/149435 1 0 "75F" d0:15:a6:87:bd:12 rssi=-53 f=5180 sc=60 link=135 tx=0.0, 0.0, 0.0  rx=24.8 bcn=0 [on:0 tx:0 rx:0 period:2989] from screen [on:0 period:688977653] gl hn rssi=-48 ag=0 hr ticks 0,0,0 ls-=0 [56,56,56,56,61] brc=0 lrc=0 offload-stopped
11-16 08:05:17.452   742   797 D WifiStateMachine:  L2ConnectedState !CMD_RSSI_POLL  rt=149453/149453 1 0 "75F" d0:15:a6:87:bd:12 rssi=-53 f=5180 sc=60 link=135 tx=0.0, 0.0, 0.0  rx=24.8 bcn=0 [on:0 tx:0 rx:0 period:21] from screen [on:0 period:688977674] gl hn rssi=-48 ag=0 hr ticks 0,0,0 ls-=0 [56,56,56,56,61] brc=0 lrc=0 offload-stopped
11-16 08:05:17.452   742   797 D WifiStateMachine:  get link layer stats 0
11-16 08:05:17.453   742   797 D WifiHW  : enter -->wifi_send_command cmd=IFNAME=wlan0 SIGNAL_POLL
11-16 08:05:17.454  1038  1038 D wpa_supplicant: wlan0: Control interface command 'SIGNAL_POLL'
11-16 08:05:17.457   742   797 D WifiHW  : leave --> reply=RSSI=-53
11-16 08:05:17.457   742   797 D WifiHW  : LINKSPEED=135
11-16 08:05:17.457   742   797 D WifiHW  : NOISE=9999
11-16 08:05:17.457   742   797 D WifiHW  : FREQUENCY=5180
11-16 08:05:17.457   742   797 D WifiHW  : 
11-16 08:05:17.458   742   797 D WifiStateMachine: fetchRssiLinkSpeedAndFrequencyNative rssi=-53 linkspeed=135 freq=5180
11-16 08:05:17.458   742   797 D WifiStateMachine: mLastSignalLevel:4, newSignalLevel:4
11-16 08:05:17.462   742   797 D WifiConfigManager: updateConfiguration freq=5180 BSSID=d0:15:a6:87:bd:12 RSSI=-52 "75F"WPA_PSK
11-16 08:05:17.477   742   797 D WifiStateMachine: calculateWifiScore freq=5180 speed=135 score=60 highRSSI  -> txbadrate=0.00 txgoodrate=0.00 txretriesrate=0.00 rxrate=27.92 userTriggerdPenalty0
11-16 08:05:17.481   742   797 D WifiStateMachine:  good link -> stuck count =0
11-16 08:05:17.487   742   797 D WifiStateMachine:  badRSSI count0 lowRSSI count0 --> score 56
11-16 08:05:17.487   742   797 D WifiStateMachine:  isHighRSSI       ---> score=61
11-16 08:05:17.502   742   797 V ActivityManager: Broadcast sticky: Intent { act=android.net.wifi.RSSI_CHANGED flg=0x4000010 (has extras) } ordered=false userid=-1 callerApp=ProcessRecord{b0897a0 742:system/1000}
11-16 08:05:17.505   742   797 D AMEventHook: onEvent: AM_BeforeSendBroadcast
11-16 08:05:17.507   742   759 V BroadcastQueue: BDC-Processing parallel broadcast [background] BroadcastRecord{baed827 u-1 android.net.wifi.RSSI_CHANGED}, 1 receivers
11-16 08:05:17.509   742   759 D BroadcastQueue: BDC-Delivering broadcast: Intent { act=android.net.wifi.RSSI_CHANGED flg=0x4000010 (has extras) }, queue=background, ordered=false, filter=BroadcastFilter{2184993 u0 ReceiverList{d19e82 853 com.android.systemui/10017/u0 remote:39e85cd}}, broadcastRecord=BroadcastRecord{baed827 u-1 android.net.wifi.RSSI_CHANGED}, receiver=null, #0
11-16 08:05:17.511   742   759 D BroadcastQueue: Non-ordered [background] BroadcastRecord{baed827 u-1 android.net.wifi.RSSI_CHANGED}, 1 receivers, Total: 6, Waiting: 2, Processing: 4
11-16 08:05:17.512   853  1252 D ActivityThread: BDC-Calling onReceive: intent=Intent { act=android.net.wifi.RSSI_CHANGED flg=0x4000010 (has extras) }, ordered=false, receiver=com.android.systemui.statusbar.policy.NetworkControllerImpl@d18c0d8, IIntentReceiver=2a54a6d
11-16 08:05:17.540   211   242 D SurfaceFlinger: [SF-WD] ERROR: open /dev/RT_Monitor failed.
11-16 08:05:18.097   742   779 D AlarmManager: set alarm to RTC 1270069
11-16 08:05:18.098   742   779 D AlarmManager: set alarm to RTC 192021
11-16 08:05:18.098   742   779 V AlarmManager: dataShapingManager is null
11-16 08:05:18.098   742   779 V AlarmManager: openLteGateSuccess = false
11-16 08:05:18.099   742   779 D AlarmManager: wakeup alarm = Alarm{4781ad4 type 2 when 150118 android}; listener package = WifiConnectivityManager Schedule Periodic Scan TimerneedGrouping = false
11-16 08:05:18.101   742   779 D PowerManagerNotifier: onWakeLockAcquired: flags=1, tag="*alarm*", packageName=android, ownerUid=1000, ownerPid=742, workSource=WorkSource{1000}
11-16 08:05:18.105   742   797 D WifiConnectivityManager: periodicScanTimerHandler
11-16 08:05:18.111   742   797 D WifiConnectivityManager: No full band scan due to heavy traffic, txSuccessRate=0.0025079846382141113 rxSuccessRate=27.923710227012634
11-16 08:05:18.112   742   797 D WifiConfigManager: makeChannelList age=3600000 for "75F"WPA_PSK max=6 bssids=6
11-16 08:05:18.113   742   797 D WifiConfigManager: has d0:15:a6:87:ee:92 freq=5260 age=1637071518111 ?=false
11-16 08:05:18.114   742   797 D WifiConfigManager: has d0:15:a6:88:1a:e2 freq=2437 age=1637071518111 ?=false
11-16 08:05:18.114   742   797 D WifiConfigManager: has d0:15:a6:87:ee:82 freq=2412 age=1637071518111 ?=false
11-16 08:05:18.115   742   797 D WifiConfigManager: has d0:15:a6:87:e3:32 freq=5500 age=1637071518111 ?=false
11-16 08:05:18.116   742   797 D WifiConfigManager: has d0:15:a6:87:bd:12 freq=5180 age=652 ?=true
11-16 08:05:18.117   742   797 D WifiConfigManager: has d0:15:a6:87:bd:02 freq=2462 age=1637071518111 ?=false
11-16 08:05:18.121   742   797 D WifiConnectivityManager: startSingleScan: android.net.wifi.WifiScanner$ScanSettings@348347d
11-16 08:05:18.121   742   797 D WifiScanner: startScan, pid:742, tid:797, uid:1000
11-16 08:05:18.122   742   797 I WifiConnectivityManager: schedulePeriodicScanTimer: 80000
11-16 08:05:18.123   742   797 V AlarmManager: APP set with listener(WifiConnectivityManager Schedule Periodic Scan Timer) : type=2 triggerAtTime=230143 win=-1 tElapsed=230143 maxElapsed=290143 interval=0 flags=0x8
11-16 08:05:18.123   742   797 D AlarmManager:  whichBatch = -1
11-16 08:05:18.123   742   797 D AlarmManager: set alarm to RTC 230143
11-16 08:05:18.124   742   797 D PowerManagerNotifier: onWakeLockReleased: flags=1, tag="*alarm*", packageName=android, ownerUid=1000, ownerPid=742, workSource=WorkSource{1000}
11-16 08:05:18.125   742   799 D WifiScanningService: addSingleScanRequest: ClientInfo[uid=1000],Id=5,WorkSource{1010}, ScanSettings {  band:0 period:0 reportEvents:3 numBssidsPerScan:0 maxScansToCache:0 channels:[ 5180  ]  maxPeriodInMs:0 stepCount:0 } 
11-16 08:05:18.126   742   799 D WifiHAL : WifiRequest::create vendor command to iface 7, vendor_id=0x1a11, subcmd=0x0001, res=0
11-16 08:05:18.126   742   799 I WifiHAL : In GetChannelList::mBand=1
11-16 08:05:18.128   742   799 I WifiHAL : Get channel list with 11 channels
11-16 08:05:18.128   742   799 D WifiHAL : mChannels[0]=2412 mChannels[1]=2417
11-16 08:05:18.128   742   799 D WifiHAL : WifiRequest::create vendor command to iface 7, vendor_id=0x1a11, subcmd=0x0001, res=0
11-16 08:05:18.128   742   799 I WifiHAL : In GetChannelList::mBand=2
11-16 08:05:18.128   742   797 D WifiConnectivityManager: SingleScanListener onSuccess
11-16 08:05:18.130   742   799 I WifiHAL : Get channel list with 9 channels
11-16 08:05:18.130   742   799 D WifiHAL : mChannels[0]=5180 mChannels[1]=5200
11-16 08:05:18.130   742   799 D WifiHAL : WifiRequest::create vendor command to iface 7, vendor_id=0x1a11, subcmd=0x0001, res=0
11-16 08:05:18.131   742   799 I WifiHAL : In GetChannelList::mBand=4
11-16 08:05:18.133   742   799 I WifiHAL : Get channel list with 16 channels
11-16 08:05:18.133   742   799 D WifiHAL : mChannels[0]=5260 mChannels[1]=5280
11-16 08:05:18.136   742   799 D WifiScanningService: tryToStartNewScan startSingleScan: base_period_ms0 num_buckets= 1
11-16 08:05:18.137   742   799 D WifiHW  : enter -->wifi_send_command cmd=IFNAME=wlan0 SCAN TYPE=ONLY freq=5180
11-16 08:05:18.137  1038  1038 D wpa_supplicant: wlan0: Control interface command 'SCAN TYPE=ONLY freq=5180'
11-16 08:05:18.137  1038  1038 D wpa_supplicant: hw.num_modes = 3
11-16 08:05:18.137  1038  1038 D wpa_supplicant: wlan0: Setting scan request: 0.000000 sec
11-16 08:05:18.137   742   799 D WifiHW  : leave --> reply=OK
11-16 08:05:18.137   742   799 D WifiHW  : 
11-16 08:05:18.137  1038  1038 D wpa_supplicant: wlan0: Starting AP scan for wildcard SSID
11-16 08:05:18.137  1038  1038 D wpa_supplicant: P2P: * P2P IE header
11-16 08:05:18.137  1038  1038 D wpa_supplicant: P2P: * Capability dev=25 group=00
11-16 08:05:18.137  1038  1038 D wpa_supplicant: P2P: * Listen Channel: Regulatory Class 81 Channel 6
11-16 08:05:18.137  1038  1038 D wpa_supplicant: wlan0: Limit manual scan to specified channels
11-16 08:05:18.137  1038  1038 D wpa_supplicant: wlan0: Add radio work 'scan'@0x7bffe2f540
11-16 08:05:18.137  1038  1038 D wpa_supplicant: wlan0: First radio work item in the queue - schedule start immediately
11-16 08:05:18.138  1038  1038 D wpa_supplicant: wlan0: Starting radio work 'scan'@0x7bffe2f540 after 0.000082 second wait
11-16 08:05:18.138  1038  1038 D wpa_supplicant: wlan0: nl80211: scan request
11-16 08:05:18.138  1038  1038 D wpa_supplicant: nl80211: Scan SSID - hexdump(len=0): [NULL]
11-16 08:05:18.138  1038  1038 D wpa_supplicant: nl80211: Scan extra IEs - hexdump(len=159): 7f 04 00 00 0a 02 dd 84 00 50 f2 04 10 4a 00 01 10 10 3a 00 01 00 10 08 00 02 42 88 10 47 00 10 73 c3 0a 66 1a de 5e 68 be 58 8b b3 e0 37 8b d4 10 54 00 08 00 0a 00 50 f2 04 00 05 10 3c 00 01 03 10 02 00 02 00 00 10 09 00 02 00 00 10 12 00 02 00 00 10 21 00 07 53 69 6d 62 61 6e 73 10 23 00 08 54 61 6e 67 6f 54 61 62 10 24 00 08 54 61 6e 67 6f 54 61 62 10 11 00 08 54 61 6e 67 6f 54 61 62 10 49 00 06 00 37 2a 00 01 20 dd 11 50 6f 9a 09 02 02 00 25 00 06 05 00 58 58 04 51 06
11-16 08:05:18.138  1038  1038 D wpa_supplicant: nl80211: Scan frequency 5180 MHz
11-16 08:05:18.141   742   799 D SupplicantWifiScannerImpl: Starting wifi scan for freqs={5180}, background=false, single=true
11-16 08:05:18.141   742   799 V AlarmManager: APP set with listener(SupplicantWifiScannerImpl Scan Timeout) : type=2 triggerAtTime=165161 win=-1 tElapsed=165161 maxElapsed=176410 interval=0 flags=0x8
11-16 08:05:18.142   742   799 D AlarmManager:  whichBatch = -1
11-16 08:05:18.142   742   799 D AlarmManager: set alarm to RTC 165161
11-16 08:05:18.144  1038  1038 D wpa_supplicant: Scan requested (ret=0) - scan timeout 30 seconds
11-16 08:05:18.144  1038  1038 D wpa_supplicant: nl80211: Ignored event (cmd=33) for foreign interface (ifindex 7 wdev 0x0)
11-16 08:05:18.144  1038  1038 D wpa_supplicant: nl80211: Drv Event 33 (NL80211_CMD_TRIGGER_SCAN) received for wlan0
11-16 08:05:18.144  1038  1038 D wpa_supplicant: wlan0: nl80211: Scan trigger
11-16 08:05:18.144  1038  1038 D wpa_supplicant: wlan0: Event SCAN_STARTED (47) received
11-16 08:05:18.144  1038  1038 D wpa_supplicant: wlan0: Own scan request started a scan in 0.000320 seconds
11-16 08:05:18.144  1038  1038 D wpa_supplicant: CTRL_IFACE monitor sent successfully to /data/misc/wifi/sockets/wpa_ctrl_742-2\x00
11-16 08:05:18.144   742  1116 D WifiHW  : [1] get event: IFNAME=wlan0 <3>CTRL-EVENT-SCAN-STARTED 
11-16 08:05:18.144   742  1116 D WifiHW  : [2] get event: IFNAME=wlan0 CTRL-EVENT-SCAN-STARTED 
11-16 08:05:18.147   742  1116 D WifiMonitor: Dispatching event to interface: wlan0
11-16 08:05:18.148   742  1116 D WifiHW  : enter -->wifi_wait_on_socket buflen=2048
11-16 08:05:18.238  1038  1038 D wpa_supplicant: RTM_NEWLINK: ifi_index=7 ifname=wlan0 wext ifi_family=0 ifi_flags=0x11043 ([UP][RUNNING][LOWER_UP])
11-16 08:05:18.238   412   730 I Netd    : Get netlink event, ifname: wlan0 action: 4
11-16 08:05:18.239   412   730 D SocketClient: SocketClient sendData done: 600 Iface linkstate wlan0 up
11-16 08:05:18.239   345   345 D wifi2agps: scan result, found 3 APs
11-16 08:05:18.240   742   792 D NetdConnector: RCV <- {600 Iface linkstate wlan0 up}
11-16 08:05:18.242   345   345 D agps    : [WIFI2AGPS] wifi2agps_scanned
11-16 08:05:18.243   345   345 E agps    :  ERR: [WIFI2AGPS] sendto dest=[/data/agps_supl/wifi_2_agps] len=7952 reason=[No such file or directory]
11-16 08:05:18.243   345   345 E agps    :  ERR: [WIFI2AGPS] external_snd_cmd safe_sendto failed
11-16 08:05:18.243  1038  1038 D wpa_supplicant: nl80211: Ignored event (cmd=34) for foreign interface (ifindex 7 wdev 0x0)
11-16 08:05:18.243  1038  1038 D wpa_supplicant: nl80211: Drv Event 34 (NL80211_CMD_NEW_SCAN_RESULTS) received for wlan0
11-16 08:05:18.243  1038  1038 D wpa_supplicant: wlan0: nl80211: New scan results available
11-16 08:05:18.243  1038  1038 D wpa_supplicant: nl80211: Scan included frequencies: 5180
11-16 08:05:18.243   742   764 D NetworkManagement: onEvent:600 Iface linkstate wlan0 up:5
11-16 08:05:18.243  1038  1038 D wpa_supplicant: wlan0: Event SCAN_RESULTS (3) received
11-16 08:05:18.243  1038  1038 D wpa_supplicant: wlan0: Scan completed in 0.099578 seconds
11-16 08:05:18.244  1038  1038 D wpa_supplicant: nl80211: Associated on 5180 MHz
11-16 08:05:18.244  1038  1038 D wpa_supplicant: nl80211: Associated with d0:15:a6:87:bd:12
11-16 08:05:18.244  1038  1038 D wpa_supplicant: nl80211: Received scan results (4 BSSes)
11-16 08:05:18.244  1038  1038 D wpa_supplicant: nl80211: Scan results indicate BSS status with d0:15:a6:87:bd:12 as associated
11-16 08:05:18.244  1038  1038 D wpa_supplicant: wlan0: BSS: Start scan result update 5
11-16 08:05:18.244   742   764 D Tethering: interfaceLinkStateChanged wlan0, true
11-16 08:05:18.244  1038  1038 D wpa_supplicant: wlan0: BSS: Add new id 76 BSSID da:5d:df:45:67:70 SSID 'XFINITY' freq 5180
11-16 08:05:18.244  1038  1038 D wpa_supplicant: wlan0: BSS: Remove id 1 BSSID d0:15:a6:87:bd:10 SSID '' due to no match in scan
11-16 08:05:18.244   742   764 D Tethering: interfaceStatusChanged wlan0, true
11-16 08:05:18.244  1038  1038 D wpa_supplicant: BSS: last_scan_res_used=4/128
11-16 08:05:18.244  1038  1038 D wpa_supplicant: wlan0: Scan-only results received
11-16 08:05:18.244  1038  1038 D wpa_supplicant: CTRL_IFACE monitor sent successfully to /data/misc/wifi/sockets/wpa_ctrl_742-2\x00
11-16 08:05:18.244  1038  1038 D wpa_supplicant: wlan0: Radio work 'scan'@0x7bffe2f540 done in 0.106924 seconds
11-16 08:05:18.244   742  1116 D WifiHW  : [1] get event: IFNAME=wlan0 <3>CTRL-EVENT-SCAN-RESULTS 
11-16 08:05:18.244  1038  1038 D wpa_supplicant: wlan0: radio_work_free('scan'@0x7bffe2f540: num_active_works --> 0
11-16 08:05:18.245   742  1116 D WifiHW  : [2] get event: IFNAME=wlan0 CTRL-EVENT-SCAN-RESULTS 
11-16 08:05:18.248   742  1116 D WifiMonitor: Dispatching event to interface: wlan0
11-16 08:05:18.248   742  1116 D WifiHW  : enter -->wifi_wait_on_socket buflen=2048
11-16 08:05:18.248   742   799 D AlarmManager: manual remove option = null
11-16 08:05:18.249   742   799 D AlarmManager: remove(operation) changed bounds; rebatching operation = null
11-16 08:05:18.249   742   799 D AlarmManager:  whichBatch = -1
11-16 08:05:18.249   742   799 D AlarmManager:  whichBatch = -1
11-16 08:05:18.250   742   799 D AlarmManager:  whichBatch = -1
11-16 08:05:18.250   742   797 D WifiStateMachine:  ConnectedState !SCAN_RESULTS_EVENT  rt=150269/150269 0 0 found=76 known=0 got=76 bcn=0 con=1
11-16 08:05:18.250   742   799 D AlarmManager:  whichBatch = -1
11-16 08:05:18.250   742   799 D AlarmManager:  whichBatch = -1
11-16 08:05:18.250   742   799 D AlarmManager:  whichBatch = -1
11-16 08:05:18.251   742   799 D AlarmManager:  whichBatch = -1
11-16 08:05:18.251   742   799 D AlarmManager:  whichBatch = -1
11-16 08:05:18.251   742   799 D AlarmManager:  whichBatch = -1
11-16 08:05:18.251   742   799 D AlarmManager:  whichBatch = -1
11-16 08:05:18.252   742   797 D WifiStateMachine:  L2ConnectedState !SCAN_RESULTS_EVENT  rt=150271/150271 0 0 found=76 known=0 got=76 bcn=0 con=1
11-16 08:05:18.252   742   799 D AlarmManager:  whichBatch = -1
11-16 08:05:18.252   742   799 D AlarmManager:  whichBatch = -1
11-16 08:05:18.252   742   799 D AlarmManager:  whichBatch = -1
11-16 08:05:18.252   742   799 D AlarmManager:  whichBatch = -1
11-16 08:05:18.252   742   799 D AlarmManager:  whichBatch = -1
11-16 08:05:18.253   742   799 D AlarmManager:  whichBatch = -1
11-16 08:05:18.253   742   799 D AlarmManager: set alarm to RTC 230143
11-16 08:05:18.253   742   799 D SupplicantWifiScannerImpl: Polling scan data for scan: 0
11-16 08:05:18.253   742   797 D WifiStateMachine:  ConnectModeState !SCAN_RESULTS_EVENT  rt=150273/150273 0 0 found=76 known=0 got=76 bcn=0 con=1
11-16 08:05:18.253   742   799 D WifiHW  : enter -->wifi_send_command cmd=IFNAME=wlan0 BSS RANGE=0- MASK=0x29d87
11-16 08:05:18.255   742   797 D WifiStateMachine:  DriverStartedState !SCAN_RESULTS_EVENT  rt=150274/150274 0 0 found=76 known=0 got=76 bcn=0 con=1
11-16 08:05:18.256   742   799 D WifiHW  : leave --> reply=id=0
11-16 08:05:18.256   742   799 D WifiHW  : bssid=d0:15:a6:87:bd:13
11-16 08:05:18.256   742   799 D WifiHW  : freq=5180
11-16 08:05:18.256   742   799 D WifiHW  : level=-51
11-16 08:05:18.256   742   799 D WifiHW  : tsf=0000000150259371
11-16 08:05:18.256   742   799 D WifiHW  : ie=00093735465f477565737401088c129824b048606c030124071055532024042434041e640c1e9505240020010023021f0030140100000fac040100000fac040100000fac0228000b0500001b8671460573d001000d33050124282c3033050234383c40330d0464686c7074787c8084888c9033050395999da14306000c867186712d1aef091bffffff00000000000000000000000000000000000000003d16240504000000000000000000000000000000000000007f080400080000000040bf0cb2798a33eaff0000eaff0000c005012a000000c30402484848dd180050f2020101840003a4000027a4000042435e0062322f00
11-16 08:05:18.256   742   799 D WifiHW  : flags=[WPA2-PSK-CCMP][ESS]
11-16 08:05:18.256   742   799 D WifiHW  : ssid=75F_Guest
11-16 08:05:18.256   742   799 D WifiHW  : ====
11-16 08:05:18.256   742   799 D WifiHW  : id=2
11-16 08:05:18.256   742   799 D WifiHW  : bssid=d0:15:a6:87:bd:12
11-16 08:05:18.256   742   799 D WifiHW  : freq=5180
11-16 08:05:18.256   742   799 D WifiHW  : level=-52
11-16 08:05:18.256   742   799 D WifiHW  : tsf=0000000150259390
11-16 08:05:18.256   742   799 D WifiHW  : ie=000337354601088c129824b048606c030124071055532024042434041e640c1e9505240020010023021f0030140100000fac040100000fac040100000fac0228000b0511001b8671460573d001000d33050124282c3033050234383c40330d0464686c7074787c8084888c9033050395999da14306000c867186712d1aef091bffffff00000000000000000000000000000000000000003d162405040000000000000
11-16 08:05:18.256   742   797 D WifiStateMachine:  SupplicantStartedState !SCAN_RESULTS_EVENT  rt=150276/150276 0 0 found=76 known=0 got=76 bcn=0 con=1
11-16 08:05:18.257   742   797 D WifiHW  : enter -->wifi_send_command cmd=IFNAME=wlan0 BSS RANGE=0- MASK=0x29d87
11-16 08:05:18.259   742   797 D WifiHW  : leave --> reply=id=0
11-16 08:05:18.259   742   797 D WifiHW  : bssid=d0:15:a6:87:bd:13
11-16 08:05:18.259   742   797 D WifiHW  : freq=5180
11-16 08:05:18.259   742   797 D WifiHW  : level=-51
11-16 08:05:18.259   742   797 D WifiHW  : tsf=0000000150259371
11-16 08:05:18.259   742   797 D WifiHW  : ie=00093735465f477565737401088c129824b048606c030124071055532024042434041e640c1e9505240020010023021f0030140100000fac040100000fac040100000fac0228000b0500001b8671460573d001000d33050124282c3033050234383c40330d0464686c7074787c8084888c9033050395999da14306000c867186712d1aef091bffffff00000000000000000000000000000000000000003d16240504000000000000000000000000000000000000007f080400080000000040bf0cb2798a33eaff0000eaff0000c005012a000000c30402484848dd180050f2020101840003a4000027a4000042435e0062322f00
11-16 08:05:18.259   742   797 D WifiHW  : flags=[WPA2-PSK-CCMP][ESS]
11-16 08:05:18.259   742   797 D WifiHW  : ssid=75F_Guest
11-16 08:05:18.259   742   797 D WifiHW  : ====
11-16 08:05:18.259   742   797 D WifiHW  : id=2
11-16 08:05:18.259   742   797 D WifiHW  : bssid=d0:15:a6:87:bd:12
11-16 08:05:18.259   742   797 D WifiHW  : freq=5180
11-16 08:05:18.259   742   797 D WifiHW  : level=-52
11-16 08:05:18.259   742   797 D WifiHW  : tsf=0000000150259390
11-16 08:05:18.259   742   797 D WifiHW  : ie=000337354601088c129824b048606c030124071055532024042434041e640c1e9505240020010023021f0030140100000fac040100000fac040100000fac0228000b0511001b8671460573d001000d33050124282c3033050234383c40330d0464686c7074787c8084888c9033050395999da14306000c867186712d1aef091bffffff00000000000000000000000000000000000000003d162405040000000000000
11-16 08:05:18.287   742   752 I art     : Enter while loop.
11-16 08:05:18.292   742   799 D WifiHW  : enter -->wifi_send_command cmd=IFNAME=wlan0 BSS RANGE=7- MASK=0x29d87
11-16 08:05:18.294   742   799 D WifiHW  : leave --> reply=id=7
11-16 08:05:18.294   742   799 D WifiHW  : bssid=d0:15:a6:87:ee:90
11-16 08:05:18.294   742   799 D WifiHW  : freq=5260
11-16 08:05:18.294   742   799 D WifiHW  : level=-64
11-16 08:05:18.294   742   799 D WifiHW  : tsf=0000000093633244
11-16 08:05:18.294   742   799 D WifiHW  : ie=000001088c129824b048606c030134050400010000071055532024042434041e640c1e9505240020010023021e0030140100000fac040100000fac040100000fac0200002d1a6f081bffffff00000000000000000000000000000000000000003d16340504000000000000000000000000000000000000007f080400080000000040bf0c31788a33eaff0000eaff0000c005013a000000c304023c3c3cdd180050f2020101840003a4000027a4000042435e0062322f00dd41000b86010708000bd015a687ee900000000028001f3835313561373732616231343861343533623435616562366464623539316614000a434e4a304a535339394add07000b860104081e
11-16 08:05:18.294   742   799 D WifiHW  : flags=[WPA2-PSK-CCMP][ESS]
11-16 08:05:18.294   742   799 D WifiHW  : ssid=
11-16 08:05:18.294   742   799 D WifiHW  : ====
11-16 08:05:18.294   742   799 D WifiHW  : id=8
11-16 08:05:18.294   742   799 D WifiHW  : bssid=d0:15:a6:87:ee:93
11-16 08:05:18.294   742   799 D WifiHW  : freq=5260
11-16 08:05:18.294   742   799 D WifiHW  : level=-64
11-16 08:05:18.294   742   799 D WifiHW  : tsf=0000000093633265
11-16 08:05:18.294   742   799 D WifiHW  : ie=00093735465f477565737401088c129824b048606c030134050400010000071055532024042434041e640c1e9505240020010023021e0030140100000fac040100000fac040100000fac0228000b05000005a17733050124282c3033050234383c40330d0464686c7074787c8084888c9033050395999da14306000c127a127a460573d001000d2d1aef091bffffff000000000000000000
11-16 08:05:18.295   742   797 D WifiHW  : enter -->wifi_send_command cmd=IFNAME=wlan0 BSS RANGE=7- MASK=0x29d87
11-16 08:05:18.297   742   797 D WifiHW  : leave --> reply=id=7
11-16 08:05:18.297   742   797 D WifiHW  : bssid=d0:15:a6:87:ee:90
11-16 08:05:18.297   742   797 D WifiHW  : freq=5260
11-16 08:05:18.297   742   797 D WifiHW  : level=-64
11-16 08:05:18.297   742   797 D WifiHW  : tsf=0000000093633244
11-16 08:05:18.297   742   797 D WifiHW  : ie=000001088c129824b048606c030134050400010000071055532024042434041e640c1e9505240020010023021e0030140100000fac040100000fac040100000fac0200002d1a6f081bffffff00000000000000000000000000000000000000003d16340504000000000000000000000000000000000000007f080400080000000040bf0c31788a33eaff0000eaff0000c005013a000000c304023c3c3cdd180050f2020101840003a4000027a4000042435e0062322f00dd41000b86010708000bd015a687ee900000000028001f3835313561373732616231343861343533623435616562366464623539316614000a434e4a304a535339394add07000b860104081e
11-16 08:05:18.297   742   797 D WifiHW  : flags=[WPA2-PSK-CCMP][ESS]
11-16 08:05:18.297   742   797 D WifiHW  : ssid=
11-16 08:05:18.297   742   797 D WifiHW  : ====
11-16 08:05:18.297   742   797 D WifiHW  : id=8
11-16 08:05:18.297   742   797 D WifiHW  : bssid=d0:15:a6:87:ee:93
11-16 08:05:18.297   742   797 D WifiHW  : freq=5260
11-16 08:05:18.297   742   797 D WifiHW  : level=-64
11-16 08:05:18.297   742   797 D WifiHW  : tsf=0000000093633265
11-16 08:05:18.297   742   797 D WifiHW  : ie=00093735465f477565737401088c129824b048606c030134050400010000071055532024042434041e640c1e9505240020010023021e0030140100000fac040100000fac040100000fac0228000b05000005a17733050124282c3033050234383c40330d0464686c7074787c8084888c9033050395999da14306000c127a127a460573d001000d2d1aef091bffffff000000000000000000
11-16 08:05:18.333   742   799 D WifiHW  : enter -->wifi_send_command cmd=IFNAME=wlan0 BSS RANGE=14- MASK=0x29d87
11-16 08:05:18.335   742   799 D WifiHW  : leave --> reply=id=14
11-16 08:05:18.335   742   799 D WifiHW  : bssid=d0:15:a6:87:bd:02
11-16 08:05:18.335   742   799 D WifiHW  : freq=2462
11-16 08:05:18.335   742   799 D WifiHW  : level=-45
11-16 08:05:18.335   742   799 D WifiHW  : tsf=0000000093633066
11-16 08:05:18.335   742   799 D WifiHW  : ie=000337354601088c1298243048606c03010b0706555320010b24200100230218002a010230140100000fac040100000fac040100000fac0228000b050000917355460573d001000d33040c01060b4306000c735573552d1aad091bffff0000000000000000000000000000000000000000003d160b0001000000000000000000000000000000000000007f080400080000000040dd180050f2020101800003a4000027a4000042435e0062322f00
11-16 08:05:18.335   742   799 D WifiHW  : flags=[WPA2-PSK-CCMP][ESS]
11-16 08:05:18.335   742   799 D WifiHW  : ssid=75F
11-16 08:05:18.335   742   799 D WifiHW  : ====
11-16 08:05:18.335   742   799 D WifiHW  : id=15
11-16 08:05:18.335   742   799 D WifiHW  : bssid=08:b4:b1:be:23:49
11-16 08:05:18.335   742   799 D WifiHW  : freq=2462
11-16 08:05:18.335   742   799 D WifiHW  : level=-56
11-16 08:05:18.335   742   799 D WifiHW  : tsf=0000000093633055
11-16 08:05:18.335   742   799 D WifiHW  : ie=000b3735467465737463617274010882848b960c12182403010b0706555320010b1e2a010032043048606c30140100000fac040100000fac040100000fac020c00460572000000003b0251002d1aed111bffff0000000000000000000001000000000000000000003d160b0000000000000000000000000000000000000000007f080400080200000040dd1a00904c0408bf0cb2398133faff0000faff0000c005000000fcffdd180050f2020101000003a4000027a4000042435e0062322f00dd0cf4f5e805070100000000000a
11-16 08:05:18.335   742   799 D WifiHW  : flags=[WPA2-PSK-CCMP][ESS]
11-16 08:05:18.335   742   799 D WifiHW  : ssid=75Ftestcart
11-16 08:05:18.335   742   799 D WifiHW  : ====
11-16 08:05:18.335   742   799 D WifiHW  : id=16
11-16 08:05:18.335   742   799 D WifiHW  : b
11-16 08:05:18.335   742   797 D WifiHW  : enter -->wifi_send_command cmd=IFNAME=wlan0 BSS RANGE=14- MASK=0x29d87
11-16 08:05:18.337   742   797 D WifiHW  : leave --> reply=id=14
11-16 08:05:18.337   742   797 D WifiHW  : bssid=d0:15:a6:87:bd:02
11-16 08:05:18.337   742   797 D WifiHW  : freq=2462
11-16 08:05:18.337   742   797 D WifiHW  : level=-45
11-16 08:05:18.337   742   797 D WifiHW  : tsf=0000000093633066
11-16 08:05:18.337   742   797 D WifiHW  : ie=000337354601088c1298243048606c03010b0706555320010b24200100230218002a010230140100000fac040100000fac040100000fac0228000b050000917355460573d001000d33040c01060b4306000c735573552d1aad091bffff0000000000000000000000000000000000000000003d160b0001000000000000000000000000000000000000007f080400080000000040dd180050f2020101800003a4000027a4000042435e0062322f00
11-16 08:05:18.337   742   797 D WifiHW  : flags=[WPA2-PSK-CCMP][ESS]
11-16 08:05:18.337   742   797 D WifiHW  : ssid=75F
11-16 08:05:18.337   742   797 D WifiHW  : ====
11-16 08:05:18.337   742   797 D WifiHW  : id=15
11-16 08:05:18.337   742   797 D WifiHW  : bssid=08:b4:b1:be:23:49
11-16 08:05:18.337   742   797 D WifiHW  : freq=2462
11-16 08:05:18.337   742   797 D WifiHW  : level=-56
11-16 08:05:18.337   742   797 D WifiHW  : tsf=0000000093633055
11-16 08:05:18.337   742   797 D WifiHW  : ie=000b3735467465737463617274010882848b960c12182403010b0706555320010b1e2a010032043048606c30140100000fac040100000fac040100000fac020c00460572000000003b0251002d1aed111bffff0000000000000000000001000000000000000000003d160b0000000000000000000000000000000000000000007f080400080200000040dd1a00904c0408bf0cb2398133faff0000faff0000c005000000fcffdd180050f2020101000003a4000027a4000042435e0062322f00dd0cf4f5e805070100000000000a
11-16 08:05:18.337   742   797 D WifiHW  : flags=[WPA2-PSK-CCMP][ESS]
11-16 08:05:18.337   742   797 D WifiHW  : ssid=75Ftestcart
11-16 08:05:18.337   742   797 D WifiHW  : ====
11-16 08:05:18.337   742   797 D WifiHW  : id=16
11-16 08:05:18.337   742   797 D WifiHW  : b
11-16 08:05:18.373   742   799 D WifiHW  : enter -->wifi_send_command cmd=IFNAME=wlan0 BSS RANGE=22- MASK=0x29d87
11-16 08:05:18.375   742   799 D WifiHW  : leave --> reply=id=22
11-16 08:05:18.375   742   799 D WifiHW  : bssid=d0:15:a6:87:e3:32
11-16 08:05:18.375   742   799 D WifiHW  : freq=5500
11-16 08:05:18.375   742   799 D WifiHW  : level=-74
11-16 08:05:18.375   742   799 D WifiHW  : tsf=0000000093633289
11-16 08:05:18.375   742   799 D WifiHW  : ie=000337354601088c129824b048606c030164050400010000071055532024042434041e640c1e9505240020010023021e0030140100000fac040100000fac040100000fac0228000b05040006a17733050124282c3033050234383c40330d0464686c7074787c8084888c9033050395999da14306000c127a127a460573d001000d2d1aef091bffffff00000000000000000000000000000000000000003d16640504000000000000000000000000000000000000007f080400080000000040bf0cb2798a33eaff0000eaff0000c005016a000000c304023c3c3cdd180050f2020101800003a4000027a4000042435e0062322f00dd07000b860104081e
11-16 08:05:18.375   742   799 D WifiHW  : flags=[WPA2-PSK-CCMP][ESS]
11-16 08:05:18.375   742   799 D WifiHW  : ssid=75F
11-16 08:05:18.375   742   799 D WifiHW  : ====
11-16 08:05:18.375   742   799 D WifiHW  : id=23
11-16 08:05:18.375   742   799 D WifiHW  : bssid=d0:15:a6:87:e3:33
11-16 08:05:18.375   742   799 D WifiHW  : freq=5500
11-16 08:05:18.375   742   799 D WifiHW  : level=-73
11-16 08:05:18.375   742   799 D WifiHW  : tsf=0000000093633301
11-16 08:05:18.375   742   799 D WifiHW  : ie=00093735465f477565737401088c129824b048606c030164050400010000071055532024042434041e640c1e9505240020010023021e0030140100000fac040100000fac040100000fac0228000b05000006a17733050124282c3033050234383c40330d0464686c7074787c8084888c9033050395999da14306000c127a127a460573d001000d2d1aef091bffffff0000000000000000000000000
11-16 08:05:18.376   742   797 D WifiHW  : enter -->wifi_send_command cmd=IFNAME=wlan0 BSS RANGE=22- MASK=0x29d87
11-16 08:05:18.378   742   797 D WifiHW  : leave --> reply=id=22
11-16 08:05:18.378   742   797 D WifiHW  : bssid=d0:15:a6:87:e3:32
11-16 08:05:18.378   742   797 D WifiHW  : freq=5500
11-16 08:05:18.378   742   797 D WifiHW  : level=-74
11-16 08:05:18.378   742   797 D WifiHW  : tsf=0000000093633289
11-16 08:05:18.378   742   797 D WifiHW  : ie=000337354601088c129824b048606c030164050400010000071055532024042434041e640c1e9505240020010023021e0030140100000fac040100000fac040100000fac0228000b05040006a17733050124282c3033050234383c40330d0464686c7074787c8084888c9033050395999da14306000c127a127a460573d001000d2d1aef091bffffff00000000000000000000000000000000000000003d16640504000000000000000000000000000000000000007f080400080000000040bf0cb2798a33eaff0000eaff0000c005016a000000c304023c3c3cdd180050f2020101800003a4000027a4000042435e0062322f00dd07000b860104081e
11-16 08:05:18.378   742   797 D WifiHW  : flags=[WPA2-PSK-CCMP][ESS]
11-16 08:05:18.378   742   797 D WifiHW  : ssid=75F
11-16 08:05:18.378   742   797 D WifiHW  : ====
11-16 08:05:18.378   742   797 D WifiHW  : id=23
11-16 08:05:18.378   742   797 D WifiHW  : bssid=d0:15:a6:87:e3:33
11-16 08:05:18.378   742   797 D WifiHW  : freq=5500
11-16 08:05:18.378   742   797 D WifiHW  : level=-73
11-16 08:05:18.378   742   797 D WifiHW  : tsf=0000000093633301
11-16 08:05:18.378   742   797 D WifiHW  : ie=00093735465f477565737401088c129824b048606c030164050400010000071055532024042434041e640c1e9505240020010023021e0030140100000fac040100000fac040100000fac0228000b05000006a17733050124282c3033050234383c40330d0464686c7074787c8084888c9033050395999da14306000c127a127a460573d001000d2d1aef091bffffff0000000000000000000000000
11-16 08:05:18.409   742   799 D WifiHW  : enter -->wifi_send_command cmd=IFNAME=wlan0 BSS RANGE=28- MASK=0x29d87
11-16 08:05:18.411   742   799 D WifiHW  : leave --> reply=id=28
11-16 08:05:18.411   742   799 D WifiHW  : bssid=fe:ec:da:bd:82:82
11-16 08:05:18.411   742   799 D WifiHW  : freq=2462
11-16 08:05:18.411   742   799 D WifiHW  : level=-72
11-16 08:05:18.411   742   799 D WifiHW  : tsf=0000000077390581
11-16 08:05:18.411   742   799 D WifiHW  : ie=000f536f757468706f696e742d4d676d74010882848b968c12982403010b2a01003204b048606c0b0500009900002d1aac011bffffff00000000000000000001000000000000000000003d160b000d000000000000000000000000000000000000007f080000000000000040dd180050f2020101000003a4000027a4000042435e0062322f00dd0900037f01010000ff7fdd1300156d00010100010237e58106fcecdabc828230140100000fac040100000fac040100000fac020000
11-16 08:05:18.411   742   799 D WifiHW  : flags=[WPA2-PSK-CCMP][ESS]
11-16 08:05:18.411   742   799 D WifiHW  : ssid=Southpoint-Mgmt
11-16 08:05:18.411   742   799 D WifiHW  : ====
11-16 08:05:18.411   742   799 D WifiHW  : id=29
11-16 08:05:18.411   742   799 D WifiHW  : bssid=f0:2f:74:fa:96:f8
11-16 08:05:18.411   742   799 D WifiHW  : freq=5745
11-16 08:05:18.411   742   799 D WifiHW  : level=-81
11-16 08:05:18.411   742   799 D WifiHW  : tsf=0000000093633314
11-16 08:05:18.411   742   799 D WifiHW  : ie=000c436f6e74726f6c5f35472d3201088c129824b048606c30140100000fac040100000fac040100000fac020c000b05000029000042020000460530000000002d1ae30117ff000000000000000000000000000000000000000000003d16950511000000000000000000000000000000000000007f080400080000000040bf0cb279830faaff0000aaff0000c005019b000000c30402020202ddb00050f204104a0001101044000102103b00010310470010f37d2a5035f187bc7e38c21121221d8a102100154153555354654b20436f6d70757465722
11-16 08:05:18.414   742   797 D WifiHW  : enter -->wifi_send_command cmd=IFNAME=wlan0 BSS RANGE=28- MASK=0x29d87
11-16 08:05:18.416   742   797 D WifiHW  : leave --> reply=id=28
11-16 08:05:18.416   742   797 D WifiHW  : bssid=fe:ec:da:bd:82:82
11-16 08:05:18.416   742   797 D WifiHW  : freq=2462
11-16 08:05:18.416   742   797 D WifiHW  : level=-72
11-16 08:05:18.416   742   797 D WifiHW  : tsf=0000000077390581
11-16 08:05:18.416   742   797 D WifiHW  : ie=000f536f757468706f696e742d4d676d74010882848b968c12982403010b2a01003204b048606c0b0500009900002d1aac011bffffff00000000000000000001000000000000000000003d160b000d000000000000000000000000000000000000007f080000000000000040dd180050f2020101000003a4000027a4000042435e0062322f00dd0900037f01010000ff7fdd1300156d00010100010237e58106fcecdabc828230140100000fac040100000fac040100000fac020000
11-16 08:05:18.416   742   797 D WifiHW  : flags=[WPA2-PSK-CCMP][ESS]
11-16 08:05:18.416   742   797 D WifiHW  : ssid=Southpoint-Mgmt
11-16 08:05:18.416   742   797 D WifiHW  : ====
11-16 08:05:18.416   742   797 D WifiHW  : id=29
11-16 08:05:18.416   742   797 D WifiHW  : bssid=f0:2f:74:fa:96:f8
11-16 08:05:18.416   742   797 D WifiHW  : freq=5745
11-16 08:05:18.416   742   797 D WifiHW  : level=-81
11-16 08:05:18.416   742   797 D WifiHW  : tsf=0000000093633314
11-16 08:05:18.416   742   797 D WifiHW  : ie=000c436f6e74726f6c5f35472d3201088c129824b048606c30140100000fac040100000fac040100000fac020c000b05000029000042020000460530000000002d1ae30117ff000000000000000000000000000000000000000000003d16950511000000000000000000000000000000000000007f080400080000000040bf0cb279830faaff0000aaff0000c005019b000000c30402020202ddb00050f204104a0001101044000102103b00010310470010f37d2a5035f187bc7e38c21121221d8a102100154153555354654b20436f6d70757465722
11-16 08:05:18.441   742   799 D WifiHW  : enter -->wifi_send_command cmd=IFNAME=wlan0 BSS RANGE=33- MASK=0x29d87
11-16 08:05:18.451   742   799 D WifiHW  : leave --> reply=id=33
11-16 08:05:18.451   742   799 D WifiHW  : bssid=fe:ec:da:be:82:82
11-16 08:05:18.451   742   799 D WifiHW  : freq=5745
11-16 08:05:18.451   742   799 D WifiHW  : level=-83
11-16 08:05:18.451   742   799 D WifiHW  : tsf=0000000093633369
11-16 08:05:18.451   742   799 D WifiHW  : ie=000f536f757468706f696e742d4d676d7401088c129824b048606c0301952001030b0500001300002d1aef091bffffff00000000000000000001000000000000000000003d1695050d000000000000000000000000000000000000007f080000000000000040bf0cb2018033eaff0000eaff0000c005000000fcffc30402c4c4c4dd180050f2020101000003a4000027a4000042435e0062322f00dd0900037f01010000ff7fdd1300156d00010100010237e58106fcecdabc828230140100000fac040100000fac040100000fac020000
11-16 08:05:18.451   742   799 D WifiHW  : flags=[WPA2-PSK-CCMP][ESS]
11-16 08:05:18.451   742   799 D WifiHW  : ssid=Southpoint-Mgmt
11-16 08:05:18.451   742   799 D WifiHW  : ====
11-16 08:05:18.451   742   799 D WifiHW  : id=34
11-16 08:05:18.451   742   799 D WifiHW  : bssid=5c:fc:66:5b:9d:01
11-16 08:05:18.451   742   799 D WifiHW  : freq=2437
11-16 08:05:18.451   742   799 D WifiHW  : level=-78
11-16 08:05:18.451   742   799 D WifiHW  : tsf=0000000077390458
11-16 08:05:18.451   742   799 D WifiHW  : ie=000756504e54455354010698243048606c0301060706555320010b1e0b0500006d8d5b2a01002d1aac191bffffff000000000000000000000000000000000000000030140100000fac040100000fac040100000fac02280036036130013d16060005000000000000000000000000000000000000007f060010000001409606004096000e00dd180050f2020101800003a4000027a4000042435e0062322f00dd06004096010104dd050040960305dd050040960bc9dd050040961401
11-16 08:05:18.451   742   799 D WifiHW  : flags=[WPA
11-16 08:05:18.451   742   797 D WifiHW  : enter -->wifi_send_command cmd=IFNAME=wlan0 BSS RANGE=33- MASK=0x29d87
11-16 08:05:18.461   742   797 D WifiHW  : leave --> reply=id=33
11-16 08:05:18.461   742   797 D WifiHW  : bssid=fe:ec:da:be:82:82
11-16 08:05:18.461   742   797 D WifiHW  : freq=5745
11-16 08:05:18.461   742   797 D WifiHW  : level=-83
11-16 08:05:18.461   742   797 D WifiHW  : tsf=0000000093633369
11-16 08:05:18.461   742   797 D WifiHW  : ie=000f536f757468706f696e742d4d676d7401088c129824b048606c0301952001030b0500001300002d1aef091bffffff00000000000000000001000000000000000000003d1695050d000000000000000000000000000000000000007f080000000000000040bf0cb2018033eaff0000eaff0000c005000000fcffc30402c4c4c4dd180050f2020101000003a4000027a4000042435e0062322f00dd0900037f01010000ff7fdd1300156d00010100010237e58106fcecdabc828230140100000fac040100000fac040100000fac020000
11-16 08:05:18.461   742   797 D WifiHW  : flags=[WPA2-PSK-CCMP][ESS]
11-16 08:05:18.461   742   797 D WifiHW  : ssid=Southpoint-Mgmt
11-16 08:05:18.461   742   797 D WifiHW  : ====
11-16 08:05:18.461   742   797 D WifiHW  : id=34
11-16 08:05:18.461   742   797 D WifiHW  : bssid=5c:fc:66:5b:9d:01
11-16 08:05:18.461   742   797 D WifiHW  : freq=2437
11-16 08:05:18.461   742   797 D WifiHW  : level=-78
11-16 08:05:18.461   742   797 D WifiHW  : tsf=0000000077390458
11-16 08:05:18.461   742   797 D WifiHW  : ie=000756504e54455354010698243048606c0301060706555320010b1e0b0500006d8d5b2a01002d1aac191bffffff000000000000000000000000000000000000000030140100000fac040100000fac040100000fac02280036036130013d16060005000000000000000000000000000000000000007f060010000001409606004096000e00dd180050f2020101800003a4000027a4000042435e0062322f00dd06004096010104dd050040960305dd050040960bc9dd050040961401
11-16 08:05:18.461   742   797 D WifiHW  : flags=[WPA
11-16 08:05:18.462   203   203 I wmt_launcher: fw log ctrl flag has been set
11-16 08:05:18.462   203   203 I wmt_launcher: fw dynamic ctrl flag has been set
11-16 08:05:18.490   742   799 W WifiMode: NVRAM WARNING: Err = 0x10, Invalid SupportedRates!!!
11-16 08:05:18.491   742   799 D WifiHW  : enter -->wifi_send_command cmd=IFNAME=wlan0 BSS RANGE=41- MASK=0x29d87
11-16 08:05:18.493   742   799 D WifiHW  : leave --> reply=id=41
11-16 08:05:18.493   742   799 D WifiHW  : bssid=fc:ec:da:bd:82:a2
11-16 08:05:18.493   742   799 D WifiHW  : freq=2462
11-16 08:05:18.493   742   799 D WifiHW  : level=-65
11-16 08:05:18.493   742   799 D WifiHW  : tsf=0000000093633086
11-16 08:05:18.493   742   799 D WifiHW  : ie=0012536f757468706f696e74202d204775657374010882848b968c12982403010b2a01003204b048606c0b0502006b00002d1aac011bffffff00000000000000000001000000000000000000003d160b001f000000000000000000000000000000000000007f080000000000000040dd180050f2020101000003a4000027a4000042435e0062322f00dd0900037f01010000ff7fdd1300156d00010100010237e58106fcecdabc82a2
11-16 08:05:18.493   742   799 D WifiHW  : flags=[ESS]
11-16 08:05:18.493   742   799 D WifiHW  : ssid=Southpoint - Guest
11-16 08:05:18.493   742   799 D WifiHW  : ====
11-16 08:05:18.493   742   799 D WifiHW  : id=42
11-16 08:05:18.493   742   799 D WifiHW  : bssid=fc:ec:da:be:82:a2
11-16 08:05:18.493   742   799 D WifiHW  : freq=5745
11-16 08:05:18.493   742   799 D WifiHW  : level=-75
11-16 08:05:18.493   742   799 D WifiHW  : tsf=0000000093633381
11-16 08:05:18.493   742   799 D WifiHW  : ie=0012536f757468706f696e74202d20477565737401088c129824b048606c0301952001030b0500001400002d1aef091bffffff00000000000000000001000000000000000000003d1695050d000000000000000000000000000000000000007f080000000000000040bf0cb2018033eaff0000eaff0000c005000000fcffc30402c4c4c4dd180050f2020101000003a4000027a4000042435e0062322f00dd0900037f01010000ff7fdd1300156d00010100010237e58106fcecdabc82a2
11-16 08:05:18.493   742   799 D WifiHW  : flags=[ESS]
11-16 08:05:18.493   742   799 D WifiHW  : ssid=Southpoint - Guest
11-16 08:05:18.493   742   799 D WifiHW  : ====
11-16 08:05:18.493   742   799 D WifiHW  : id=43
11-16 08:05:18.493   742   799 D WifiHW  : bssid=fc:ec:da:bd:82:82
11-16 08:05:18.493   742   799 D WifiHW  : freq=2462
11-16 08:05:18.493   742   799 D WifiHW  : level=-72
11-16 08:05:18.493   742   799 D WifiHW  : tsf=000
11-16 08:05:18.499   742   797 W WifiMode: NVRAM WARNING: Err = 0x10, Invalid SupportedRates!!!
11-16 08:05:18.500   742   797 D WifiHW  : enter -->wifi_send_command cmd=IFNAME=wlan0 BSS RANGE=41- MASK=0x29d87
11-16 08:05:18.502   742   797 D WifiHW  : leave --> reply=id=41
11-16 08:05:18.502   742   797 D WifiHW  : bssid=fc:ec:da:bd:82:a2
11-16 08:05:18.502   742   797 D WifiHW  : freq=2462
11-16 08:05:18.502   742   797 D WifiHW  : level=-65
11-16 08:05:18.502   742   797 D WifiHW  : tsf=0000000093633086
