11-16 08:15:13.728 D/BroadcastQueue(  742): BDC-Delivering broadcast: Intent { act=android.intent.action.BATTERY_CHANGED flg=0x60000010 (has extras) }, queue=background, ordered=false, filter=BroadcastFilter{8bc745c u0 ReceiverList{c1e02cf 742 system/1000/u0 local:a79c72e}}, broadcastRecord=BroadcastRecord{d0c6516 u-1 android.intent.action.BATTERY_CHANGED}, receiver=null, #2
11-16 08:15:13.730 D/ActivityThread(  742): BDC-Calling onReceive: intent=Intent { act=android.intent.action.BATTERY_CHANGED flg=0x60000010 (has extras) }, ordered=false, receiver=com.android.server.UiModeManagerService$3@6b42590, IIntentReceiver=b860e89
11-16 08:15:13.735 D/BroadcastQueue(  742): BDC-Delivering broadcast: Intent { act=android.intent.action.BATTERY_CHANGED flg=0x60000010 (has extras) }, queue=background, ordered=false, filter=BroadcastFilter{ceb3dbf u0 ReceiverList{7fc57de 742 system/1000/u0 local:b1d1b19}}, broadcastRecord=BroadcastRecord{d0c6516 u-1 android.intent.action.BATTERY_CHANGED}, receiver=null, #3
11-16 08:15:13.736 D/BroadcastQueue(  742): BDC-Delivering broadcast: Intent { act=android.intent.action.BATTERY_CHANGED flg=0x60000010 (has extras) }, queue=background, ordered=false, filter=BroadcastFilter{34b11fd u0 ReceiverList{86dfe54 853 com.android.systemui/10017/u0 remote:b0819a7}}, broadcastRecord=BroadcastRecord{d0c6516 u-1 android.intent.action.BATTERY_CHANGED}, receiver=null, #4
11-16 08:15:13.741 D/ActivityThread(  742): BDC-Calling onReceive: intent=Intent { act=android.intent.action.BATTERY_CHANGED flg=0x60000010 (has extras) }, ordered=false, receiver=com.android.server.DeviceIdleController$1@c9875a9, IIntentReceiver=a79c72e
11-16 08:15:13.742 D/ActivityThread(  742): BDC-Calling onReceive: intent=Intent { act=android.intent.action.BATTERY_CHANGED flg=0x60000010 (has extras) }, ordered=false, receiver=com.android.server.wifi.WifiServiceImpl$1@9e44a60, IIntentReceiver=b1d1b19
11-16 08:15:13.742 D/WifiService(  742): onReceive, action:android.intent.action.BATTERY_CHANGED
11-16 08:15:13.746 D/ActivityThread(  853): BDC-Calling onReceive: intent=Intent { act=android.intent.action.BATTERY_CHANGED flg=0x60000010 (has extras) }, ordered=false, receiver=com.android.keyguard.KeyguardUpdateMonitor$3@2b7b52b, IIntentReceiver=6d909b0
11-16 08:15:13.746 D/KeyguardUpdateMonitor(  853): received broadcast android.intent.action.BATTERY_CHANGED
11-16 08:15:13.746 D/KeyguardUpdateMonitor(  853): handleBatteryUpdate
11-16 08:15:13.751 D/WifiController(  742): DeviceActiveState{ when=-9ms what=155652 arg1=2 target=com.android.internal.util.StateMachine$SmHandler }
11-16 08:15:13.752 D/WifiController(  742): StaEnabledState{ when=-9ms what=155652 arg1=2 target=com.android.internal.util.StateMachine$SmHandler }
11-16 08:15:13.752 D/WifiController(  742): DefaultState{ when=-10ms what=155652 arg1=2 target=com.android.internal.util.StateMachine$SmHandler }
11-16 08:15:13.752 D/WifiController(  742): battery changed pluggedType: 2
11-16 08:15:13.754 D/BroadcastQueue(  742): BDC-Delivering broadcast: Intent { act=android.intent.action.BATTERY_CHANGED flg=0x60000010 (has extras) }, queue=background, ordered=false, filter=BroadcastFilter{a4afb32 u0 ReceiverList{3c5a73d 742 system/1000/u0 local:b0ca094}}, broadcastRecord=BroadcastRecord{d0c6516 u-1 android.intent.action.BATTERY_CHANGED}, receiver=null, #5
11-16 08:15:13.756 D/BroadcastQueue(  742): BDC-Delivering broadcast: Intent { act=android.intent.action.BATTERY_CHANGED flg=0x60000010 (has extras) }, queue=background, ordered=false, filter=BroadcastFilter{21002d4 u0 ReceiverList{2956027 853 com.android.systemui/10017/u0 remote:ed962e6}}, broadcastRecord=BroadcastRecord{d0c6516 u-1 android.intent.action.BATTERY_CHANGED}, receiver=null, #6
11-16 08:15:13.761 D/ActivityThread(  742): BDC-Calling onReceive: intent=Intent { act=android.intent.action.BATTERY_CHANGED flg=0x60000010 (has extras) }, ordered=false, receiver=com.mediatek.lbsutils.LbsUtils$1@1cbdaa6, IIntentReceiver=b0ca094
11-16 08:15:13.764 D/ActivityThread(  853): BDC-Calling onReceive: intent=Intent { act=android.intent.action.BATTERY_CHANGED flg=0x60000010 (has extras) }, ordered=false, receiver=com.android.systemui.power.PowerUI$Receiver@8d23bd6, IIntentReceiver=ef44125
11-16 08:15:13.771 D/NetworkController.WifiSignalController(  853): Change in state from: connected=true,enabled=true,level=4,inetCondition=1,iconGroup=IconGroup(Wi-Fi Icons),activityIn=true,activityOut=false,rssi=-51,lastModified=11-16 08:15:12,ssid="75F"
11-16 08:15:13.771 D/NetworkController.WifiSignalController(  853): 	to: connected=true,enabled=true,level=4,inetCondition=1,iconGroup=IconGroup(Wi-Fi Icons),activityIn=false,activityOut=false,rssi=-51,lastModified=11-16 08:15:12,ssid="75F"
11-16 08:15:13.771 V/DisplayEventReceiver(  853): call nativeScheduleVsync mReceiverPtr = 547407001344
11-16 08:15:13.777 D/BroadcastQueue(  742): BDC-Delivering broadcast: Intent { act=android.intent.action.BATTERY_CHANGED flg=0x60000010 (has extras) }, queue=background, ordered=false, filter=BroadcastFilter{d727f17 u0 ReceiverList{eece796 1153 com.android.phone/1001/u0 remote:7ebb6b1}}, broadcastRecord=BroadcastRecord{d0c6516 u-1 android.intent.action.BATTERY_CHANGED}, receiver=null, #7
11-16 08:15:13.784 D/ActivityThread( 1153): BDC-Calling onReceive: intent=Intent { act=android.intent.action.BATTERY_CHANGED flg=0x60000010 (has extras) }, ordered=false, receiver=com.mediatek.internal.telephony.dataconnection.FdManager$1@6a372a7, IIntentReceiver=bb2667b
11-16 08:15:13.788 D/BroadcastQueue(  742): BDC-Delivering broadcast: Intent { act=android.intent.action.BATTERY_CHANGED flg=0x60000010 (has extras) }, queue=background, ordered=false, filter=BroadcastFilter{de1536e u0 ReceiverList{c718ae9 853 com.android.systemui/10017/u0 remote:285770}}, broadcastRecord=BroadcastRecord{d0c6516 u-1 android.intent.action.BATTERY_CHANGED}, receiver=null, #8
11-16 08:15:13.792 V/ViewRootImpl[StatusBar](  853): ViewRoot performTraversals+ : mFirst = false, this = ViewRoot{e1a27df StatusBar,ident = 1}
11-16 08:15:13.797 V/ViewRootImpl[StatusBar](  853): ViewRoot performTraversals and draw- : this = ViewRoot{e1a27df StatusBar,ident = 1} frame#161 (cancelDraw = false)
11-16 08:15:13.801 I/BufferQueueProducer(  211): [StatusBar](this:0x70c0d44800,id:10,api:1,p:853,c:211) queueBuffer: fps=0.99 dur=2019.25 max=1025.70 min=993.54
11-16 08:15:13.807 I/DisplayDevice(  211): [Built-in Screen (type:0)] fps:1.001342,dur:1997.32,max:1020.81,min:976.51
11-16 08:15:13.810 D/ActivityThread(  853): BDC-Calling onReceive: intent=Intent { act=android.intent.action.BATTERY_CHANGED flg=0x60000010 (has extras) }, ordered=false, receiver=com.android.systemui.statusbar.policy.BatteryControllerImpl@98ac84a, IIntentReceiver=72050a
11-16 08:15:13.810 D/BatteryMeterDrawable(  853): onBatteryLevelChanged level:2,plugedIn:true,charging:true
11-16 08:15:13.810 D/BatteryMeterDrawable(  853): onBatteryLevelChanged level:2,plugedIn:true,charging:true
11-16 08:15:13.811 V/DisplayEventReceiver(  853): call nativeScheduleVsync mReceiverPtr = 547407001344
11-16 08:15:13.815 D/BroadcastQueue(  742): BDC-Delivering broadcast: Intent { act=android.intent.action.BATTERY_CHANGED flg=0x60000010 (has extras) }, queue=background, ordered=false, filter=BroadcastFilter{d042018 u0 ReceiverList{9e657fb 1304 com.android.bluetooth/1002/u0 remote:57ec58a}}, broadcastRecord=BroadcastRecord{d0c6516 u-1 android.intent.action.BATTERY_CHANGED}, receiver=null, #9
11-16 08:15:13.824 D/ActivityThread( 1304): BDC-Calling onReceive: intent=Intent { act=android.intent.action.BATTERY_CHANGED flg=0x60000010 (has extras) }, ordered=false, receiver=com.android.bluetooth.hfp.HeadsetService$1@785552a, IIntentReceiver=cee5171
11-16 08:15:13.824 D/HeadsetStateMachine( 1304): Disconnected process message: 10, size: 0
11-16 08:15:13.826 D/BroadcastQueue(  742): BDC-Delivering broadcast: Intent { act=android.intent.action.BATTERY_CHANGED flg=0x60000010 (has extras) }, queue=background, ordered=false, filter=BroadcastFilter{8858b03 u0 ReceiverList{eee3fb2 1424 com.mediatek.dongle/1001/u0 remote:8912dbd}}, broadcastRecord=BroadcastRecord{d0c6516 u-1 android.intent.action.BATTERY_CHANGED}, receiver=null, #10
11-16 08:15:13.826 V/ViewRootImpl[StatusBar](  853): ViewRoot performTraversals+ : mFirst = false, this = ViewRoot{e1a27df StatusBar,ident = 1}
11-16 08:15:13.828 D/AppOps  (  742): noteOperation: allowing code 63 uid 10007 package com.android.providers.media
11-16 08:15:13.829 D/ActivityThread( 1424): BDC-Calling onReceive: intent=Intent { act=android.intent.action.BATTERY_CHANGED flg=0x60000010 (has extras) }, ordered=false, receiver=com.android.internal.tedongle.RIL$2@1205c17, IIntentReceiver=34593ad
11-16 08:15:13.829 V/ViewRootImpl[StatusBar](  853): ViewRoot performTraversals and draw- : this = ViewRoot{e1a27df StatusBar,ident = 1} frame#162 (cancelDraw = false)
11-16 08:15:13.830 D/BroadcastQueue(  742): BDC-Delivering broadcast: Intent { act=android.intent.action.BATTERY_CHANGED flg=0x60000010 (has extras) }, queue=background, ordered=false, filter=BroadcastFilter{15b7105 u0 ReceiverList{8e7d47c 1575 android.process.media/10007/u0 remote:5984f6f}}, broadcastRecord=BroadcastRecord{d0c6516 u-1 android.intent.action.BATTERY_CHANGED}, receiver=null, #11
11-16 08:15:13.833 D/ActivityThread( 1575): BDC-Calling onReceive: intent=Intent { act=android.intent.action.BATTERY_CHANGED flg=0x60000010 (has extras) }, ordered=false, receiver=android.mtp.MtpDatabase$1@ecf3606, IIntentReceiver=8022663
11-16 08:15:13.833 D/BroadcastQueue(  742): Non-ordered [background] BroadcastRecord{d0c6516 u-1 android.intent.action.BATTERY_CHANGED}, 12 receivers, Total: 118, Waiting: 0, Processing: 118
11-16 08:15:14.166 D/SurfaceFlinger(  211): [SF-WD] ERROR: open /dev/RT_Monitor failed.
11-16 08:15:14.166 D/SurfaceFlinger(  211): [SF-WD] ERROR: open /dev/RT_Monitor failed.
11-16 08:15:14.196 D/WifiStateMachine(  742):  ConnectedState !CMD_RSSI_POLL  rt=746200/746200 4 0 "75F" d0:15:a6:87:bd:12 rssi=-51 f=5180 sc=60 link=135 tx=0.0, 0.0, 0.0  rx=10.6 bcn=0 [on:0 tx:0 rx:0 period:2993] from screen [on:0 period:689574415] gl hn rssi=-46 ag=0 hr ticks 0,0,0 ls-=0 [56,56,56,56,61] brc=0 lrc=0 offload-stopped
11-16 08:15:14.211 D/WifiStateMachine(  742):  L2ConnectedState !CMD_RSSI_POLL  rt=746217/746217 4 0 "75F" d0:15:a6:87:bd:12 rssi=-51 f=5180 sc=60 link=135 tx=0.0, 0.0, 0.0  rx=10.6 bcn=0 [on:0 tx:0 rx:0 period:16] from screen [on:0 period:689574431] gl hn rssi=-46 ag=0 hr ticks 0,0,0 ls-=0 [56,56,56,56,61] brc=0 lrc=0 offload-stopped
11-16 08:15:14.211 D/WifiStateMachine(  742):  get link layer stats 0
11-16 08:15:14.213 D/WifiHW  (  742): enter -->wifi_send_command cmd=IFNAME=wlan0 SIGNAL_POLL
11-16 08:15:14.213 D/wpa_supplicant( 1038): wlan0: Control interface command 'SIGNAL_POLL'
11-16 08:15:14.234 D/WifiHW  (  742): leave --> reply=RSSI=-51
11-16 08:15:14.234 D/WifiHW  (  742): LINKSPEED=135
11-16 08:15:14.234 D/WifiHW  (  742): NOISE=9999
11-16 08:15:14.234 D/WifiHW  (  742): FREQUENCY=5180
11-16 08:15:14.234 D/WifiHW  (  742): 
11-16 08:15:14.235 D/WifiStateMachine(  742): fetchRssiLinkSpeedAndFrequencyNative rssi=-51 linkspeed=135 freq=5180
11-16 08:15:14.235 D/WifiStateMachine(  742): mLastSignalLevel:4, newSignalLevel:4
11-16 08:15:14.235 D/WifiConfigManager(  742): updateConfiguration freq=5180 BSSID=d0:15:a6:87:bd:12 RSSI=-51 "75F"WPA_PSK
11-16 08:15:14.240 D/WifiStateMachine(  742): calculateWifiScore freq=5180 speed=135 score=60 highRSSI  -> txbadrate=0.00 txgoodrate=0.00 txretriesrate=0.00 rxrate=7.28 userTriggerdPenalty0
11-16 08:15:14.241 D/WifiStateMachine(  742):  good link -> stuck count =0
11-16 08:15:14.243 D/WifiStateMachine(  742):  badRSSI count0 lowRSSI count0 --> score 56
11-16 08:15:14.243 D/WifiStateMachine(  742):  isHighRSSI       ---> score=61
11-16 08:15:14.246 V/ActivityManager(  742): Broadcast sticky: Intent { act=android.net.wifi.RSSI_CHANGED flg=0x4000010 (has extras) } ordered=false userid=-1 callerApp=ProcessRecord{b0897a0 742:system/1000}
11-16 08:15:14.247 D/AMEventHook(  742): onEvent: AM_BeforeSendBroadcast
11-16 08:15:14.248 V/BroadcastQueue(  742): BDC-Processing parallel broadcast [background] BroadcastRecord{a6fe8f0 u-1 android.net.wifi.RSSI_CHANGED}, 1 receivers
11-16 08:15:14.250 D/BroadcastQueue(  742): BDC-Delivering broadcast: Intent { act=android.net.wifi.RSSI_CHANGED flg=0x4000010 (has extras) }, queue=background, ordered=false, filter=BroadcastFilter{2184993 u0 ReceiverList{d19e82 853 com.android.systemui/10017/u0 remote:39e85cd}}, broadcastRecord=BroadcastRecord{a6fe8f0 u-1 android.net.wifi.RSSI_CHANGED}, receiver=null, #0
11-16 08:15:14.251 D/BroadcastQueue(  742): Non-ordered [background] BroadcastRecord{a6fe8f0 u-1 android.net.wifi.RSSI_CHANGED}, 1 receivers, Total: 3, Waiting: 1, Processing: 2
11-16 08:15:14.251 D/ActivityThread(  853): BDC-Calling onReceive: intent=Intent { act=android.net.wifi.RSSI_CHANGED flg=0x4000010 (has extras) }, ordered=false, receiver=com.android.systemui.statusbar.policy.NetworkControllerImpl@d18c0d8, IIntentReceiver=2a54a6d
11-16 08:15:14.773 D/NetworkController.WifiSignalController(  853): Change in state from: connected=true,enabled=true,level=4,inetCondition=1,iconGroup=IconGroup(Wi-Fi Icons),activityIn=false,activityOut=false,rssi=-51,lastModified=11-16 08:15:13,ssid="75F"
11-16 08:15:14.773 D/NetworkController.WifiSignalController(  853): 	to: connected=true,enabled=true,level=4,inetCondition=1,iconGroup=IconGroup(Wi-Fi Icons),activityIn=true,activityOut=false,rssi=-51,lastModified=11-16 08:15:13,ssid="75F"
11-16 08:15:14.774 V/DisplayEventReceiver(  853): call nativeScheduleVsync mReceiverPtr = 547407001344
11-16 08:15:14.784 V/ViewRootImpl[StatusBar](  853): ViewRoot performTraversals+ : mFirst = false, this = ViewRoot{e1a27df StatusBar,ident = 1}
11-16 08:15:14.786 V/ViewRootImpl[StatusBar](  853): ViewRoot performTraversals and draw- : this = ViewRoot{e1a27df StatusBar,ident = 1} frame#163 (cancelDraw = false)
11-16 08:15:15.097 I/wmt_launcher(  203): fw log ctrl flag has been set
11-16 08:15:15.097 I/wmt_launcher(  203): fw dynamic ctrl flag has been set
11-16 08:15:15.167 D/SurfaceFlinger(  211): [SF-WD] ERROR: open /dev/RT_Monitor failed.
11-16 08:15:15.167 D/SurfaceFlinger(  211): [SF-WD] ERROR: open /dev/RT_Monitor failed.
11-16 08:15:15.823 D/AlarmManager(  742): set alarm to RTC 1270069
11-16 08:15:15.823 D/AlarmManager(  742): set alarm to RTC 792021
11-16 08:15:15.823 V/AlarmManager(  742): dataShapingManager is null
11-16 08:15:15.824 V/AlarmManager(  742): openLteGateSuccess = false
11-16 08:15:15.824 D/AlarmManager(  742): wakeup alarm = Alarm{43f7e69 type 2 when 747844 android}; listener package = WifiConnectivityManager Schedule Periodic Scan TimerneedGrouping = false
11-16 08:15:15.825 D/PowerManagerNotifier(  742): onWakeLockAcquired: flags=1, tag="*alarm*", packageName=android, ownerUid=1000, ownerPid=742, workSource=WorkSource{1000}
11-16 08:15:15.837 D/WifiConnectivityManager(  742): periodicScanTimerHandler
11-16 08:15:15.850 D/WifiConnectivityManager(  742): startSingleScan: android.net.wifi.WifiScanner$ScanSettings@5c300ee
11-16 08:15:15.850 D/WifiScanner(  742): startScan, pid:742, tid:797, uid:1000
11-16 08:15:15.857 D/WifiScanningService(  742): addSingleScanRequest: ClientInfo[uid=1000],Id=8,WorkSource{1010}, ScanSettings {  band:7 period:0 reportEvents:3 numBssidsPerScan:0 maxScansToCache:0 channels:[  ]  maxPeriodInMs:0 stepCount:0 } 
11-16 08:15:15.858 D/WifiHAL (  742): WifiRequest::create vendor command to iface 7, vendor_id=0x1a11, subcmd=0x0001, res=0
11-16 08:15:15.858 I/WifiHAL (  742): In GetChannelList::mBand=1
11-16 08:15:15.863 I/WifiConnectivityManager(  742): schedulePeriodicScanTimer: 40000
11-16 08:15:15.868 V/AlarmManager(  742): APP set with listener(WifiConnectivityManager Schedule Periodic Scan Timer) : type=2 triggerAtTime=787884 win=-1 tElapsed=787884 maxElapsed=817881 interval=0 flags=0x8
11-16 08:15:15.871 I/WifiHAL (  742): Get channel list with 11 channels
11-16 08:15:15.871 D/WifiHAL (  742): mChannels[0]=2412 mChannels[1]=2417
11-16 08:15:15.871 D/WifiHAL (  742): WifiRequest::create vendor command to iface 7, vendor_id=0x1a11, subcmd=0x0001, res=0
11-16 08:15:15.871 I/WifiHAL (  742): In GetChannelList::mBand=2
11-16 08:15:15.873 I/WifiHAL (  742): Get channel list with 9 channels
11-16 08:15:15.873 D/WifiHAL (  742): mChannels[0]=5180 mChannels[1]=5200
11-16 08:15:15.873 D/WifiHAL (  742): WifiRequest::create vendor command to iface 7, vendor_id=0x1a11, subcmd=0x0001, res=0
11-16 08:15:15.873 I/WifiHAL (  742): In GetChannelList::mBand=4
11-16 08:15:15.875 I/WifiHAL (  742): Get channel list with 16 channels
11-16 08:15:15.875 D/WifiHAL (  742): mChannels[0]=5260 mChannels[1]=5280
11-16 08:15:15.879 D/WifiScanningService(  742): tryToStartNewScan startSingleScan: base_period_ms0 num_buckets= 1
11-16 08:15:15.884 D/AlarmManager(  742):  whichBatch = -1
11-16 08:15:15.885 D/AlarmManager(  742): set alarm to RTC 787884
11-16 08:15:15.890 D/PowerManagerNotifier(  742): onWakeLockReleased: flags=1, tag="*alarm*", packageName=android, ownerUid=1000, ownerPid=742, workSource=WorkSource{1000}
11-16 08:15:15.906 D/WifiConnectivityManager(  742): SingleScanListener onSuccess
11-16 08:15:15.915 D/WifiHW  (  742): enter -->wifi_send_command cmd=IFNAME=wlan0 SCAN TYPE=ONLY
11-16 08:15:15.915 D/wpa_supplicant( 1038): wlan0: Control interface command 'SCAN TYPE=ONLY'
11-16 08:15:15.915 D/wpa_supplicant( 1038): hw.num_modes = 3
11-16 08:15:15.915 D/wpa_supplicant( 1038): wlan0: Setting scan request: 0.000000 sec
11-16 08:15:15.916 D/wpa_supplicant( 1038): wlan0: Starting AP scan for wildcard SSID
11-16 08:15:15.916 D/wpa_supplicant( 1038): P2P: * P2P IE header
11-16 08:15:15.916 D/wpa_supplicant( 1038): P2P: * Capability dev=25 group=00
11-16 08:15:15.916 D/wpa_supplicant( 1038): P2P: * Listen Channel: Regulatory Class 81 Channel 6
11-16 08:15:15.916 D/wpa_supplicant( 1038): wlan0: Add radio work 'scan'@0x7bffe2f540
11-16 08:15:15.916 D/wpa_supplicant( 1038): wlan0: First radio work item in the queue - schedule start immediately
11-16 08:15:15.916 D/wpa_supplicant( 1038): wlan0: Starting radio work 'scan'@0x7bffe2f540 after 0.000074 second wait
11-16 08:15:15.916 D/wpa_supplicant( 1038): wlan0: nl80211: scan request
11-16 08:15:15.916 D/wpa_supplicant( 1038): nl80211: Scan SSID - hexdump(len=0): [NULL]
11-16 08:15:15.916 D/wpa_supplicant( 1038): nl80211: Scan extra IEs - hexdump(len=159): 7f 04 00 00 0a 02 dd 84 00 50 f2 04 10 4a 00 01 10 10 3a 00 01 00 10 08 00 02 42 88 10 47 00 10 73 c3 0a 66 1a de 5e 68 be 58 8b b3 e0 37 8b d4 10 54 00 08 00 0a 00 50 f2 04 00 05 10 3c 00 01 03 10 02 00 02 00 00 10 09 00 02 00 00 10 12 00 02 00 00 10 21 00 07 53 69 6d 62 61 6e 73 10 23 00 08 54 61 6e 67 6f 54 61 62 10 24 00 08 54 61 6e 67 6f 54 61 62 10 11 00 08 54 61 6e 67 6f 54 61 62 10 49 00 06 00 37 2a 00 01 20 dd 11 50 6f 9a 09 02 02 00 25 00 06 05 00 58 58 04 51 06
11-16 08:15:15.926 D/wpa_supplicant( 1038): Scan requested (ret=0) - scan timeout 30 seconds
11-16 08:15:15.926 D/wpa_supplicant( 1038): nl80211: Ignored event (cmd=33) for foreign interface (ifindex 7 wdev 0x0)
11-16 08:15:15.926 D/wpa_supplicant( 1038): nl80211: Drv Event 33 (NL80211_CMD_TRIGGER_SCAN) received for wlan0
11-16 08:15:15.926 D/wpa_supplicant( 1038): wlan0: nl80211: Scan trigger
11-16 08:15:15.926 D/wpa_supplicant( 1038): wlan0: Event SCAN_STARTED (47) received
11-16 08:15:15.926 D/wpa_supplicant( 1038): wlan0: Own scan request started a scan in 0.000247 seconds
11-16 08:15:15.926 D/WifiHW  (  742): [1] get event: IFNAME=wlan0 <3>CTRL-EVENT-SCAN-STARTED 
11-16 08:15:15.926 D/WifiHW  (  742): [2] get event: IFNAME=wlan0 CTRL-EVENT-SCAN-STARTED 
11-16 08:15:15.932 D/wpa_supplicant( 1038): CTRL_IFACE monitor sent successfully to /data/misc/wifi/sockets/wpa_ctrl_742-2\x00
11-16 08:15:15.935 D/WifiHW  (  742): leave --> reply=OK
11-16 08:15:15.935 D/WifiHW  (  742): 
11-16 08:15:15.938 D/WifiMonitor(  742): Dispatching event to interface: wlan0
11-16 08:15:15.938 D/WifiHW  (  742): enter -->wifi_wait_on_socket buflen=2048
11-16 08:15:15.941 D/SupplicantWifiScannerImpl(  742): Starting wifi scan for freqs=null, background=false, single=true
11-16 08:15:15.942 V/AlarmManager(  742): APP set with listener(SupplicantWifiScannerImpl Scan Timeout) : type=2 triggerAtTime=762962 win=-1 tElapsed=762962 maxElapsed=774212 interval=0 flags=0x8
11-16 08:15:15.943 D/AlarmManager(  742):  whichBatch = -1
11-16 08:15:15.943 D/AlarmManager(  742): set alarm to RTC 762962
11-16 08:15:16.167 D/SurfaceFlinger(  211): [SF-WD] ERROR: open /dev/RT_Monitor failed.
11-16 08:15:16.777 D/NetworkController.WifiSignalController(  853): Change in state from: connected=true,enabled=true,level=4,inetCondition=1,iconGroup=IconGroup(Wi-Fi Icons),activityIn=true,activityOut=false,rssi=-51,lastModified=11-16 08:15:14,ssid="75F"
11-16 08:15:16.777 D/NetworkController.WifiSignalController(  853): 	to: connected=true,enabled=true,level=4,inetCondition=1,iconGroup=IconGroup(Wi-Fi Icons),activityIn=false,activityOut=false,rssi=-51,lastModified=11-16 08:15:14,ssid="75F"
11-16 08:15:16.777 V/DisplayEventReceiver(  853): call nativeScheduleVsync mReceiverPtr = 547407001344
11-16 08:15:16.793 V/ViewRootImpl[StatusBar](  853): ViewRoot performTraversals+ : mFirst = false, this = ViewRoot{e1a27df StatusBar,ident = 1}
11-16 08:15:16.796 V/ViewRootImpl[StatusBar](  853): ViewRoot performTraversals and draw- : this = ViewRoot{e1a27df StatusBar,ident = 1} frame#164 (cancelDraw = false)
11-16 08:15:16.796 I/BufferQueueProducer(  211): [StatusBar](this:0x70c0d44800,id:10,api:1,p:853,c:211) queueBuffer: fps=1.00 dur=2995.86 max=2007.09 min=30.50
11-16 08:15:16.826 I/DisplayDevice(  211): [Built-in Screen (type:0)] fps:0.993530,dur:3019.54,max:2022.54,min:37.17
11-16 08:15:17.099 I/wmt_launcher(  203): fw log ctrl flag has been set
11-16 08:15:17.099 I/wmt_launcher(  203): fw dynamic ctrl flag has been set
11-16 08:15:17.168 D/SurfaceFlinger(  211): [SF-WD] ERROR: open /dev/RT_Monitor failed.
11-16 08:15:17.168 D/SurfaceFlinger(  211): [SF-WD] ERROR: open /dev/RT_Monitor failed.
11-16 08:15:17.264 D/WifiStateMachine(  742):  ConnectedState !CMD_RSSI_POLL  rt=749268/749268 4 0 "75F" d0:15:a6:87:bd:12 rssi=-51 f=5180 sc=60 link=135 tx=0.0, 0.0, 0.0  rx=7.3 bcn=0 [on:0 tx:0 rx:0 period:3005] from screen [on:0 period:689577483] gl hn rssi=-46 ag=0 hr ticks 0,0,0 ls-=0 [56,56,56,56,61] brc=0 lrc=0 offload-stopped
11-16 08:15:17.277 I/art     (  742): Enter while loop.
11-16 08:15:17.278 D/WifiStateMachine(  742):  L2ConnectedState !CMD_RSSI_POLL  rt=749286/749286 4 0 "75F" d0:15:a6:87:bd:12 rssi=-51 f=5180 sc=60 link=135 tx=0.0, 0.0, 0.0  rx=7.3 bcn=0 [on:0 tx:0 rx:0 period:15] from screen [on:0 period:689577498] gl hn rssi=-46 ag=0 hr ticks 0,0,0 ls-=0 [56,56,56,56,61] brc=0 lrc=0 offload-stopped
11-16 08:15:17.279 D/WifiStateMachine(  742):  get link layer stats 0
11-16 08:15:17.281 D/WifiHW  (  742): enter -->wifi_send_command cmd=IFNAME=wlan0 SIGNAL_POLL
11-16 08:15:17.281 D/wpa_supplicant( 1038): wlan0: Control interface command 'SIGNAL_POLL'
11-16 08:15:17.283 D/WifiHW  (  742): leave --> reply=RSSI=-51
11-16 08:15:17.283 D/WifiHW  (  742): LINKSPEED=135
11-16 08:15:17.283 D/WifiHW  (  742): NOISE=9999
11-16 08:15:17.283 D/WifiHW  (  742): FREQUENCY=5180
11-16 08:15:17.283 D/WifiHW  (  742): 
11-16 08:15:17.285 D/WifiStateMachine(  742): fetchRssiLinkSpeedAndFrequencyNative rssi=-51 linkspeed=135 freq=5180
11-16 08:15:17.285 D/WifiStateMachine(  742): mLastSignalLevel:4, newSignalLevel:4
11-16 08:15:17.286 D/WifiConfigManager(  742): updateConfiguration freq=5180 BSSID=d0:15:a6:87:bd:12 RSSI=-51 "75F"WPA_PSK
11-16 08:15:17.292 D/WifiStateMachine(  742): calculateWifiScore freq=5180 speed=135 score=60 highRSSI  -> txbadrate=0.00 txgoodrate=0.00 txretriesrate=0.00 rxrate=8.14 userTriggerdPenalty0
11-16 08:15:17.293 D/WifiStateMachine(  742):  good link -> stuck count =0
11-16 08:15:17.295 D/WifiStateMachine(  742):  badRSSI count0 lowRSSI count0 --> score 56
11-16 08:15:17.295 D/WifiStateMachine(  742):  isHighRSSI       ---> score=61
11-16 08:15:17.297 V/ActivityManager(  742): Broadcast sticky: Intent { act=android.net.wifi.RSSI_CHANGED flg=0x4000010 (has extras) } ordered=false userid=-1 callerApp=ProcessRecord{b0897a0 742:system/1000}
11-16 08:15:17.299 D/AMEventHook(  742): onEvent: AM_BeforeSendBroadcast
11-16 08:15:17.300 V/BroadcastQueue(  742): BDC-Processing parallel broadcast [background] BroadcastRecord{464198f u-1 android.net.wifi.RSSI_CHANGED}, 1 receivers
11-16 08:15:17.301 D/BroadcastQueue(  742): BDC-Delivering broadcast: Intent { act=android.net.wifi.RSSI_CHANGED flg=0x4000010 (has extras) }, queue=background, ordered=false, filter=BroadcastFilter{2184993 u0 ReceiverList{d19e82 853 com.android.systemui/10017/u0 remote:39e85cd}}, broadcastRecord=BroadcastRecord{464198f u-1 android.net.wifi.RSSI_CHANGED}, receiver=null, #0
11-16 08:15:17.303 D/BroadcastQueue(  742): Non-ordered [background] BroadcastRecord{464198f u-1 android.net.wifi.RSSI_CHANGED}, 1 receivers, Total: 3, Waiting: 1, Processing: 2
11-16 08:15:17.303 D/ActivityThread(  853): BDC-Calling onReceive: intent=Intent { act=android.net.wifi.RSSI_CHANGED flg=0x4000010 (has extras) }, ordered=false, receiver=com.android.systemui.statusbar.policy.NetworkControllerImpl@d18c0d8, IIntentReceiver=2a54a6d
11-16 08:15:17.872 D/BatteryService(  742): mBatteryVoltage=3694, batteryLevel=50
11-16 08:15:17.874 V/ActivityManager(  742): Broadcast sticky: Intent { act=android.intent.action.BATTERY_CHANGED flg=0x60000010 (has extras) } ordered=false userid=-1 callerApp=null
11-16 08:15:17.877 D/AMEventHook(  742): onEvent: AM_BeforeSendBroadcast
11-16 08:15:17.878 V/BroadcastQueue(  742): BDC-Processing parallel broadcast [background] BroadcastRecord{2c89825 u-1 android.intent.action.BATTERY_CHANGED}, 12 receivers
11-16 08:15:17.879 D/BroadcastQueue(  742): BDC-Delivering broadcast: Intent { act=android.intent.action.BATTERY_CHANGED flg=0x60000010 (has extras) }, queue=background, ordered=false, filter=BroadcastFilter{957da49 u0 ReceiverList{e42c850 742 system/1000/u0 local:c821e13}}, broadcastRecord=BroadcastRecord{2c89825 u-1 android.intent.action.BATTERY_CHANGED}, receiver=null, #0
11-16 08:15:17.881 D/ActivityThread(  742): BDC-Calling onReceive: intent=Intent { act=android.intent.action.BATTERY_CHANGED flg=0x60000010 (has extras) }, ordered=false, receiver=com.android.server.power.PowerManagerService$BatteryReceiver@323f502, IIntentReceiver=c821e13
11-16 08:15:17.881 D/BroadcastQueue(  742): BDC-Delivering broadcast: Intent { act=android.intent.action.BATTERY_CHANGED flg=0x60000010 (has extras) }, queue=background, ordered=false, filter=BroadcastFilter{74876af u0 ReceiverList{7781e8e 742 system/1000/u0 local:b860e89}}, broadcastRecord=BroadcastRecord{2c89825 u-1 android.intent.action.BATTERY_CHANGED}, receiver=null, #1
11-16 08:15:17.883 D/BroadcastQueue(  742): BDC-Delivering broadcast: Intent { act=android.intent.action.BATTERY_CHANGED flg=0x60000010 (has extras) }, queue=background, ordered=false, filter=BroadcastFilter{8bc745c u0 ReceiverList{c1e02cf 742 system/1000/u0 local:a79c72e}}, broadcastRecord=BroadcastRecord{2c89825 u-1 android.intent.action.BATTERY_CHANGED}, receiver=null, #2
11-16 08:15:17.883 D/ActivityThread(  742): BDC-Calling onReceive: intent=Intent { act=android.intent.action.BATTERY_CHANGED flg=0x60000010 (has extras) }, ordered=false, receiver=com.android.server.UiModeManagerService$3@6b42590, IIntentReceiver=b860e89
11-16 08:15:17.885 D/ActivityThread(  742): BDC-Calling onReceive: intent=Intent { act=android.intent.action.BATTERY_CHANGED flg=0x60000010 (has extras) }, ordered=false, receiver=com.android.server.DeviceIdleController$1@c9875a9, IIntentReceiver=a79c72e
11-16 08:15:17.885 D/BroadcastQueue(  742): BDC-Delivering broadcast: Intent { act=android.intent.action.BATTERY_CHANGED flg=0x60000010 (has extras) }, queue=background, ordered=false, filter=BroadcastFilter{ceb3dbf u0 ReceiverList{7fc57de 742 system/1000/u0 local:b1d1b19}}, broadcastRecord=BroadcastRecord{2c89825 u-1 android.intent.action.BATTERY_CHANGED}, receiver=null, #3
11-16 08:15:17.887 D/BroadcastQueue(  742): BDC-Delivering broadcast: Intent { act=android.intent.action.BATTERY_CHANGED flg=0x60000010 (has extras) }, queue=background, ordered=false, filter=BroadcastFilter{34b11fd u0 ReceiverList{86dfe54 853 com.android.systemui/10017/u0 remote:b0819a7}}, broadcastRecord=BroadcastRecord{2c89825 u-1 android.intent.action.BATTERY_CHANGED}, receiver=null, #4
11-16 08:15:17.887 D/ActivityThread(  742): BDC-Calling onReceive: intent=Intent { act=android.intent.action.BATTERY_CHANGED flg=0x60000010 (has extras) }, ordered=false, receiver=com.android.server.wifi.WifiServiceImpl$1@9e44a60, IIntentReceiver=b1d1b19
11-16 08:15:17.887 D/WifiService(  742): onReceive, action:android.intent.action.BATTERY_CHANGED
11-16 08:15:17.888 D/WifiController(  742): DeviceActiveState{ when=-1ms what=155652 arg1=2 target=com.android.internal.util.StateMachine$SmHandler }
11-16 08:15:17.888 D/WifiController(  742): StaEnabledState{ when=-1ms what=155652 arg1=2 target=com.android.internal.util.StateMachine$SmHandler }
11-16 08:15:17.889 D/WifiController(  742): DefaultState{ when=-1ms what=155652 arg1=2 target=com.android.internal.util.StateMachine$SmHandler }
11-16 08:15:17.889 D/WifiController(  742): battery changed pluggedType: 2
11-16 08:15:17.889 D/ActivityThread(  853): BDC-Calling onReceive: intent=Intent { act=android.intent.action.BATTERY_CHANGED flg=0x60000010 (has extras) }, ordered=false, receiver=com.android.keyguard.KeyguardUpdateMonitor$3@2b7b52b, IIntentReceiver=6d909b0
11-16 08:15:17.889 D/KeyguardUpdateMonitor(  853): received broadcast android.intent.action.BATTERY_CHANGED
11-16 08:15:17.890 D/BroadcastQueue(  742): BDC-Delivering broadcast: Intent { act=android.intent.action.BATTERY_CHANGED flg=0x60000010 (has extras) }, queue=background, ordered=false, filter=BroadcastFilter{a4afb32 u0 ReceiverList{3c5a73d 742 system/1000/u0 local:b0ca094}}, broadcastRecord=BroadcastRecord{2c89825 u-1 android.intent.action.BATTERY_CHANGED}, receiver=null, #5
11-16 08:15:17.890 D/KeyguardUpdateMonitor(  853): handleBatteryUpdate
11-16 08:15:17.891 D/BroadcastQueue(  742): BDC-Delivering broadcast: Intent { act=android.intent.action.BATTERY_CHANGED flg=0x60000010 (has extras) }, queue=background, ordered=false, filter=BroadcastFilter{21002d4 u0 ReceiverList{2956027 853 com.android.systemui/10017/u0 remote:ed962e6}}, broadcastRecord=BroadcastRecord{2c89825 u-1 android.intent.action.BATTERY_CHANGED}, receiver=null, #6
11-16 08:15:17.891 D/ActivityThread(  742): BDC-Calling onReceive: intent=Intent { act=android.intent.action.BATTERY_CHANGED flg=0x60000010 (has extras) }, ordered=false, receiver=com.mediatek.lbsutils.LbsUtils$1@1cbdaa6, IIntentReceiver=b0ca094
11-16 08:15:17.893 D/ActivityThread(  853): BDC-Calling onReceive: intent=Intent { act=android.intent.action.BATTERY_CHANGED flg=0x60000010 (has extras) }, ordered=false, receiver=com.android.systemui.power.PowerUI$Receiver@8d23bd6, IIntentReceiver=ef44125
11-16 08:15:17.894 D/BroadcastQueue(  742): BDC-Delivering broadcast: Intent { act=android.intent.action.BATTERY_CHANGED flg=0x60000010 (has extras) }, queue=background, ordered=false, filter=BroadcastFilter{d727f17 u0 ReceiverList{eece796 1153 com.android.phone/1001/u0 remote:7ebb6b1}}, broadcastRecord=BroadcastRecord{2c89825 u-1 android.intent.action.BATTERY_CHANGED}, receiver=null, #7
11-16 08:15:17.896 D/ActivityThread( 1153): BDC-Calling onReceive: intent=Intent { act=android.intent.action.BATTERY_CHANGED flg=0x60000010 (has extras) }, ordered=false, receiver=com.mediatek.internal.telephony.dataconnection.FdManager$1@6a372a7, IIntentReceiver=bb2667b
11-16 08:15:17.896 D/BroadcastQueue(  742): BDC-Delivering broadcast: Intent { act=android.intent.action.BATTERY_CHANGED flg=0x60000010 (has extras) }, queue=background, ordered=false, filter=BroadcastFilter{de1536e u0 ReceiverList{c718ae9 853 com.android.systemui/10017/u0 remote:285770}}, broadcastRecord=BroadcastRecord{2c89825 u-1 android.intent.action.BATTERY_CHANGED}, receiver=null, #8
11-16 08:15:17.898 D/ActivityThread(  853): BDC-Calling onReceive: intent=Intent { act=android.intent.action.BATTERY_CHANGED flg=0x60000010 (has extras) }, ordered=false, receiver=com.android.systemui.statusbar.policy.BatteryControllerImpl@98ac84a, IIntentReceiver=72050a
11-16 08:15:17.899 D/BroadcastQueue(  742): BDC-Delivering broadcast: Intent { act=android.intent.action.BATTERY_CHANGED flg=0x60000010 (has extras) }, queue=background, ordered=false, filter=BroadcastFilter{d042018 u0 ReceiverList{9e657fb 1304 com.android.bluetooth/1002/u0 remote:57ec58a}}, broadcastRecord=BroadcastRecord{2c89825 u-1 android.intent.action.BATTERY_CHANGED}, receiver=null, #9
11-16 08:15:17.899 D/BatteryMeterDrawable(  853): onBatteryLevelChanged level:2,plugedIn:true,charging:true
11-16 08:15:17.900 D/BatteryMeterDrawable(  853): onBatteryLevelChanged level:2,plugedIn:true,charging:true
11-16 08:15:17.901 V/DisplayEventReceiver(  853): call nativeScheduleVsync mReceiverPtr = 547407001344
11-16 08:15:17.901 D/ActivityThread( 1304): BDC-Calling onReceive: intent=Intent { act=android.intent.action.BATTERY_CHANGED flg=0x60000010 (has extras) }, ordered=false, receiver=com.android.bluetooth.hfp.HeadsetService$1@785552a, IIntentReceiver=cee5171
11-16 08:15:17.901 D/BroadcastQueue(  742): BDC-Delivering broadcast: Intent { act=android.intent.action.BATTERY_CHANGED flg=0x60000010 (has extras) }, queue=background, ordered=false, filter=BroadcastFilter{8858b03 u0 ReceiverList{eee3fb2 1424 com.mediatek.dongle/1001/u0 remote:8912dbd}}, broadcastRecord=BroadcastRecord{2c89825 u-1 android.intent.action.BATTERY_CHANGED}, receiver=null, #10
11-16 08:15:17.902 D/HeadsetStateMachine( 1304): Disconnected process message: 10, size: 0
11-16 08:15:17.903 D/AppOps  (  742): noteOperation: allowing code 63 uid 10007 package com.android.providers.media
11-16 08:15:17.904 D/ActivityThread( 1424): BDC-Calling onReceive: intent=Intent { act=android.intent.action.BATTERY_CHANGED flg=0x60000010 (has extras) }, ordered=false, receiver=com.android.internal.tedongle.RIL$2@1205c17, IIntentReceiver=34593ad
11-16 08:15:17.905 D/BroadcastQueue(  742): BDC-Delivering broadcast: Intent { act=android.intent.action.BATTERY_CHANGED flg=0x60000010 (has extras) }, queue=background, ordered=false, filter=BroadcastFilter{15b7105 u0 ReceiverList{8e7d47c 1575 android.process.media/10007/u0 remote:5984f6f}}, broadcastRecord=BroadcastRecord{2c89825 u-1 android.intent.action.BATTERY_CHANGED}, receiver=null, #11
11-16 08:15:17.906 D/BroadcastQueue(  742): Non-ordered [background] BroadcastRecord{2c89825 u-1 android.intent.action.BATTERY_CHANGED}, 12 receivers, Total: 28, Waiting: 0, Processing: 28
11-16 08:15:17.907 D/ActivityThread( 1575): BDC-Calling onReceive: intent=Intent { act=android.intent.action.BATTERY_CHANGED flg=0x60000010 (has extras) }, ordered=false, receiver=android.mtp.MtpDatabase$1@ecf3606, IIntentReceiver=8022663
11-16 08:15:17.916 V/ViewRootImpl[StatusBar](  853): ViewRoot performTraversals+ : mFirst = false, this = ViewRoot{e1a27df StatusBar,ident = 1}
11-16 08:15:17.917 V/ViewRootImpl[StatusBar](  853): ViewRoot performTraversals and draw- : this = ViewRoot{e1a27df StatusBar,ident = 1} frame#165 (cancelDraw = false)
11-16 08:15:17.921 I/BufferQueueProducer(  211): [StatusBar](this:0x70c0d44800,id:10,api:1,p:853,c:211) queueBuffer: fps=0.89 dur=1124.05 max=1124.05 min=1124.05
11-16 08:15:17.937 I/DisplayDevice(  211): [Built-in Screen (type:0)] fps:0.899849,dur:1111.30,max:1111.30,min:1111.30
11-16 08:15:18.168 D/SurfaceFlinger(  211): [SF-WD] ERROR: open /dev/RT_Monitor failed.
11-16 08:15:18.169 D/SurfaceFlinger(  211): [SF-WD] ERROR: open /dev/RT_Monitor failed.
11-16 08:15:19.101 I/wmt_launcher(  203): fw log ctrl flag has been set
11-16 08:15:19.101 I/wmt_launcher(  203): fw dynamic ctrl flag has been set
11-16 08:15:19.169 D/SurfaceFlinger(  211): [SF-WD] ERROR: open /dev/RT_Monitor failed.
11-16 08:15:19.428 D/wpa_supplicant( 1038): RTM_NEWLINK: ifi_index=7 ifname=wlan0 wext ifi_family=0 ifi_flags=0x11043 ([UP][RUNNING][LOWER_UP])
11-16 08:15:19.429 I/Netd    (  412): Get netlink event, ifname: wlan0 action: 4
11-16 08:15:19.430 D/wifi2agps(  345): scan result, found 32 APs
11-16 08:15:19.430 D/agps    (  345): [WIFI2AGPS] wifi2agps_scanned
11-16 08:15:19.430 E/agps    (  345):  ERR: [WIFI2AGPS] sendto dest=[/data/agps_supl/wifi_2_agps] len=7952 reason=[No such file or directory]
11-16 08:15:19.430 E/agps    (  345):  ERR: [WIFI2AGPS] external_snd_cmd safe_sendto failed
11-16 08:15:19.431 D/SocketClient(  412): SocketClient sendData done: 600 Iface linkstate wlan0 up
11-16 08:15:19.432 D/wpa_supplicant( 1038): nl80211: Ignored event (cmd=34) for foreign interface (ifindex 7 wdev 0x0)
11-16 08:15:19.432 D/wpa_supplicant( 1038): nl80211: Drv Event 34 (NL80211_CMD_NEW_SCAN_RESULTS) received for wlan0
11-16 08:15:19.432 D/wpa_supplicant( 1038): wlan0: nl80211: New scan results available
11-16 08:15:19.432 D/wpa_supplicant( 1038): nl80211: Scan included frequencies: 2412 2417 2422 2427 2432 2437 2442 2447 2452 2457 2462 5180 5200 5220 5240 5260 5280 5300 5320 5500 5520 5540 5560 5580 5600 5620 5640 5660 5680 5700 5745 5765 5785 5805 5825
11-16 08:15:19.432 D/wpa_supplicant( 1038): wlan0: Event SCAN_RESULTS (3) received
11-16 08:15:19.432 D/wpa_supplicant( 1038): wlan0: Scan completed in 3.506282 seconds
11-16 08:15:19.433 D/wpa_supplicant( 1038): nl80211: Associated on 5180 MHz
11-16 08:15:19.433 D/wpa_supplicant( 1038): nl80211: Associated with d0:15:a6:87:bd:12
11-16 08:15:19.433 D/NetdConnector(  742): RCV <- {600 Iface linkstate wlan0 up}
11-16 08:15:19.435 D/wpa_supplicant( 1038): nl80211: Received scan results (59 BSSes)
11-16 08:15:19.435 D/wpa_supplicant( 1038): nl80211: Scan results indicate BSS status with d0:15:a6:87:bd:12 as associated
11-16 08:15:19.435 D/wpa_supplicant( 1038): wlan0: BSS: Start scan result update 8
11-16 08:15:19.435 D/wpa_supplicant( 1038): wlan0: BSS: Add new id 78 BSSID d0:15:a6:87:bd:13 SSID '75F_Guest' freq 5180
11-16 08:15:19.436 D/wpa_supplicant( 1038): wlan0: BSS: Add new id 79 BSSID d0:15:a6:87:bd:10 SSID '' freq 5180
11-16 08:15:19.436 D/wpa_supplicant( 1038): wlan0: BSS: Add new id 80 BSSID 08:b4:b1:ac:f4:bb SSID '75Ftestcart' freq 5745
11-16 08:15:19.436 D/wpa_supplicant( 1038): wlan0: BSS: Add new id 81 BSSID d0:15:a6:88:1a:f0 SSID '' freq 5660
11-16 08:15:19.436 D/wpa_supplicant( 1038): wlan0: BSS: Add new id 82 BSSID d0:15:a6:88:1a:f3 SSID '75F_Guest' freq 5660
11-16 08:15:19.436 D/wpa_supplicant( 1038): wlan0: BSS: Add new id 83 BSSID 74:ac:b9:3d:50:e9 SSID '75F BUILDING AUTOMATION' freq 5805
11-16 08:15:19.436 D/wpa_supplicant( 1038): wlan0: BSS: Add new id 84 BSSID 08:b4:b1:be:23:45 SSID '75Ftestcart' freq 5745
11-16 08:15:19.436 D/wpa_supplicant( 1038): wlan0: BSS: Add new id 85 BSSID d0:15:a6:87:bd:03 SSID '75F_Guest' freq 2462
11-16 08:15:19.437 D/wpa_supplicant( 1038): wlan0: BSS: Add new id 86 BSSID d0:15:a6:88:1a:e3 SSID '75F_Guest' freq 2437
11-16 08:15:19.437 D/wpa_supplicant( 1038): wlan0: BSS: Add new id 87 BSSID 08:b4:b1:ac:f4:bf SSID '75Ftestcart' freq 2437
11-16 08:15:19.437 D/wpa_supplicant( 1038): wlan0: BSS: Add new id 88 BSSID 08:b4:b1:be:23:49 SSID '75Ftestcart' freq 2462
11-16 08:15:19.437 D/wpa_supplicant( 1038): wlan0: BSS: Add new id 89 BSSID 74:ac:b9:3d:50:e8 SSID '75F BUILDING AUTOMATION' freq 2412
11-16 08:15:19.437 D/wpa_supplicant( 1038): wlan0: BSS: Add new id 90 BSSID d0:15:a6:87:ee:93 SSID '75F_Guest' freq 5260
11-16 08:15:19.437 D/wpa_supplicant( 1038): wlan0: BSS: Add new id 91 BSSID d0:15:a6:87:ee:90 SSID '' freq 5260
11-16 08:15:19.437 D/wpa_supplicant( 1038): wlan0: BSS: Add new id 92 BSSID d0:15:a6:87:ee:83 SSID '75F_Guest' freq 2412
11-16 08:15:19.437 D/wpa_supplicant( 1038): wlan0: BSS: Add new id 93 BSSID fe:ec:da:bd:82:a2 SSID 'Southpoint-Mgmt' freq 2462
11-16 08:15:19.438 D/wpa_supplicant( 1038): wlan0: BSS: Add new id 94 BSSID d0:15:a6:87:e3:23 SSID '75F_Guest' freq 2437
11-16 08:15:19.438 D/wpa_supplicant( 1038): wlan0: BSS: Add new id 95 BSSID 0e:ec:da:bd:82:a2 SSID 'Fitness Center - Management' freq 2462
11-16 08:15:19.438 D/wpa_supplicant( 1038): wlan0: BSS: Add new id 96 BSSID d0:15:a6:87:e3:33 SSID '75F_Guest' freq 5500
11-16 08:15:19.438 D/wpa_supplicant( 1038): wlan0: BSS: Add new id 97 BSSID d0:15:a6:87:e3:30 SSID '' freq 5500
11-16 08:15:19.438 D/wpa_supplicant( 1038): wlan0: BSS: Add new id 98 BSSID 1e:ec:da:be:82:a2 SSID '' freq 5745
11-16 08:15:19.438 D/wpa_supplicant( 1038): wlan0: BSS: Add new id 99 BSSID fe:ec:da:be:82:a2 SSID 'Southpoint-Mgmt' freq 5745
11-16 08:15:19.438 D/wpa_supplicant( 1038): wlan0: BSS: Add new id 100 BSSID 0e:ec:da:be:82:a2 SSID 'Fitness Center - Management' freq 5745
11-16 08:15:19.438 D/wpa_supplicant( 1038): wlan0: BSS: Add new id 101 BSSID 0e:ec:da:bd:82:82 SSID 'Fitness Center - Management' freq 2462
11-16 08:15:19.439 D/wpa_supplicant( 1038): wlan0: BSS: Add new id 102 BSSID fe:ec:da:bd:82:82 SSID 'Southpoint-Mgmt' freq 2462
11-16 08:15:19.439 D/wpa_supplicant( 1038): wlan0: BSS: Add new id 103 BSSID 54:b2:03:23:e3:d8 SSID 'XFINITY' freq 5220
11-16 08:15:19.441 D/wpa_supplicant( 1038): wlan0: BSS: Add new id 104 BSSID 1e:ec:da:bd:82:82 SSID '' freq 2462
11-16 08:15:19.441 D/wpa_supplicant( 1038): wlan0: BSS: Add new id 105 BSSID 0e:ec:da:be:82:82 SSID 'Fitness Center - Management' freq 5745
11-16 08:15:19.441 D/wpa_supplicant( 1038): wlan0: BSS: Add new id 106 BSSID fe:ec:da:be:82:82 SSID 'Southpoint-Mgmt' freq 5745
11-16 08:15:19.441 D/wpa_supplicant( 1038): wlan0: BSS: Add new id 107 BSSID f0:5c:19:f4:0d:b0 SSID 'Metro Wireless Internal' freq 5580
11-16 08:15:19.441 D/wpa_supplicant( 1038): wlan0: BSS: Add new id 108 BSSID 1e:ec:da:be:82:82 SSID '' freq 5745
11-16 08:15:19.442 D/wpa_supplicant( 1038): wlan0: BSS: Add new id 109 BSSID f0:2f:74:fa:96:f8 SSID 'Control_5G-2' freq 5745
11-16 08:15:19.442 D/wpa_supplicant( 1038): wlan0: BSS: Add new id 110 BSSID f0:5c:19:f4:0d:b1 SSID 'Metro Wireless Guest' freq 5580
11-16 08:15:19.442 D/wpa_supplicant( 1038): wlan0: BSS: Add new id 111 BSSID 5c:fc:66:5b:9d:01 SSID 'VPNTEST' freq 2437
11-16 08:15:19.442 D/wpa_supplicant( 1038): wlan0: BSS: Add new id 112 BSSID f0:2f:74:fa:96:f4 SSID 'Broadcast' freq 5220
11-16 08:15:19.442 D/wpa_supplicant( 1038): wlan0: BSS: Add new id 113 BSSID f0:5c:19:f4:0d:a0 SSID 'Metro Wireless Internal' freq 2437
11-16 08:15:19.442 D/wpa_supplicant( 1038): wlan0: BSS: Add new id 114 BSSID f0:5c:19:f4:0d:a1 SSID 'Metro Wireless Guest' freq 2437
11-16 08:15:19.442 D/wpa_supplicant( 1038): wlan0: BSS: Add new id 115 BSSID 0e:ec:da:f2:d9:f2 SSID 'Fitness Center - Management' freq 5745
11-16 08:15:19.442 D/wpa_supplicant( 1038): wlan0: BSS: Add new id 116 BSSID 1e:ec:da:f2:d9:f2 SSID '' freq 5745
11-16 08:15:19.451 D/NetworkManagement(  742): onEvent:600 Iface linkstate wlan0 up:5
11-16 08:15:19.452 D/Tethering(  742): interfaceLinkStateChanged wlan0, true
11-16 08:15:19.452 D/Tethering(  742): interfaceStatusChanged wlan0, true
11-16 08:15:19.455 D/wpa_supplicant( 1038): wlan0: BSS: Add new id 117 BSSID fe:ec:da:f1:d9:f2 SSID 'Southpoint-Mgmt' freq 2437
11-16 08:15:19.456 D/wpa_supplicant( 1038): wlan0: BSS: Add new id 118 BSSID 1e:ec:da:f1:d9:f2 SSID '' freq 2437
11-16 08:15:19.456 D/wpa_supplicant( 1038): wlan0: BSS: Add new id 119 BSSID fe:ec:da:f2:d9:f2 SSID 'Southpoint-Mgmt' freq 5745
11-16 08:15:19.456 D/wpa_supplicant( 1038): wlan0: BSS: Add new id 120 BSSID 28:80:a2:6a:d4:b5 SSID 'Verizon-MiFi8800L-D4B4' freq 2462
11-16 08:15:19.456 D/wpa_supplicant( 1038): wlan0: BSS: Add new id 121 BSSID 8a:dc:96:22:1b:1a SSID '' freq 2437
11-16 08:15:19.456 D/wpa_supplicant( 1038): wlan0: BSS: Add new id 122 BSSID 00:00:00:00:00:00 SSID 'NVRAM WARNING: Err = 0x10' freq 2412
11-16 08:15:19.456 D/wpa_supplicant( 1038): wlan0: BSS: Add new id 123 BSSID fc:ec:da:bd:82:a2 SSID 'Southpoint - Guest' freq 2462
11-16 08:15:19.456 D/wpa_supplicant( 1038): wlan0: BSS: Add new id 124 BSSID fc:ec:da:be:82:a2 SSID 'Southpoint - Guest' freq 5745
11-16 08:15:19.456 D/wpa_supplicant( 1038): wlan0: BSS: Add new id 125 BSSID 5a:b2:03:23:e3:d8 SSID 'xfinitywifi' freq 5220
11-16 08:15:19.456 D/wpa_supplicant( 1038): wlan0: BSS: Add new id 126 BSSID 00:1a:dd:77:ac:24 SSID '75F Matt Floater ' freq 2447
11-16 08:15:19.456 D/wpa_supplicant( 1038): wlan0: BSS: Add new id 127 BSSID fc:ec:da:be:82:82 SSID 'Southpoint - Guest' freq 5745
11-16 08:15:19.456 D/wpa_supplicant( 1038): wlan0: BSS: Add new id 128 BSSID fc:ec:da:f2:d9:f2 SSID 'Southpoint - Guest' freq 5745
11-16 08:15:19.456 D/wpa_supplicant( 1038): BSS: last_scan_res_used=59/128
11-16 08:15:19.456 D/wpa_supplicant( 1038): wlan0: Scan-only results received
11-16 08:15:19.457 D/wpa_supplicant( 1038): CTRL_IFACE monitor sent successfully to /data/misc/wifi/sockets/wpa_ctrl_742-2\x00
11-16 08:15:19.457 D/wpa_supplicant( 1038): wlan0: Radio work 'scan'@0x7bffe2f540 done in 3.540689 seconds
11-16 08:15:19.457 D/wpa_supplicant( 1038): wlan0: radio_work_free('scan'@0x7bffe2f540: num_active_works --> 0
11-16 08:15:19.457 D/WifiHW  (  742): [1] get event: IFNAME=wlan0 <3>CTRL-EVENT-SCAN-RESULTS 
11-16 08:15:19.457 D/WifiHW  (  742): [2] get event: IFNAME=wlan0 CTRL-EVENT-SCAN-RESULTS 
11-16 08:15:19.461 D/WifiMonitor(  742): Dispatching event to interface: wlan0
11-16 08:15:19.462 D/WifiHW  (  742): enter -->wifi_wait_on_socket buflen=2048
11-16 08:15:19.464 D/WifiStateMachine(  742):  ConnectedState !SCAN_RESULTS_EVENT  rt=751483/751483 0 0 found=11 known=0 got=11 bcn=0 con=1
11-16 08:15:19.465 D/AlarmManager(  742): manual remove option = null
11-16 08:15:19.466 D/AlarmManager(  742): remove(operation) changed bounds; rebatching operation = null
11-16 08:15:19.466 D/AlarmManager(  742):  whichBatch = -1
11-16 08:15:19.466 D/AlarmManager(  742):  whichBatch = -1
11-16 08:15:19.466 D/AlarmManager(  742):  whichBatch = -1
11-16 08:15:19.467 D/WifiStateMachine(  742):  L2ConnectedState !SCAN_RESULTS_EVENT  rt=751485/751485 0 0 found=11 known=0 got=11 bcn=0 con=1
11-16 08:15:19.467 D/AlarmManager(  742):  whichBatch = -1
11-16 08:15:19.467 D/AlarmManager(  742):  whichBatch = -1
11-16 08:15:19.467 D/AlarmManager(  742):  whichBatch = -1
11-16 08:15:19.467 D/AlarmManager(  742):  whichBatch = -1
11-16 08:15:19.467 D/AlarmManager(  742):  whichBatch = -1
11-16 08:15:19.467 D/AlarmManager(  742):  whichBatch = -1
11-16 08:15:19.467 D/AlarmManager(  742):  whichBatch = -1
11-16 08:15:19.468 D/AlarmManager(  742):  whichBatch = -1
11-16 08:15:19.468 D/AlarmManager(  742):  whichBatch = -1
11-16 08:15:19.468 D/AlarmManager(  742):  whichBatch = -1
11-16 08:15:19.468 D/WifiStateMachine(  742):  ConnectModeState !SCAN_RESULTS_EVENT  rt=751487/751488 0 0 found=11 known=0 got=11 bcn=0 con=1
11-16 08:15:19.468 D/AlarmManager(  742):  whichBatch = -1
11-16 08:15:19.468 D/AlarmManager(  742):  whichBatch = -1
11-16 08:15:19.468 D/AlarmManager(  742):  whichBatch = -1
11-16 08:15:19.469 D/AlarmManager(  742): set alarm to RTC 787884
11-16 08:15:19.471 D/WifiStateMachine(  742):  DriverStartedState !SCAN_RESULTS_EVENT  rt=751489/751489 0 0 found=11 known=0 got=11 bcn=0 con=1
11-16 08:15:19.473 D/SupplicantWifiScannerImpl(  742): Polling scan data for scan: 0
11-16 08:15:19.473 D/WifiStateMachine(  742):  SupplicantStartedState !SCAN_RESULTS_EVENT  rt=751492/751492 0 0 found=11 known=0 got=11 bcn=0 con=1
11-16 08:15:19.473 D/WifiHW  (  742): enter -->wifi_send_command cmd=IFNAME=wlan0 BSS RANGE=0- MASK=0x29d87
11-16 08:15:19.481 D/WifiHW  (  742): leave --> reply=id=2
11-16 08:15:19.481 D/WifiHW  (  742): bssid=d0:15:a6:87:bd:12
11-16 08:15:19.481 D/WifiHW  (  742): freq=5180
11-16 08:15:19.481 D/WifiHW  (  742): level=-48
11-16 08:15:19.481 D/WifiHW  (  742): tsf=0000000751447457
11-16 08:15:19.481 D/WifiHW  (  742): ie=000337354601088c129824b048606c030124071055532024042434041e640c1e9505240020010023021f0030140100000fac040100000fac040100000fac0228000b0511001bc267460573d001000d33050124282c3033050234383c40330d0464686c7074787c8084888c9033050395999da14306000cc267c2672d1aef091bffffff00000000000000000000000000000000000000003d16240504000000000000000000000000000000000000007f080400080000000040bf0cb2798a33eaff0000eaff0000c005012a000000c30402484848dd180050f2020101800003a4000027a4000042435e0062322f00
11-16 08:15:19.481 D/WifiHW  (  742): flags=[WPA2-PSK-CCMP][ESS]
11-16 08:15:19.481 D/WifiHW  (  742): ssid=75F
11-16 08:15:19.481 D/WifiHW  (  742): ====
11-16 08:15:19.481 D/WifiHW  (  742): id=9
11-16 08:15:19.481 D/WifiHW  (  742): bssid=d0:15:a6:87:ee:92
11-16 08:15:19.481 D/WifiHW  (  742): freq=5260
11-16 08:15:19.481 D/WifiHW  (  742): level=-67
11-16 08:15:19.481 D/WifiHW  (  742): tsf=0000000751447570
11-16 08:15:19.481 D/WifiHW  (  742): ie=000337354601088c129824b048606c030134050400010010071055532024042434041e640c1e9505240020010023021e0030140100000fac040100000fac040100000fac0228000b05050008687633050124282c3033050234383c40330d0464686c7074787c8084888c9033050395999da14306000c127a127a460573d001000d2d1aef091bffffff00000000000000000000000000000000000000003d163405040000000000000000000
11-16 08:15:19.481 D/WifiHW  (  742): enter -->wifi_send_command cmd=IFNAME=wlan0 BSS RANGE=0- MASK=0x29d87
11-16 08:15:19.483 D/WifiHW  (  742): leave --> reply=id=2
11-16 08:15:19.483 D/WifiHW  (  742): bssid=d0:15:a6:87:bd:12
11-16 08:15:19.483 D/WifiHW  (  742): freq=5180
11-16 08:15:19.483 D/WifiHW  (  742): level=-48
11-16 08:15:19.483 D/WifiHW  (  742): tsf=0000000751447457
