--------- beginning of system
11-16 08:14:30.725 D/AMEventHook(  742): onEvent: AM_BeforeSendBroadcast
11-16 08:14:30.730 V/ActivityManager(  742): Broadcast sticky: Intent { act=android.net.conn.DATA_ACTIVITY_CHANGE_CT flg=0x10 (has extras) } ordered=false userid=-1 callerApp=ProcessRecord{b0897a0 742:system/1000}
11-16 08:14:30.731 D/AMEventHook(  742): onEvent: AM_BeforeSendBroadcast
11-16 08:14:32.685 V/ActivityManager(  742): Broadcast sticky: Intent { act=android.intent.action.BATTERY_CHANGED flg=0x60000010 (has extras) } ordered=false userid=-1 callerApp=null
11-16 08:14:32.688 D/AMEventHook(  742): onEvent: AM_BeforeSendBroadcast
11-16 08:14:32.694 V/BroadcastQueue(  742): BDC-Processing parallel broadcast [background] BroadcastRecord{b4fef70 u-1 android.intent.action.BATTERY_CHANGED}, 12 receivers
11-16 08:14:32.696 D/BroadcastQueue(  742): BDC-Delivering broadcast: Intent { act=android.intent.action.BATTERY_CHANGED flg=0x60000010 (has extras) }, queue=background, ordered=false, filter=BroadcastFilter{957da49 u0 ReceiverList{e42c850 742 system/1000/u0 local:c821e13}}, broadcastRecord=BroadcastRecord{b4fef70 u-1 android.intent.action.BATTERY_CHANGED}, receiver=null, #0
11-16 08:14:32.698 D/ActivityThread(  742): BDC-Calling onReceive: intent=Intent { act=android.intent.action.BATTERY_CHANGED flg=0x60000010 (has extras) }, ordered=false, receiver=com.android.server.power.PowerManagerService$BatteryReceiver@323f502, IIntentReceiver=c821e13
11-16 08:14:32.700 D/BroadcastQueue(  742): BDC-Delivering broadcast: Intent { act=android.intent.action.BATTERY_CHANGED flg=0x60000010 (has extras) }, queue=background, ordered=false, filter=BroadcastFilter{74876af u0 ReceiverList{7781e8e 742 system/1000/u0 local:b860e89}}, broadcastRecord=BroadcastRecord{b4fef70 u-1 android.intent.action.BATTERY_CHANGED}, receiver=null, #1
11-16 08:14:32.702 D/BroadcastQueue(  742): BDC-Delivering broadcast: Intent { act=android.intent.action.BATTERY_CHANGED flg=0x60000010 (has extras) }, queue=background, ordered=false, filter=BroadcastFilter{8bc745c u0 ReceiverList{c1e02cf 742 system/1000/u0 local:a79c72e}}, broadcastRecord=BroadcastRecord{b4fef70 u-1 android.intent.action.BATTERY_CHANGED}, receiver=null, #2
11-16 08:14:32.704 D/BroadcastQueue(  742): BDC-Delivering broadcast: Intent { act=android.intent.action.BATTERY_CHANGED flg=0x60000010 (has extras) }, queue=background, ordered=false, filter=BroadcastFilter{ceb3dbf u0 ReceiverList{7fc57de 742 system/1000/u0 local:b1d1b19}}, broadcastRecord=BroadcastRecord{b4fef70 u-1 android.intent.action.BATTERY_CHANGED}, receiver=null, #3
11-16 08:14:32.706 D/BroadcastQueue(  742): BDC-Delivering broadcast: Intent { act=android.intent.action.BATTERY_CHANGED flg=0x60000010 (has extras) }, queue=background, ordered=false, filter=BroadcastFilter{34b11fd u0 ReceiverList{86dfe54 853 com.android.systemui/10017/u0 remote:b0819a7}}, broadcastRecord=BroadcastRecord{b4fef70 u-1 android.intent.action.BATTERY_CHANGED}, receiver=null, #4
11-16 08:14:32.711 D/ActivityThread(  742): BDC-Calling onReceive: intent=Intent { act=android.intent.action.BATTERY_CHANGED flg=0x60000010 (has extras) }, ordered=false, receiver=com.android.server.UiModeManagerService$3@6b42590, IIntentReceiver=b860e89
11-16 08:14:32.713 D/ActivityThread(  742): BDC-Calling onReceive: intent=Intent { act=android.intent.action.BATTERY_CHANGED flg=0x60000010 (has extras) }, ordered=false, receiver=com.android.server.DeviceIdleController$1@c9875a9, IIntentReceiver=a79c72e
11-16 08:14:32.714 D/ActivityThread(  742): BDC-Calling onReceive: intent=Intent { act=android.intent.action.BATTERY_CHANGED flg=0x60000010 (has extras) }, ordered=false, receiver=com.android.server.wifi.WifiServiceImpl$1@9e44a60, IIntentReceiver=b1d1b19
11-16 08:14:32.714 D/WifiService(  742): onReceive, action:android.intent.action.BATTERY_CHANGED
11-16 08:14:32.718 D/ActivityThread(  853): BDC-Calling onReceive: intent=Intent { act=android.intent.action.BATTERY_CHANGED flg=0x60000010 (has extras) }, ordered=false, receiver=com.android.keyguard.KeyguardUpdateMonitor$3@2b7b52b, IIntentReceiver=6d909b0
11-16 08:14:32.725 D/WifiController(  742): DeviceActiveState{ when=-10ms what=155652 arg1=2 target=com.android.internal.util.StateMachine$SmHandler }
11-16 08:14:32.725 D/WifiController(  742): StaEnabledState{ when=-11ms what=155652 arg1=2 target=com.android.internal.util.StateMachine$SmHandler }
11-16 08:14:32.725 D/WifiController(  742): DefaultState{ when=-11ms what=155652 arg1=2 target=com.android.internal.util.StateMachine$SmHandler }
11-16 08:14:32.726 D/WifiController(  742): battery changed pluggedType: 2
11-16 08:14:32.726 D/WifiController(  742): wifiSleepPolicy:2, means: Never sleep
11-16 08:14:32.726 D/WifiController(  742): wifiSleepPolicy:2, means: Never sleep
11-16 08:14:32.731 D/BroadcastQueue(  742): BDC-Delivering broadcast: Intent { act=android.intent.action.BATTERY_CHANGED flg=0x60000010 (has extras) }, queue=background, ordered=false, filter=BroadcastFilter{a4afb32 u0 ReceiverList{3c5a73d 742 system/1000/u0 local:b0ca094}}, broadcastRecord=BroadcastRecord{b4fef70 u-1 android.intent.action.BATTERY_CHANGED}, receiver=null, #5
11-16 08:14:32.733 D/BroadcastQueue(  742): BDC-Delivering broadcast: Intent { act=android.intent.action.BATTERY_CHANGED flg=0x60000010 (has extras) }, queue=background, ordered=false, filter=BroadcastFilter{21002d4 u0 ReceiverList{2956027 853 com.android.systemui/10017/u0 remote:ed962e6}}, broadcastRecord=BroadcastRecord{b4fef70 u-1 android.intent.action.BATTERY_CHANGED}, receiver=null, #6
11-16 08:14:32.738 D/ActivityThread(  742): BDC-Calling onReceive: intent=Intent { act=android.intent.action.BATTERY_CHANGED flg=0x60000010 (has extras) }, ordered=false, receiver=com.mediatek.lbsutils.LbsUtils$1@1cbdaa6, IIntentReceiver=b0ca094
11-16 08:14:32.743 D/ActivityThread(  853): BDC-Calling onReceive: intent=Intent { act=android.intent.action.BATTERY_CHANGED flg=0x60000010 (has extras) }, ordered=false, receiver=com.android.systemui.power.PowerUI$Receiver@8d23bd6, IIntentReceiver=ef44125
11-16 08:14:32.753 D/BroadcastQueue(  742): BDC-Delivering broadcast: Intent { act=android.intent.action.BATTERY_CHANGED flg=0x60000010 (has extras) }, queue=background, ordered=false, filter=BroadcastFilter{d727f17 u0 ReceiverList{eece796 1153 com.android.phone/1001/u0 remote:7ebb6b1}}, broadcastRecord=BroadcastRecord{b4fef70 u-1 android.intent.action.BATTERY_CHANGED}, receiver=null, #7
11-16 08:14:32.756 D/ActivityThread( 1153): BDC-Calling onReceive: intent=Intent { act=android.intent.action.BATTERY_CHANGED flg=0x60000010 (has extras) }, ordered=false, receiver=com.mediatek.internal.telephony.dataconnection.FdManager$1@6a372a7, IIntentReceiver=bb2667b
11-16 08:14:32.756 D/BroadcastQueue(  742): BDC-Delivering broadcast: Intent { act=android.intent.action.BATTERY_CHANGED flg=0x60000010 (has extras) }, queue=background, ordered=false, filter=BroadcastFilter{de1536e u0 ReceiverList{c718ae9 853 com.android.systemui/10017/u0 remote:285770}}, broadcastRecord=BroadcastRecord{b4fef70 u-1 android.intent.action.BATTERY_CHANGED}, receiver=null, #8
11-16 08:14:32.759 D/ActivityThread(  853): BDC-Calling onReceive: intent=Intent { act=android.intent.action.BATTERY_CHANGED flg=0x60000010 (has extras) }, ordered=false, receiver=com.android.systemui.statusbar.policy.BatteryControllerImpl@98ac84a, IIntentReceiver=72050a
11-16 08:14:32.759 D/BroadcastQueue(  742): BDC-Delivering broadcast: Intent { act=android.intent.action.BATTERY_CHANGED flg=0x60000010 (has extras) }, queue=background, ordered=false, filter=BroadcastFilter{d042018 u0 ReceiverList{9e657fb 1304 com.android.bluetooth/1002/u0 remote:57ec58a}}, broadcastRecord=BroadcastRecord{b4fef70 u-1 android.intent.action.BATTERY_CHANGED}, receiver=null, #9
11-16 08:14:32.762 D/ActivityThread( 1304): BDC-Calling onReceive: intent=Intent { act=android.intent.action.BATTERY_CHANGED flg=0x60000010 (has extras) }, ordered=false, receiver=com.android.bluetooth.hfp.HeadsetService$1@785552a, IIntentReceiver=cee5171
11-16 08:14:32.762 D/BroadcastQueue(  742): BDC-Delivering broadcast: Intent { act=android.intent.action.BATTERY_CHANGED flg=0x60000010 (has extras) }, queue=background, ordered=false, filter=BroadcastFilter{8858b03 u0 ReceiverList{eee3fb2 1424 com.mediatek.dongle/1001/u0 remote:8912dbd}}, broadcastRecord=BroadcastRecord{b4fef70 u-1 android.intent.action.BATTERY_CHANGED}, receiver=null, #10
11-16 08:14:32.765 D/ActivityThread( 1424): BDC-Calling onReceive: intent=Intent { act=android.intent.action.BATTERY_CHANGED flg=0x60000010 (has extras) }, ordered=false, receiver=com.android.internal.tedongle.RIL$2@1205c17, IIntentReceiver=34593ad
11-16 08:14:32.766 D/BroadcastQueue(  742): BDC-Delivering broadcast: Intent { act=android.intent.action.BATTERY_CHANGED flg=0x60000010 (has extras) }, queue=background, ordered=false, filter=BroadcastFilter{15b7105 u0 ReceiverList{8e7d47c 1575 android.process.media/10007/u0 remote:5984f6f}}, broadcastRecord=BroadcastRecord{b4fef70 u-1 android.intent.action.BATTERY_CHANGED}, receiver=null, #11
11-16 08:14:32.768 D/BroadcastQueue(  742): Non-ordered [background] BroadcastRecord{b4fef70 u-1 android.intent.action.BATTERY_CHANGED}, 12 receivers, Total: 79, Waiting: 5, Processing: 74
11-16 08:14:32.769 D/ActivityThread( 1575): BDC-Calling onReceive: intent=Intent { act=android.intent.action.BATTERY_CHANGED flg=0x60000010 (has extras) }, ordered=false, receiver=android.mtp.MtpDatabase$1@ecf3606, IIntentReceiver=8022663
11-16 08:14:44.925 V/ActivityManager(  742): Broadcast sticky: Intent { act=android.intent.action.BATTERY_CHANGED flg=0x60000010 (has extras) } ordered=false userid=-1 callerApp=null
11-16 08:14:44.928 D/AMEventHook(  742): onEvent: AM_BeforeSendBroadcast
11-16 08:14:44.934 V/BroadcastQueue(  742): BDC-Processing parallel broadcast [background] BroadcastRecord{40e602b u-1 android.intent.action.BATTERY_CHANGED}, 12 receivers
11-16 08:14:44.935 D/BroadcastQueue(  742): BDC-Delivering broadcast: Intent { act=android.intent.action.BATTERY_CHANGED flg=0x60000010 (has extras) }, queue=background, ordered=false, filter=BroadcastFilter{957da49 u0 ReceiverList{e42c850 742 system/1000/u0 local:c821e13}}, broadcastRecord=BroadcastRecord{40e602b u-1 android.intent.action.BATTERY_CHANGED}, receiver=null, #0
11-16 08:14:44.937 D/ActivityThread(  742): BDC-Calling onReceive: intent=Intent { act=android.intent.action.BATTERY_CHANGED flg=0x60000010 (has extras) }, ordered=false, receiver=com.android.server.power.PowerManagerService$BatteryReceiver@323f502, IIntentReceiver=c821e13
11-16 08:14:44.940 D/BroadcastQueue(  742): BDC-Delivering broadcast: Intent { act=android.intent.action.BATTERY_CHANGED flg=0x60000010 (has extras) }, queue=background, ordered=false, filter=BroadcastFilter{74876af u0 ReceiverList{7781e8e 742 system/1000/u0 local:b860e89}}, broadcastRecord=BroadcastRecord{40e602b u-1 android.intent.action.BATTERY_CHANGED}, receiver=null, #1
11-16 08:14:44.942 D/BroadcastQueue(  742): BDC-Delivering broadcast: Intent { act=android.intent.action.BATTERY_CHANGED flg=0x60000010 (has extras) }, queue=background, ordered=false, filter=BroadcastFilter{8bc745c u0 ReceiverList{c1e02cf 742 system/1000/u0 local:a79c72e}}, broadcastRecord=BroadcastRecord{40e602b u-1 android.intent.action.BATTERY_CHANGED}, receiver=null, #2
11-16 08:14:44.944 D/BroadcastQueue(  742): BDC-Delivering broadcast: Intent { act=android.intent.action.BATTERY_CHANGED flg=0x60000010 (has extras) }, queue=background, ordered=false, filter=BroadcastFilter{ceb3dbf u0 ReceiverList{7fc57de 742 system/1000/u0 local:b1d1b19}}, broadcastRecord=BroadcastRecord{40e602b u-1 android.intent.action.BATTERY_CHANGED}, receiver=null, #3
11-16 08:14:44.945 D/BroadcastQueue(  742): BDC-Delivering broadcast: Intent { act=android.intent.action.BATTERY_CHANGED flg=0x60000010 (has extras) }, queue=background, ordered=false, filter=BroadcastFilter{34b11fd u0 ReceiverList{86dfe54 853 com.android.systemui/10017/u0 remote:b0819a7}}, broadcastRecord=BroadcastRecord{40e602b u-1 android.intent.action.BATTERY_CHANGED}, receiver=null, #4
11-16 08:14:44.952 D/ActivityThread(  742): BDC-Calling onReceive: intent=Intent { act=android.intent.action.BATTERY_CHANGED flg=0x60000010 (has extras) }, ordered=false, receiver=com.android.server.UiModeManagerService$3@6b42590, IIntentReceiver=b860e89
11-16 08:14:44.953 D/ActivityThread(  742): BDC-Calling onReceive: intent=Intent { act=android.intent.action.BATTERY_CHANGED flg=0x60000010 (has extras) }, ordered=false, receiver=com.android.server.DeviceIdleController$1@c9875a9, IIntentReceiver=a79c72e
11-16 08:14:44.954 D/ActivityThread(  742): BDC-Calling onReceive: intent=Intent { act=android.intent.action.BATTERY_CHANGED flg=0x60000010 (has extras) }, ordered=false, receiver=com.android.server.wifi.WifiServiceImpl$1@9e44a60, IIntentReceiver=b1d1b19
11-16 08:14:44.954 D/WifiService(  742): onReceive, action:android.intent.action.BATTERY_CHANGED
11-16 08:14:44.961 D/ActivityThread(  853): BDC-Calling onReceive: intent=Intent { act=android.intent.action.BATTERY_CHANGED flg=0x60000010 (has extras) }, ordered=false, receiver=com.android.keyguard.KeyguardUpdateMonitor$3@2b7b52b, IIntentReceiver=6d909b0
11-16 08:14:44.967 D/BroadcastQueue(  742): BDC-Delivering broadcast: Intent { act=android.intent.action.BATTERY_CHANGED flg=0x60000010 (has extras) }, queue=background, ordered=false, filter=BroadcastFilter{a4afb32 u0 ReceiverList{3c5a73d 742 system/1000/u0 local:b0ca094}}, broadcastRecord=BroadcastRecord{40e602b u-1 android.intent.action.BATTERY_CHANGED}, receiver=null, #5
11-16 08:14:44.968 D/BroadcastQueue(  742): BDC-Delivering broadcast: Intent { act=android.intent.action.BATTERY_CHANGED flg=0x60000010 (has extras) }, queue=background, ordered=false, filter=BroadcastFilter{21002d4 u0 ReceiverList{2956027 853 com.android.systemui/10017/u0 remote:ed962e6}}, broadcastRecord=BroadcastRecord{40e602b u-1 android.intent.action.BATTERY_CHANGED}, receiver=null, #6
11-16 08:14:44.974 D/WifiController(  742): DeviceActiveState{ when=-19ms what=155652 arg1=2 target=com.android.internal.util.StateMachine$SmHandler }
11-16 08:14:44.974 D/WifiController(  742): StaEnabledState{ when=-20ms what=155652 arg1=2 target=com.android.internal.util.StateMachine$SmHandler }
11-16 08:14:44.975 D/WifiController(  742): DefaultState{ when=-20ms what=155652 arg1=2 target=com.android.internal.util.StateMachine$SmHandler }
11-16 08:14:44.975 D/ActivityThread(  742): BDC-Calling onReceive: intent=Intent { act=android.intent.action.BATTERY_CHANGED flg=0x60000010 (has extras) }, ordered=false, receiver=com.mediatek.lbsutils.LbsUtils$1@1cbdaa6, IIntentReceiver=b0ca094
11-16 08:14:44.975 D/WifiController(  742): battery changed pluggedType: 2
11-16 08:14:44.975 D/WifiController(  742): wifiSleepPolicy:2, means: Never sleep
11-16 08:14:44.975 D/WifiController(  742): wifiSleepPolicy:2, means: Never sleep
11-16 08:14:44.979 D/ActivityThread(  853): BDC-Calling onReceive: intent=Intent { act=android.intent.action.BATTERY_CHANGED flg=0x60000010 (has extras) }, ordered=false, receiver=com.android.systemui.power.PowerUI$Receiver@8d23bd6, IIntentReceiver=ef44125
11-16 08:14:44.979 D/BroadcastQueue(  742): BDC-Delivering broadcast: Intent { act=android.intent.action.BATTERY_CHANGED flg=0x60000010 (has extras) }, queue=background, ordered=false, filter=BroadcastFilter{d727f17 u0 ReceiverList{eece796 1153 com.android.phone/1001/u0 remote:7ebb6b1}}, broadcastRecord=BroadcastRecord{40e602b u-1 android.intent.action.BATTERY_CHANGED}, receiver=null, #7
11-16 08:14:44.982 D/BroadcastQueue(  742): BDC-Delivering broadcast: Intent { act=android.intent.action.BATTERY_CHANGED flg=0x60000010 (has extras) }, queue=background, ordered=false, filter=BroadcastFilter{de1536e u0 ReceiverList{c718ae9 853 com.android.systemui/10017/u0 remote:285770}}, broadcastRecord=BroadcastRecord{40e602b u-1 android.intent.action.BATTERY_CHANGED}, receiver=null, #8
11-16 08:14:44.983 D/ActivityThread( 1153): BDC-Calling onReceive: intent=Intent { act=android.intent.action.BATTERY_CHANGED flg=0x60000010 (has extras) }, ordered=false, receiver=com.mediatek.internal.telephony.dataconnection.FdManager$1@6a372a7, IIntentReceiver=bb2667b
11-16 08:14:44.986 D/ActivityThread(  853): BDC-Calling onReceive: intent=Intent { act=android.intent.action.BATTERY_CHANGED flg=0x60000010 (has extras) }, ordered=false, receiver=com.android.systemui.statusbar.policy.BatteryControllerImpl@98ac84a, IIntentReceiver=72050a
11-16 08:14:44.986 D/BroadcastQueue(  742): BDC-Delivering broadcast: Intent { act=android.intent.action.BATTERY_CHANGED flg=0x60000010 (has extras) }, queue=background, ordered=false, filter=BroadcastFilter{d042018 u0 ReceiverList{9e657fb 1304 com.android.bluetooth/1002/u0 remote:57ec58a}}, broadcastRecord=BroadcastRecord{40e602b u-1 android.intent.action.BATTERY_CHANGED}, receiver=null, #9
11-16 08:14:44.989 D/ActivityThread( 1304): BDC-Calling onReceive: intent=Intent { act=android.intent.action.BATTERY_CHANGED flg=0x60000010 (has extras) }, ordered=false, receiver=com.android.bluetooth.hfp.HeadsetService$1@785552a, IIntentReceiver=cee5171
11-16 08:14:44.990 D/BroadcastQueue(  742): BDC-Delivering broadcast: Intent { act=android.intent.action.BATTERY_CHANGED flg=0x60000010 (has extras) }, queue=background, ordered=false, filter=BroadcastFilter{8858b03 u0 ReceiverList{eee3fb2 1424 com.mediatek.dongle/1001/u0 remote:8912dbd}}, broadcastRecord=BroadcastRecord{40e602b u-1 android.intent.action.BATTERY_CHANGED}, receiver=null, #10
11-16 08:14:44.992 D/ActivityThread( 1424): BDC-Calling onReceive: intent=Intent { act=android.intent.action.BATTERY_CHANGED flg=0x60000010 (has extras) }, ordered=false, receiver=com.android.internal.tedongle.RIL$2@1205c17, IIntentReceiver=34593ad
11-16 08:14:44.993 D/BroadcastQueue(  742): BDC-Delivering broadcast: Intent { act=android.intent.action.BATTERY_CHANGED flg=0x60000010 (has extras) }, queue=background, ordered=false, filter=BroadcastFilter{15b7105 u0 ReceiverList{8e7d47c 1575 android.process.media/10007/u0 remote:5984f6f}}, broadcastRecord=BroadcastRecord{40e602b u-1 android.intent.action.BATTERY_CHANGED}, receiver=null, #11
11-16 08:14:44.995 D/BroadcastQueue(  742): Non-ordered [background] BroadcastRecord{40e602b u-1 android.intent.action.BATTERY_CHANGED}, 12 receivers, Total: 66, Waiting: 5, Processing: 61
11-16 08:14:44.996 D/ActivityThread( 1575): BDC-Calling onReceive: intent=Intent { act=android.intent.action.BATTERY_CHANGED flg=0x60000010 (has extras) }, ordered=false, receiver=android.mtp.MtpDatabase$1@ecf3606, IIntentReceiver=8022663
11-16 08:14:55.426 D/PowerManagerNotifier(  742): onWakeLockAcquired: flags=1, tag="PhoneWindowManager.mPowerKeyWakeLock", packageName=android, ownerUid=1000, ownerPid=742, workSource=null
11-16 08:14:55.435 V/Telecom (  742): Logging: START_SESSION: TSI.iR@ABE
11-16 08:14:55.454 V/Telecom (  742): Logging: END_SESSION (dur: 19 ms): TSI.iR@ABE
11-16 08:14:55.455 D/PowerManagerService(  742):    |----com.android.server.power.PowerManagerService.wakeUpNoUpdateLocked(PowerManagerService.java:1473)
11-16 08:14:55.455 D/PowerManagerService(  742):    |----com.android.server.power.PowerManagerService.wakeUpInternal(PowerManagerService.java:1464)
11-16 08:14:55.455 D/PowerManagerService(  742):    |----com.android.server.power.PowerManagerService.-wrap41(PowerManagerService.java)
11-16 08:14:55.456 D/PowerManagerService(  742):    |----com.android.server.power.PowerManagerService$BinderService.wakeUp(PowerManagerService.java:3800)
11-16 08:14:55.456 D/PowerManagerService(  742):    |----android.os.PowerManager.wakeUp(PowerManager.java:797)
11-16 08:14:55.456 D/PowerManagerService(  742):    |----com.android.server.policy.PhoneWindowManager.wakeUp(PhoneWindowManager.java:6335)
11-16 08:14:55.456 D/PowerManagerService(  742):    |----com.android.server.policy.PhoneWindowManager.wakeUpFromPowerKey(PhoneWindowManager.java:6321)
11-16 08:14:55.457 D/PowerManagerService(  742):    |----com.android.server.policy.PhoneWindowManager.interceptPowerKeyDown(PhoneWindowManager.java:1086)
11-16 08:14:55.457 D/PowerManagerService(  742):    |----com.android.server.policy.PhoneWindowManager.interceptKeyBeforeQueueing(PhoneWindowManager.java:5827)
11-16 08:14:55.457 D/PowerManagerService(  742):    |----com.android.server.wm.InputMonitor.interceptKeyBeforeQueueing(InputMonitor.java:465)
11-16 08:14:55.457 D/PowerManagerService(  742):    |----com.android.server.input.InputManagerService.interceptKeyBeforeQueueing(InputManagerService.java:1897)
11-16 08:14:55.458 I/PowerManagerService(  742): Waking up from sleep (uid 1000)...
11-16 08:14:55.458 D/PowerManagerNotifier(  742): onWakefulnessChangeStarted: wakefulness=1, reason=0, interactive=true
11-16 08:14:55.459 D/PowerManagerNotifier(  742): updatePendingBroadcastLocked mBroadcastInProgress = false, mPendingInteractiveState = 1, mPendingGoToSleepBroadcast = false, mBroadcastedInteractiveState = 2
11-16 08:14:55.460 D/PowerManagerNotifier(  742): onWakeUp: event=android.policy:POWER, reasonUid=1000 opPackageName=android opUid=1000
11-16 08:14:55.461 D/PowerManagerNotifier(  742): onUserActivity: event=0, uid=1000
11-16 08:14:55.462 D/DisplayPowerController(  742): requestPowerState: policy=BRIGHT, useProximitySensor=false, screenBrightness=102, screenAutoBrightnessAdjustment=0.0, brightnessSetByUser=true, useAutoBrightness=false, blockScreenOn=false, lowPowerMode=false, boostScreenBrightness=false, dozeScreenBrightness=-1, dozeScreenState=UNKNOWN, useTwilight=false, waitForNegativeProximity=false, changed=true
11-16 08:14:55.465 D/PowerManagerNotifier(  742): handleEarlyInteractiveChange: mPolicy.startedWakingUp
11-16 08:14:55.467 D/PowerManagerNotifier(  742): sendNextBroadcast mBroadcastedInteractiveState = 2, mPendingInteractiveState = 1, mPendingWakeUpBroadcast = true, mPendingGoToSleepBroadcast = false
11-16 08:14:55.467 D/PowerManagerNotifier(  742): sendWakeUpBroadcast
11-16 08:14:55.467 D/PowerManagerNotifier(  742): sendWakeUpBroadcast - sendOrderedBroadcastAsUser
11-16 08:14:55.470 V/ActivityManager(  742): Broadcast: Intent { act=android.intent.action.SCREEN_ON flg=0x50000010 } ordered=true userid=-1 callerApp=ProcessRecord{b0897a0 742:system/1000}
11-16 08:14:55.473 D/DisplayPowerController(  742): updatePowerState: policy=BRIGHT, useProximitySensor=false, screenBrightness=102, screenAutoBrightnessAdjustment=0.0, brightnessSetByUser=true, useAutoBrightness=false, blockScreenOn=false, lowPowerMode=false, boostScreenBrightness=false, dozeScreenBrightness=-1, dozeScreenState=UNKNOWN, useTwilight=false, mWaitingForNegativeProximity=false, autoBrightnessAdjustmentChanged=false, mustNotify=true
11-16 08:14:55.473 D/DisplayPowerState(  742): setScreenState: state=2
11-16 08:14:55.474 I/DisplayPowerController(  742): Blocking screen on until initial contents have been drawn.
11-16 08:14:55.477 D/AMEventHook(  742): onEvent: AM_BeforeSendBroadcast
11-16 08:14:55.481 V/BroadcastQueue(  742): BDC-Processing ordered broadcast [foreground] BroadcastRecord{d8fb859 u-1 android.intent.action.SCREEN_ON}, 17 receivers
11-16 08:14:55.483 D/BroadcastQueue(  742): BDC-Delivering broadcast: Intent { act=android.intent.action.SCREEN_ON flg=0x50000010 }, queue=foreground, ordered=true, filter=BroadcastFilter{610c747 u0 ReceiverList{c537286 742 system/1000/u0 local:a5ad761}}, broadcastRecord=BroadcastRecord{d8fb859 u-1 android.intent.action.SCREEN_ON}, receiver=android.app.LoadedApk$ReceiverDispatcher$InnerReceiver@a5ad761, #0
11-16 08:14:55.486 D/ActivityThread(  742): BDC-Calling onReceive: intent=Intent { act=android.intent.action.SCREEN_ON flg=0x50000010 }, ordered=true, receiver=com.android.server.AlarmManagerService$InteractiveStateReceiver@91daac8, IIntentReceiver=a5ad761
11-16 08:14:55.486 D/ActivityThread(  742): BDC-Calling finishReceiver: IIntentReceiver=a5ad761
11-16 08:14:55.486 V/ActivityManager(  742): BDC-Finish receiver: android.app.LoadedApk$ReceiverDispatcher$InnerReceiver@a5ad761
11-16 08:14:55.492 V/WindowManager(  742): setAppVisibility(Token{4f489d9 ActivityRecord{74387a1 u0 com.android.launcher3/.Launcher t251}}, visible=true): mNextAppTransition=TRANSIT_ACTIVITY_OPEN hidden=false hiddenRequested=false Callers=com.android.server.am.ActivityStack.resumeTopActivityInnerLocked:2609 com.android.server.am.ActivityStack.resumeTopActivityUncheckedLocked:2220 com.android.server.am.ActivityStackSupervisor.resumeFocusedStackTopActivityLocked:1853 com.android.server.am.ActivityStackSupervisor.resumeFocusedStackTopActivityLocked:1843 com.android.server.am.ActivityStackSupervisor.comeOutOfSleepIfNeededLocked:2865 com.android.server.am.ActivityManagerService.updateSleepIfNeededLocked:12315 
11-16 08:14:55.526 D/ActivityManager(  742): ACT-AM_RESUME_ACTIVITY ActivityRecord{74387a1 u0 com.android.launcher3/.Launcher t251} task:251
11-16 08:14:55.528 D/WindowManager(  742): notifyActivityDrawnForKeyguard: waiting=false Callers=com.android.server.am.ActivityStackSupervisor.notifyActivityDrawnForKeyguard:575 com.android.server.am.ActivityStack.completeResumeLocked:1513 com.android.server.am.ActivityStack.resumeTopActivityInnerLocked:2743 com.android.server.am.ActivityStack.resumeTopActivityUncheckedLocked:2220 com.android.server.am.ActivityStackSupervisor.resumeFocusedStackTopActivityLocked:1853 
11-16 08:14:55.535 V/WindowManager(  742): Looking for focus: 5 = Window{719597b u0 StatusBar}, flags=-2122055608, canReceive=false
11-16 08:14:55.535 V/WindowManager(  742): findFocusedWindow: Found new focus @ 1 = Window{2e74397 u0 com.android.launcher3/com.android.launcher3.Launcher}
11-16 08:14:55.537 D/WindowManager(  742): notifyActivityDrawnForKeyguard: waiting=false Callers=com.android.server.wm.WindowSurfacePlacer.handleAppTransitionReadyLocked:1227 com.android.server.wm.WindowSurfacePlacer.performSurfacePlacementInner:337 com.android.server.wm.WindowSurfacePlacer.performSurfacePlacementLoop:235 com.android.server.wm.WindowSurfacePlacer.performSurfacePlacement:183 com.android.server.wm.WindowManagerService.executeAppTransition:4301 
11-16 08:14:55.537 V/WindowManager(  742): Looking for focus: 5 = Window{719597b u0 StatusBar}, flags=-2122055608, canReceive=false
11-16 08:14:55.537 V/WindowManager(  742): findFocusedWindow: Found new focus @ 1 = Window{2e74397 u0 com.android.launcher3/com.android.launcher3.Launcher}
11-16 08:14:55.554 D/ActivityManager(  742): BroadcastRecord{d8fb859 u-1 android.intent.action.SCREEN_ON}, spend: 73, android.app.LoadedApk$ReceiverDispatcher$InnerReceiver@a5ad761, BroadcastFilter{610c747 u0 ReceiverList{c537286 742 system/1000/u0 local:a5ad761}}
11-16 08:14:55.557 V/ActivityManager(  742): Broadcast: Intent { act=android.intent.action.USER_PRESENT flg=0x24000010 } ordered=false userid=0 callerApp=ProcessRecord{5cda071 853:com.android.systemui/u0a17}
11-16 08:14:55.559 D/AMEventHook(  742): onEvent: AM_BeforeSendBroadcast
11-16 08:14:55.563 D/PowerManagerNotifier(  742): onWakeLockReleased: flags=1, tag="PhoneWindowManager.mPowerKeyWakeLock", packageName=android, ownerUid=1000, ownerPid=742, workSource=null
11-16 08:14:55.567 D/DisplayPowerController(  742): Animating brightness: target=102, rate=200
11-16 08:14:55.571 D/DisplayManagerService(  742): Delivering display event: displayId=0, event=2
11-16 08:14:55.573 D/ActivityThread( 1480): SLEEPING handled : 0 / android.os.BinderProxy@3be0070
11-16 08:14:55.581 D/BroadcastQueue(  742): BDC-Delivering broadcast: Intent { act=android.intent.action.SCREEN_ON flg=0x50000010 }, queue=foreground, ordered=true, filter=BroadcastFilter{3546944 u0 ReceiverList{38a9a57 742 system/1000/u0 local:8b367d6}}, broadcastRecord=BroadcastRecord{d8fb859 u-1 android.intent.action.SCREEN_ON}, receiver=android.app.LoadedApk$ReceiverDispatcher$InnerReceiver@8b367d6, #1
11-16 08:14:55.584 V/BroadcastQueue(  742): BDC-Processing parallel broadcast [background] BroadcastRecord{930ccf7 u0 android.intent.action.USER_PRESENT}, 5 receivers
11-16 08:14:55.586 D/BroadcastQueue(  742): BDC-Delivering broadcast: Intent { act=android.intent.action.USER_PRESENT flg=0x24000010 }, queue=background, ordered=false, filter=BroadcastFilter{df8712e u-1 ReceiverList{d9f87a9 742 system/1000/u-1 local:5114f30}}, broadcastRecord=BroadcastRecord{930ccf7 u0 android.intent.action.USER_PRESENT}, receiver=null, #0
11-16 08:14:55.588 D/BroadcastQueue(  742): BDC-Delivering broadcast: Intent { act=android.intent.action.USER_PRESENT flg=0x24000010 }, queue=background, ordered=false, filter=BroadcastFilter{d310dc4 u0 ReceiverList{31900d7 742 system/1000/u0 local:6795856}}, broadcastRecord=BroadcastRecord{930ccf7 u0 android.intent.action.USER_PRESENT}, receiver=null, #1
11-16 08:14:55.594 D/BroadcastQueue(  742): BDC-Delivering broadcast: Intent { act=android.intent.action.USER_PRESENT flg=0x24000010 }, queue=background, ordered=false, filter=BroadcastFilter{ceb3dbf u0 ReceiverList{7fc57de 742 system/1000/u0 local:b1d1b19}}, broadcastRecord=BroadcastRecord{930ccf7 u0 android.intent.action.USER_PRESENT}, receiver=null, #2
11-16 08:14:55.598 D/BroadcastQueue(  742): BDC-Delivering broadcast: Intent { act=android.intent.action.USER_PRESENT flg=0x24000010 }, queue=background, ordered=false, filter=BroadcastFilter{ab5bfd6 u0 ReceiverList{2ebc7f1 853 com.android.systemui/10017/u0 remote:f30c398}}, broadcastRecord=BroadcastRecord{930ccf7 u0 android.intent.action.USER_PRESENT}, receiver=null, #3
11-16 08:14:55.598 D/DisplayPowerController(  742): Unfinished business...
11-16 08:14:55.601 D/DisplayPowerState(  742): Requesting new screen state: state=ON, backlight=0
11-16 08:14:55.601 D/DisplayPowerState(  742): Updating screen state: state=ON, backlight=0, backlightChanged=false
11-16 08:14:55.601 D/PowerManagerService(  742): Setting HAL auto-suspend mode to false
11-16 08:14:55.602 D/PowerManagerService(  742): Setting HAL interactive mode to true
11-16 08:14:55.603 D/BroadcastQueue(  742): BDC-Delivering broadcast: Intent { act=android.intent.action.USER_PRESENT flg=0x24000010 }, queue=background, ordered=false, filter=BroadcastFilter{ae4d5a2 u0 ReceiverList{6eda56d 1480 com.android.launcher3/10010/u0 remote:d9f984}}, broadcastRecord=BroadcastRecord{930ccf7 u0 android.intent.action.USER_PRESENT}, receiver=null, #4
11-16 08:14:55.604 D/DisplayManagerService(  742): Update global display state (ON, 0) for DisplayDeviceInfo{"Built-in Screen": uniqueId="local:0", 800 x 1280, modeId 1, defaultModeId 1, supportedModes [{id=1, width=800, height=1280, fps=55.16}], colorTransformId 1, defaultColorTransformId 1, supportedColorTransforms [{id=1, colorTransform=0}], HdrCapabilities android.view.Display$HdrCapabilities@615b1ed, density 160, 160.0 x 160.0 dpi, appVsyncOff -5000000, presDeadline 24129079, touch INTERNAL, rotation 0, type BUILT_IN, state OFF, FLAG_DEFAULT_DISPLAY, FLAG_ROTATES_WITH_CONTENT, FLAG_SECURE, FLAG_SUPPORTS_PROTECTED_BUFFERS}
11-16 08:14:55.605 D/LocalDisplayAdapter(  742): setDisplayState(id=0, state=ON)
11-16 08:14:55.619 D/DisplayPowerState(  742): setScreenBrightness: brightness=20
11-16 08:14:55.619 D/BroadcastQueue(  742): Non-ordered [background] BroadcastRecord{930ccf7 u0 android.intent.action.USER_PRESENT}, 5 receivers, Total: 53, Waiting: 18, Processing: 35
11-16 08:14:55.626 W/PackageManager(  742): checkUidPermission(): android.permission.INTERNET of 10010 is denied.
11-16 08:14:55.627 D/NetworkPolicy(  742): no need to update restrict data rules for uid 10010
11-16 08:14:55.630 I/DisplayManagerService(  742): Display device changed state: "Built-in Screen", ON
11-16 08:14:55.633 D/ActivityThread( 1480): ACT-AM_ON_RESUME_CALLED ActivityRecord{1c4a2b3 token=android.os.BinderProxy@3be0070 {com.android.launcher3/com.android.launcher3.Launcher}}
11-16 08:14:55.637 D/DisplayPowerState(  742): setScreenBrightness: brightness=24
11-16 08:14:55.639 W/PackageManager(  742): checkUidPermission(): android.permission.INTERNET of 10010 is denied.
11-16 08:14:55.639 D/NetworkPolicy(  742): no need to update restrict power rules for uid 10010
11-16 08:14:55.642 D/DisplayManagerService(  742): Delivering display event: displayId=0, event=2
11-16 08:14:55.643 D/ActivityThread( 1480): RESUME_ACTIVITY handled : 0 / com.android.internal.os.SomeArgs@33367d
11-16 08:14:55.647 D/ActivityThread( 1480): BDC-Calling onReceive: intent=Intent { act=android.intent.action.USER_PRESENT flg=0x24000010 }, ordered=false, receiver=com.android.launcher3.Launcher$3@b805238, IIntentReceiver=c886741
11-16 08:14:55.659 D/DisplayPowerState(  742): setScreenBrightness: brightness=28
11-16 08:14:55.673 D/ActivityThread(  742): BDC-Calling onReceive: intent=Intent { act=android.intent.action.SCREEN_ON flg=0x50000010 }, ordered=true, receiver=com.mediatek.amplus.PowerSavingUtils$PowerSavingReceiver@9370ff1, IIntentReceiver=8b367d6
11-16 08:14:55.673 D/ActivityThread(  742): BDC-Calling finishReceiver: IIntentReceiver=8b367d6
11-16 08:14:55.673 V/ActivityManager(  742): BDC-Finish receiver: android.app.LoadedApk$ReceiverDispatcher$InnerReceiver@8b367d6
11-16 08:14:55.674 D/ActivityManager(  742): BroadcastRecord{d8fb859 u-1 android.intent.action.SCREEN_ON}, spend: 94, android.app.LoadedApk$ReceiverDispatcher$InnerReceiver@8b367d6, BroadcastFilter{3546944 u0 ReceiverList{38a9a57 742 system/1000/u0 local:8b367d6}}
11-16 08:14:55.676 D/BroadcastQueue(  742): BDC-Delivering broadcast: Intent { act=android.intent.action.SCREEN_ON flg=0x50000010 }, queue=foreground, ordered=true, filter=BroadcastFilter{32bea6f u0 ReceiverList{936094e 742 system/1000/u0 local:6b1ec49}}, broadcastRecord=BroadcastRecord{d8fb859 u-1 android.intent.action.SCREEN_ON}, receiver=android.app.LoadedApk$ReceiverDispatcher$InnerReceiver@6b1ec49, #2
11-16 08:14:55.689 D/DisplayPowerState(  742): setScreenBrightness: brightness=34
11-16 08:14:55.690 W/PackageManager(  742): checkUidPermission(): android.permission.STATUS_BAR of 10010 is denied.
11-16 08:14:55.692 I/WindowManager(  742): Waiting for drawn Window{2e74397 u0 com.android.launcher3/com.android.launcher3.Launcher}: removed=false visible=true mHasSurface=true drawState=1
11-16 08:14:55.694 D/ActivityThread(  742): BDC-Calling onReceive: intent=Intent { act=android.intent.action.USER_PRESENT flg=0x24000010 }, ordered=false, receiver=com.android.server.accessibility.AccessibilityManagerService$2@9acf473, IIntentReceiver=5114f30
11-16 08:14:55.694 D/ActivityThread(  853): BDC-Calling onReceive: intent=Intent { act=android.intent.action.USER_PRESENT flg=0x24000010 }, ordered=false, receiver=com.android.systemui.statusbar.BaseStatusBar$5@ec31c2c, IIntentReceiver=cab58a3
11-16 08:14:55.700 D/ActivityThread(  742): BDC-Calling onReceive: intent=Intent { act=android.intent.action.USER_PRESENT flg=0x24000010 }, ordered=false, receiver=com.android.server.notification.NotificationManagerService$3@8947271, IIntentReceiver=6795856
11-16 08:14:55.702 D/ActivityThread(  742): BDC-Calling onReceive: intent=Intent { act=android.intent.action.USER_PRESENT flg=0x24000010 }, ordered=false, receiver=com.android.server.wifi.WifiServiceImpl$1@9e44a60, IIntentReceiver=b1d1b19
11-16 08:14:55.702 D/WifiService(  742): onReceive, action:android.intent.action.USER_PRESENT
11-16 08:14:55.703 D/WifiController(  742): DeviceActiveState{ when=-1ms what=155660 target=com.android.internal.util.StateMachine$SmHandler }
11-16 08:14:55.708 D/DisplayPowerState(  742): setScreenBrightness: brightness=38
11-16 08:14:55.705 I/WindowManager(  742): Waiting for drawn Window{2e74397 u0 com.android.launcher3/com.android.launcher3.Launcher}: removed=false visible=true mHasSurface=true drawState=1
11-16 08:14:55.720 D/ActivityThread(  742): BDC-Calling onReceive: intent=Intent { act=android.intent.action.SCREEN_ON flg=0x50000010 }, ordered=true, receiver=com.android.server.wifi.WifiTrafficPoller$1@351e250, IIntentReceiver=6b1ec49
11-16 08:14:55.721 D/ActivityThread(  742): BDC-Calling finishReceiver: IIntentReceiver=6b1ec49
11-16 08:14:55.721 V/ActivityManager(  742): BDC-Finish receiver: android.app.LoadedApk$ReceiverDispatcher$InnerReceiver@6b1ec49
11-16 08:14:55.722 D/ActivityManager(  742): BroadcastRecord{d8fb859 u-1 android.intent.action.SCREEN_ON}, spend: 48, android.app.LoadedApk$ReceiverDispatcher$InnerReceiver@6b1ec49, BroadcastFilter{32bea6f u0 ReceiverList{936094e 742 system/1000/u0 local:6b1ec49}}
11-16 08:14:55.732 D/BroadcastQueue(  742): BDC-Delivering broadcast: Intent { act=android.intent.action.SCREEN_ON flg=0x50000010 }, queue=foreground, ordered=true, filter=BroadcastFilter{149b2d6 u0 ReceiverList{65ba6f1 742 system/1000/u0 local:308be98}}, broadcastRecord=BroadcastRecord{d8fb859 u-1 android.intent.action.SCREEN_ON}, receiver=android.app.LoadedApk$ReceiverDispatcher$InnerReceiver@308be98, #3
11-16 08:14:55.733 D/DisplayPowerState(  742): setScreenBrightness: brightness=43
11-16 08:14:55.751 D/DisplayPowerState(  742): setScreenBrightness: brightness=47
11-16 08:14:55.768 D/ActivityThread(  742): BDC-Calling onReceive: intent=Intent { act=android.intent.action.SCREEN_ON flg=0x50000010 }, ordered=true, receiver=com.android.server.wifi.WifiStateMachine$1@1b8607b, IIntentReceiver=308be98
11-16 08:14:55.776 D/DisplayPowerState(  742): setScreenBrightness: brightness=52
11-16 08:14:55.789 D/ActivityThread(  742): BDC-Calling finishReceiver: IIntentReceiver=308be98
11-16 08:14:55.789 V/ActivityManager(  742): BDC-Finish receiver: android.app.LoadedApk$ReceiverDispatcher$InnerReceiver@308be98
11-16 08:14:55.791 D/ActivityManager(  742): BroadcastRecord{d8fb859 u-1 android.intent.action.SCREEN_ON}, spend: 61, android.app.LoadedApk$ReceiverDispatcher$InnerReceiver@308be98, BroadcastFilter{149b2d6 u0 ReceiverList{65ba6f1 742 system/1000/u0 local:308be98}}
11-16 08:14:55.801 D/BroadcastQueue(  742): BDC-Delivering broadcast: Intent { act=android.intent.action.SCREEN_ON flg=0x50000010 }, queue=foreground, ordered=true, filter=BroadcastFilter{d310dc4 u0 ReceiverList{31900d7 742 system/1000/u0 local:6795856}}, broadcastRecord=BroadcastRecord{d8fb859 u-1 android.intent.action.SCREEN_ON}, receiver=android.app.LoadedApk$ReceiverDispatcher$InnerReceiver@6795856, #4
11-16 08:14:55.803 D/DisplayPowerState(  742): setScreenBrightness: brightness=57
11-16 08:14:55.814 D/ActivityThread(  742): BDC-Calling onReceive: intent=Intent { act=android.intent.action.SCREEN_ON flg=0x50000010 }, ordered=true, receiver=com.android.server.notification.NotificationManagerService$3@8947271, IIntentReceiver=6795856
11-16 08:14:55.814 D/ActivityThread(  742): BDC-Calling finishReceiver: IIntentReceiver=6795856
11-16 08:14:55.814 V/ActivityManager(  742): BDC-Finish receiver: android.app.LoadedApk$ReceiverDispatcher$InnerReceiver@6795856
11-16 08:14:55.815 D/ActivityManager(  742): BroadcastRecord{d8fb859 u-1 android.intent.action.SCREEN_ON}, spend: 15, android.app.LoadedApk$ReceiverDispatcher$InnerReceiver@6795856, BroadcastFilter{d310dc4 u0 ReceiverList{31900d7 742 system/1000/u0 local:6795856}}
11-16 08:14:55.817 D/BroadcastQueue(  742): BDC-Delivering broadcast: Intent { act=android.intent.action.SCREEN_ON flg=0x50000010 }, queue=foreground, ordered=true, filter=BroadcastFilter{4b0c5af u-1 ReceiverList{924498e 742 system/1000/u-1 local:2ec0589}}, broadcastRecord=BroadcastRecord{d8fb859 u-1 android.intent.action.SCREEN_ON}, receiver=android.app.LoadedApk$ReceiverDispatcher$InnerReceiver@2ec0589, #5
11-16 08:14:55.820 D/DisplayPowerState(  742): setScreenBrightness: brightness=61
11-16 08:14:55.825 V/AlarmManager(  742): APP set with listener(WifiConnectivityManager Schedule Periodic Scan Timer) : type=2 triggerAtTime=747844 win=-1 tElapsed=747844 maxElapsed=762844 interval=0 flags=0x8
11-16 08:14:55.826 D/ActivityThread(  742): BDC-Calling onReceive: intent=Intent { act=android.intent.action.SCREEN_ON flg=0x50000010 }, ordered=true, receiver=com.android.server.audio.AudioService$AudioServiceBroadcastReceiver@aab9890, IIntentReceiver=2ec0589
11-16 08:14:55.828 D/ActivityThread(  742): BDC-Calling finishReceiver: IIntentReceiver=2ec0589
11-16 08:14:55.828 V/ActivityManager(  742): BDC-Finish receiver: android.app.LoadedApk$ReceiverDispatcher$InnerReceiver@2ec0589
11-16 08:14:55.829 D/ActivityManager(  742): BroadcastRecord{d8fb859 u-1 android.intent.action.SCREEN_ON}, spend: 13, android.app.LoadedApk$ReceiverDispatcher$InnerReceiver@2ec0589, BroadcastFilter{4b0c5af u-1 ReceiverList{924498e 742 system/1000/u-1 local:2ec0589}}
11-16 08:14:55.832 D/BroadcastQueue(  742): BDC-Delivering broadcast: Intent { act=android.intent.action.SCREEN_ON flg=0x50000010 }, queue=foreground, ordered=true, filter=BroadcastFilter{4a8cfa1 u0 ReceiverList{3035c08 742 system/1000/u0 local:40e4dab}}, broadcastRecord=BroadcastRecord{d8fb859 u-1 android.intent.action.SCREEN_ON}, receiver=android.app.LoadedApk$ReceiverDispatcher$InnerReceiver@40e4dab, #6
11-16 08:14:55.834 D/AlarmManager(  742):  whichBatch = -1
11-16 08:14:55.834 D/AlarmManager(  742): set alarm to RTC 747844
11-16 08:14:55.838 D/DisplayPowerState(  742): setScreenBrightness: brightness=64
11-16 08:14:55.848 D/ActivityThread(  742): BDC-Calling onReceive: intent=Intent { act=android.intent.action.SCREEN_ON flg=0x50000010 }, ordered=true, receiver=com.android.server.job.controllers.IdleController$IdlenessTracker@1fb43fa, IIntentReceiver=40e4dab
11-16 08:14:55.848 D/AlarmManager(  742): manual remove option = PendingIntent{4d83a4: PendingIntentRecord{3f5350d android broadcastIntent}}
11-16 08:14:55.849 D/AlarmManager(  742): remove(operation) changed bounds; rebatching operation = PendingIntent{4d83a4: PendingIntentRecord{3f5350d android broadcastIntent}}
11-16 08:14:55.849 D/AlarmManager(  742):  whichBatch = -1
11-16 08:14:55.849 D/AlarmManager(  742):  whichBatch = -1
11-16 08:14:55.850 D/AlarmManager(  742):  whichBatch = -1
11-16 08:14:55.850 D/AlarmManager(  742):  whichBatch = -1
11-16 08:14:55.850 D/AlarmManager(  742):  whichBatch = -1
11-16 08:14:55.850 D/AlarmManager(  742):  whichBatch = -1
11-16 08:14:55.850 D/AlarmManager(  742):  whichBatch = -1
11-16 08:14:55.851 D/AlarmManager(  742):  whichBatch = -1
11-16 08:14:55.851 D/AlarmManager(  742):  whichBatch = -1
11-16 08:14:55.851 D/AlarmManager(  742):  whichBatch = -1
11-16 08:14:55.851 D/AlarmManager(  742):  whichBatch = -1
11-16 08:14:55.852 D/AlarmManager(  742):  whichBatch = -1
11-16 08:14:55.852 D/AlarmManager(  742):  whichBatch = -1
11-16 08:14:55.852 D/AlarmManager(  742):  whichBatch = -1
11-16 08:14:55.852 D/AlarmManager(  742):  whichBatch = -1
11-16 08:14:55.853 D/AlarmManager(  742):  whichBatch = -1
11-16 08:14:55.853 D/ActivityThread(  742): BDC-Calling finishReceiver: IIntentReceiver=40e4dab
11-16 08:14:55.853 V/ActivityManager(  742): BDC-Finish receiver: android.app.LoadedApk$ReceiverDispatcher$InnerReceiver@40e4dab
11-16 08:14:55.855 D/ActivityManager(  742): BroadcastRecord{d8fb859 u-1 android.intent.action.SCREEN_ON}, spend: 24, android.app.LoadedApk$ReceiverDispatcher$InnerReceiver@40e4dab, BroadcastFilter{4a8cfa1 u0 ReceiverList{3035c08 742 system/1000/u0 local:40e4dab}}
11-16 08:14:55.856 D/DisplayPowerState(  742): setScreenBrightness: brightness=68
11-16 08:14:55.859 D/BroadcastQueue(  742): BDC-Delivering broadcast: Intent { act=android.intent.action.SCREEN_ON flg=0x50000010 }, queue=foreground, ordered=true, filter=BroadcastFilter{861f1f6 u0 ReceiverList{2feee91 742 system/1000/u0 local:4d3e0b8}}, broadcastRecord=BroadcastRecord{d8fb859 u-1 android.intent.action.SCREEN_ON}, receiver=android.app.LoadedApk$ReceiverDispatcher$InnerReceiver@4d3e0b8, #7
11-16 08:14:55.867 D/ActivityThread(  742): BDC-Calling onReceive: intent=Intent { act=android.intent.action.SCREEN_ON flg=0x50000010 }, ordered=true, receiver=com.mediatek.perfservice.PerfServiceImpl$PerfServiceBroadcastReceiver@850371b, IIntentReceiver=4d3e0b8
11-16 08:14:55.867 D/ActivityThread(  742): BDC-Calling finishReceiver: IIntentReceiver=4d3e0b8
11-16 08:14:55.867 V/ActivityManager(  742): BDC-Finish receiver: android.app.LoadedApk$ReceiverDispatcher$InnerReceiver@4d3e0b8
11-16 08:14:55.868 D/ActivityManager(  742): BroadcastRecord{d8fb859 u-1 android.intent.action.SCREEN_ON}, spend: 10, android.app.LoadedApk$ReceiverDispatcher$InnerReceiver@4d3e0b8, BroadcastFilter{861f1f6 u0 ReceiverList{2feee91 742 system/1000/u0 local:4d3e0b8}}
11-16 08:14:55.871 D/BroadcastQueue(  742): BDC-Delivering broadcast: Intent { act=android.intent.action.SCREEN_ON flg=0x50000010 }, queue=foreground, ordered=true, filter=BroadcastFilter{ceb3dbf u0 ReceiverList{7fc57de 742 system/1000/u0 local:b1d1b19}}, broadcastRecord=BroadcastRecord{d8fb859 u-1 android.intent.action.SCREEN_ON}, receiver=android.app.LoadedApk$ReceiverDispatcher$InnerReceiver@b1d1b19, #8
11-16 08:14:55.874 D/DisplayPowerState(  742): setScreenBrightness: brightness=71
11-16 08:14:55.879 D/ActivityThread(  742): BDC-Calling onReceive: intent=Intent { act=android.intent.action.SCREEN_ON flg=0x50000010 }, ordered=true, receiver=com.android.server.wifi.WifiServiceImpl$1@9e44a60, IIntentReceiver=b1d1b19
11-16 08:14:55.879 D/WifiService(  742): onReceive, action:android.intent.action.SCREEN_ON
11-16 08:14:55.880 D/WifiController(  742): DeviceActiveState{ when=0 what=155650 target=com.android.internal.util.StateMachine$SmHandler }
11-16 08:14:55.880 D/WifiController(  742): StaEnabledState{ when=-1ms what=155650 target=com.android.internal.util.StateMachine$SmHandler }
11-16 08:14:55.881 D/WifiController(  742): DefaultState{ when=-1ms what=155650 target=com.android.internal.util.StateMachine$SmHandler }
11-16 08:14:55.881 D/AlarmManager(  742): manual remove option = PendingIntent{db13610: PendingIntentRecord{34d1509 android broadcastIntent}}
11-16 08:14:55.882 D/ActivityThread(  742): BDC-Calling finishReceiver: IIntentReceiver=b1d1b19
11-16 08:14:55.882 V/ActivityManager(  742): BDC-Finish receiver: android.app.LoadedApk$ReceiverDispatcher$InnerReceiver@b1d1b19
11-16 08:14:55.883 D/ActivityManager(  742): BroadcastRecord{d8fb859 u-1 android.intent.action.SCREEN_ON}, spend: 14, android.app.LoadedApk$ReceiverDispatcher$InnerReceiver@b1d1b19, BroadcastFilter{ceb3dbf u0 ReceiverList{7fc57de 742 system/1000/u0 local:b1d1b19}}
11-16 08:14:55.885 D/BroadcastQueue(  742): BDC-Delivering broadcast: Intent { act=android.intent.action.SCREEN_ON flg=0x50000010 }, queue=foreground, ordered=true, filter=BroadcastFilter{a7e1880 u0 ReceiverList{534d103 742 system/1000/u0 local:b56ddb2}}, broadcastRecord=BroadcastRecord{d8fb859 u-1 android.intent.action.SCREEN_ON}, receiver=android.app.LoadedApk$ReceiverDispatcher$InnerReceiver@b56ddb2, #9
11-16 08:14:55.892 D/DisplayPowerState(  742): setScreenBrightness: brightness=75
11-16 08:14:55.893 D/ActivityThread(  742): BDC-Calling onReceive: intent=Intent { act=android.intent.action.SCREEN_ON flg=0x50000010 }, ordered=true, receiver=com.android.server.net.NetworkPolicyManagerService$4@4e183bd, IIntentReceiver=b56ddb2
11-16 08:14:55.894 D/ActivityThread(  742): BDC-Calling finishReceiver: IIntentReceiver=b56ddb2
11-16 08:14:55.894 V/ActivityManager(  742): BDC-Finish receiver: android.app.LoadedApk$ReceiverDispatcher$InnerReceiver@b56ddb2
11-16 08:14:55.894 D/NetworkPolicy(  742): no need to update restrict power rules for uid 1001
11-16 08:14:55.895 D/NetworkPolicy(  742): no need to update restrict data rules for uid 1001
11-16 08:14:55.895 W/PackageManager(  742): checkUidPermission(): android.permission.INTERNET of 10008 is denied.
11-16 08:14:55.895 D/ActivityManager(  742): BroadcastRecord{d8fb859 u-1 android.intent.action.SCREEN_ON}, spend: 11, android.app.LoadedApk$ReceiverDispatcher$InnerReceiver@b56ddb2, BroadcastFilter{a7e1880 u0 ReceiverList{534d103 742 system/1000/u0 local:b56ddb2}}
11-16 08:14:55.895 W/PackageManager(  742): checkUidPermission(): android.permission.INTERNET of 10008 is denied.
11-16 08:14:55.895 D/NetworkPolicy(  742): no need to update restrict power rules for uid 10008
11-16 08:14:55.895 W/PackageManager(  742): checkUidPermission(): android.permission.INTERNET of 10008 is denied.
11-16 08:14:55.895 D/NetworkPolicy(  742): no need to update restrict data rules for uid 10008
11-16 08:14:55.896 W/PackageManager(  742): checkUidPermission(): android.permission.INTERNET of 10010 is denied.
11-16 08:14:55.896 W/PackageManager(  742): checkUidPermission(): android.permission.INTERNET of 10010 is denied.
11-16 08:14:55.896 D/NetworkPolicy(  742): no need to update restrict power rules for uid 10010
11-16 08:14:55.896 W/PackageManager(  742): checkUidPermission(): android.permission.INTERNET of 10010 is denied.
11-16 08:14:55.896 D/NetworkPolicy(  742): no need to update restrict data rules for uid 10010
11-16 08:14:55.897 W/PackageManager(  742): checkUidPermission(): android.permission.INTERNET of 10017 is denied.
11-16 08:14:55.897 W/PackageManager(  742): checkUidPermission(): android.permission.INTERNET of 10017 is denied.
11-16 08:14:55.897 D/BroadcastQueue(  742): BDC-Delivering broadcast: Intent { act=android.intent.action.SCREEN_ON flg=0x50000010 }, queue=foreground, ordered=true, filter=BroadcastFilter{5ea7a39 u0 ReceiverList{1628dfc 742 system/1000/u0 local:3cbfeef}}, broadcastRecord=BroadcastRecord{d8fb859 u-1 android.intent.action.SCREEN_ON}, receiver=android.app.LoadedApk$ReceiverDispatcher$InnerReceiver@3cbfeef, #10
11-16 08:14:55.897 D/NetworkPolicy(  742): no need to update restrict power rules for uid 10017
11-16 08:14:55.897 W/PackageManager(  742): checkUidPermission(): android.permission.INTERNET of 10017 is denied.
11-16 08:14:55.897 D/NetworkPolicy(  742): no need to update restrict data rules for uid 10017
11-16 08:14:55.910 D/DisplayPowerState(  742): setScreenBrightness: brightness=78
11-16 08:14:55.928 D/DisplayPowerState(  742): setScreenBrightness: brightness=82
11-16 08:14:55.947 D/DisplayPowerState(  742): setScreenBrightness: brightness=86
11-16 08:14:55.965 D/DisplayPowerState(  742): setScreenBrightness: brightness=89
