11-16 08:15:30.168 D/ActivityThread(  853): BDC-Calling onReceive: intent=Intent { act=android.intent.action.BATTERY_CHANGED flg=0x60000010 (has extras) }, ordered=false, receiver=com.android.keyguard.KeyguardUpdateMonitor$3@2b7b52b, IIntentReceiver=6d909b0
11-16 08:15:30.169 D/KeyguardUpdateMonitor(  853): received broadcast android.intent.action.BATTERY_CHANGED
11-16 08:15:30.169 D/BroadcastQueue(  742): BDC-Delivering broadcast: Intent { act=android.intent.action.BATTERY_CHANGED flg=0x60000010 (has extras) }, queue=background, ordered=false, filter=BroadcastFilter{a4afb32 u0 ReceiverList{3c5a73d 742 system/1000/u0 local:b0ca094}}, broadcastRecord=BroadcastRecord{374ba u-1 android.intent.action.BATTERY_CHANGED}, receiver=null, #5
11-16 08:15:30.170 D/KeyguardUpdateMonitor(  853): handleBatteryUpdate
11-16 08:15:30.171 D/BroadcastQueue(  742): BDC-Delivering broadcast: Intent { act=android.intent.action.BATTERY_CHANGED flg=0x60000010 (has extras) }, queue=background, ordered=false, filter=BroadcastFilter{21002d4 u0 ReceiverList{2956027 853 com.android.systemui/10017/u0 remote:ed962e6}}, broadcastRecord=BroadcastRecord{374ba u-1 android.intent.action.BATTERY_CHANGED}, receiver=null, #6
11-16 08:15:30.173 D/ActivityThread(  853): BDC-Calling onReceive: intent=Intent { act=android.intent.action.BATTERY_CHANGED flg=0x60000010 (has extras) }, ordered=false, receiver=com.android.systemui.power.PowerUI$Receiver@8d23bd6, IIntentReceiver=ef44125
11-16 08:15:30.173 D/BroadcastQueue(  742): BDC-Delivering broadcast: Intent { act=android.intent.action.BATTERY_CHANGED flg=0x60000010 (has extras) }, queue=background, ordered=false, filter=BroadcastFilter{d727f17 u0 ReceiverList{eece796 1153 com.android.phone/1001/u0 remote:7ebb6b1}}, broadcastRecord=BroadcastRecord{374ba u-1 android.intent.action.BATTERY_CHANGED}, receiver=null, #7
11-16 08:15:30.175 D/SurfaceFlinger(  211): [SF-WD] ERROR: open /dev/RT_Monitor failed.
11-16 08:15:30.178 D/ActivityThread( 1153): BDC-Calling onReceive: intent=Intent { act=android.intent.action.BATTERY_CHANGED flg=0x60000010 (has extras) }, ordered=false, receiver=com.mediatek.internal.telephony.dataconnection.FdManager$1@6a372a7, IIntentReceiver=bb2667b
11-16 08:15:30.178 D/BroadcastQueue(  742): BDC-Delivering broadcast: Intent { act=android.intent.action.BATTERY_CHANGED flg=0x60000010 (has extras) }, queue=background, ordered=false, filter=BroadcastFilter{de1536e u0 ReceiverList{c718ae9 853 com.android.systemui/10017/u0 remote:285770}}, broadcastRecord=BroadcastRecord{374ba u-1 android.intent.action.BATTERY_CHANGED}, receiver=null, #8
11-16 08:15:30.183 D/ActivityThread(  742): BDC-Calling onReceive: intent=Intent { act=android.intent.action.BATTERY_CHANGED flg=0x60000010 (has extras) }, ordered=false, receiver=com.mediatek.lbsutils.LbsUtils$1@1cbdaa6, IIntentReceiver=b0ca094
11-16 08:15:30.186 D/ActivityThread(  853): BDC-Calling onReceive: intent=Intent { act=android.intent.action.BATTERY_CHANGED flg=0x60000010 (has extras) }, ordered=false, receiver=com.android.systemui.statusbar.policy.BatteryControllerImpl@98ac84a, IIntentReceiver=72050a
11-16 08:15:30.186 D/BroadcastQueue(  742): BDC-Delivering broadcast: Intent { act=android.intent.action.BATTERY_CHANGED flg=0x60000010 (has extras) }, queue=background, ordered=false, filter=BroadcastFilter{d042018 u0 ReceiverList{9e657fb 1304 com.android.bluetooth/1002/u0 remote:57ec58a}}, broadcastRecord=BroadcastRecord{374ba u-1 android.intent.action.BATTERY_CHANGED}, receiver=null, #9
11-16 08:15:30.186 D/BatteryMeterDrawable(  853): onBatteryLevelChanged level:2,plugedIn:true,charging:true
11-16 08:15:30.186 D/BatteryMeterDrawable(  853): onBatteryLevelChanged level:2,plugedIn:true,charging:true
11-16 08:15:30.187 V/DisplayEventReceiver(  853): call nativeScheduleVsync mReceiverPtr = 547407001344
11-16 08:15:30.189 D/ActivityThread( 1304): BDC-Calling onReceive: intent=Intent { act=android.intent.action.BATTERY_CHANGED flg=0x60000010 (has extras) }, ordered=false, receiver=com.android.bluetooth.hfp.HeadsetService$1@785552a, IIntentReceiver=cee5171
11-16 08:15:30.190 D/HeadsetStateMachine( 1304): Disconnected process message: 10, size: 0
11-16 08:15:30.191 D/BroadcastQueue(  742): BDC-Delivering broadcast: Intent { act=android.intent.action.BATTERY_CHANGED flg=0x60000010 (has extras) }, queue=background, ordered=false, filter=BroadcastFilter{8858b03 u0 ReceiverList{eee3fb2 1424 com.mediatek.dongle/1001/u0 remote:8912dbd}}, broadcastRecord=BroadcastRecord{374ba u-1 android.intent.action.BATTERY_CHANGED}, receiver=null, #10
11-16 08:15:30.193 D/AppOps  (  742): noteOperation: allowing code 63 uid 10007 package com.android.providers.media
11-16 08:15:30.194 D/ActivityThread( 1424): BDC-Calling onReceive: intent=Intent { act=android.intent.action.BATTERY_CHANGED flg=0x60000010 (has extras) }, ordered=false, receiver=com.android.internal.tedongle.RIL$2@1205c17, IIntentReceiver=34593ad
11-16 08:15:30.194 D/BroadcastQueue(  742): BDC-Delivering broadcast: Intent { act=android.intent.action.BATTERY_CHANGED flg=0x60000010 (has extras) }, queue=background, ordered=false, filter=BroadcastFilter{15b7105 u0 ReceiverList{8e7d47c 1575 android.process.media/10007/u0 remote:5984f6f}}, broadcastRecord=BroadcastRecord{374ba u-1 android.intent.action.BATTERY_CHANGED}, receiver=null, #11
11-16 08:15:30.196 D/BroadcastQueue(  742): Non-ordered [background] BroadcastRecord{374ba u-1 android.intent.action.BATTERY_CHANGED}, 12 receivers, Total: 42, Waiting: 1, Processing: 41
11-16 08:15:30.196 D/ActivityThread( 1575): BDC-Calling onReceive: intent=Intent { act=android.intent.action.BATTERY_CHANGED flg=0x60000010 (has extras) }, ordered=false, receiver=android.mtp.MtpDatabase$1@ecf3606, IIntentReceiver=8022663
11-16 08:15:30.206 V/ViewRootImpl[StatusBar](  853): ViewRoot performTraversals+ : mFirst = false, this = ViewRoot{e1a27df StatusBar,ident = 1}
11-16 08:15:30.208 V/ViewRootImpl[StatusBar](  853): ViewRoot performTraversals and draw- : this = ViewRoot{e1a27df StatusBar,ident = 1} frame#169 (cancelDraw = false)
11-16 08:15:30.212 I/BufferQueueProducer(  211): [StatusBar](this:0x70c0d44800,id:10,api:1,p:853,c:211) queueBuffer: fps=0.25 dur=4072.40 max=4072.40 min=4072.40
11-16 08:15:30.244 I/DisplayDevice(  211): [Built-in Screen (type:0)] fps:0.245664,dur:4070.60,max:4070.60,min:4070.60
11-16 08:15:31.113 I/wmt_launcher(  203): fw log ctrl flag has been set
11-16 08:15:31.113 I/wmt_launcher(  203): fw dynamic ctrl flag has been set
11-16 08:15:31.175 D/SurfaceFlinger(  211): [SF-WD] ERROR: open /dev/RT_Monitor failed.
11-16 08:15:31.175 D/SurfaceFlinger(  211): [SF-WD] ERROR: open /dev/RT_Monitor failed.
11-16 08:15:31.818 D/NetworkController.WifiSignalController(  853): Change in state from: connected=true,enabled=true,level=4,inetCondition=1,iconGroup=IconGroup(Wi-Fi Icons),activityIn=true,activityOut=false,rssi=-52,lastModified=11-16 08:15:26,ssid="75F"
11-16 08:15:31.818 D/NetworkController.WifiSignalController(  853): 	to: connected=true,enabled=true,level=4,inetCondition=1,iconGroup=IconGroup(Wi-Fi Icons),activityIn=false,activityOut=false,rssi=-52,lastModified=11-16 08:15:26,ssid="75F"
11-16 08:15:31.819 V/DisplayEventReceiver(  853): call nativeScheduleVsync mReceiverPtr = 547407001344
11-16 08:15:31.834 V/ViewRootImpl[StatusBar](  853): ViewRoot performTraversals+ : mFirst = false, this = ViewRoot{e1a27df StatusBar,ident = 1}
11-16 08:15:31.848 I/BufferQueueProducer(  211): [StatusBar](this:0x70c0d44800,id:10,api:1,p:853,c:211) queueBuffer: fps=0.61 dur=1636.17 max=1636.17 min=1636.17
11-16 08:15:31.860 V/ViewRootImpl[StatusBar](  853): ViewRoot performTraversals and draw- : this = ViewRoot{e1a27df StatusBar,ident = 1} frame#170 (cancelDraw = false)
11-16 08:15:31.884 I/DisplayDevice(  211): [Built-in Screen (type:0)] fps:0.609698,dur:1640.16,max:1640.16,min:1640.16
11-16 08:15:32.175 D/SurfaceFlinger(  211): [SF-WD] ERROR: open /dev/RT_Monitor failed.
11-16 08:15:32.175 D/SurfaceFlinger(  211): [SF-WD] ERROR: open /dev/RT_Monitor failed.
11-16 08:15:32.562 D/WifiStateMachine(  742):  ConnectedState !CMD_RSSI_POLL  rt=764575/764575 4 0 "75F" d0:15:a6:87:bd:12 rssi=-52 f=5180 sc=60 link=135 tx=0.0, 0.0, 0.0  rx=8.3 bcn=0 [on:0 tx:0 rx:0 period:3000] from screen [on:0 period:689592784] gl hn rssi=-47 ag=0 hr ticks 0,0,0 ls-=0 [56,56,56,56,61] brc=0 lrc=0 offload-stopped
11-16 08:15:32.573 D/WifiStateMachine(  742):  L2ConnectedState !CMD_RSSI_POLL  rt=764583/764583 4 0 "75F" d0:15:a6:87:bd:12 rssi=-52 f=5180 sc=60 link=135 tx=0.0, 0.0, 0.0  rx=8.3 bcn=0 [on:0 tx:0 rx:0 period:11] from screen [on:0 period:689592795] gl hn rssi=-47 ag=0 hr ticks 0,0,0 ls-=0 [56,56,56,56,61] brc=0 lrc=0 offload-stopped
11-16 08:15:32.573 D/WifiStateMachine(  742):  get link layer stats 0
11-16 08:15:32.574 D/WifiHW  (  742): enter -->wifi_send_command cmd=IFNAME=wlan0 SIGNAL_POLL
11-16 08:15:32.575 D/wpa_supplicant( 1038): wlan0: Control interface command 'SIGNAL_POLL'
11-16 08:15:32.594 D/WifiHW  (  742): leave --> reply=RSSI=-51
11-16 08:15:32.594 D/WifiHW  (  742): LINKSPEED=135
11-16 08:15:32.594 D/WifiHW  (  742): NOISE=9999
11-16 08:15:32.594 D/WifiHW  (  742): FREQUENCY=5180
11-16 08:15:32.594 D/WifiHW  (  742): 
11-16 08:15:32.597 D/WifiStateMachine(  742): fetchRssiLinkSpeedAndFrequencyNative rssi=-51 linkspeed=135 freq=5180
11-16 08:15:32.597 D/WifiStateMachine(  742): mLastSignalLevel:4, newSignalLevel:4
11-16 08:15:32.598 D/WifiConfigManager(  742): updateConfiguration freq=5180 BSSID=d0:15:a6:87:bd:12 RSSI=-51 "75F"WPA_PSK
11-16 08:15:32.606 D/WifiStateMachine(  742): calculateWifiScore freq=5180 speed=135 score=60 highRSSI  -> txbadrate=0.00 txgoodrate=0.00 txretriesrate=0.00 rxrate=6.66 userTriggerdPenalty0
11-16 08:15:32.607 D/WifiStateMachine(  742):  good link -> stuck count =0
11-16 08:15:32.612 D/WifiStateMachine(  742):  badRSSI count0 lowRSSI count0 --> score 56
11-16 08:15:32.612 D/WifiStateMachine(  742):  isHighRSSI       ---> score=61
11-16 08:15:32.617 V/ActivityManager(  742): Broadcast sticky: Intent { act=android.net.wifi.RSSI_CHANGED flg=0x4000010 (has extras) } ordered=false userid=-1 callerApp=ProcessRecord{b0897a0 742:system/1000}
11-16 08:15:32.618 D/AMEventHook(  742): onEvent: AM_BeforeSendBroadcast
11-16 08:15:32.620 V/BroadcastQueue(  742): BDC-Processing parallel broadcast [background] BroadcastRecord{ffedb74 u-1 android.net.wifi.RSSI_CHANGED}, 1 receivers
11-16 08:15:32.621 D/BroadcastQueue(  742): BDC-Delivering broadcast: Intent { act=android.net.wifi.RSSI_CHANGED flg=0x4000010 (has extras) }, queue=background, ordered=false, filter=BroadcastFilter{2184993 u0 ReceiverList{d19e82 853 com.android.systemui/10017/u0 remote:39e85cd}}, broadcastRecord=BroadcastRecord{ffedb74 u-1 android.net.wifi.RSSI_CHANGED}, receiver=null, #0
11-16 08:15:32.622 D/BroadcastQueue(  742): Non-ordered [background] BroadcastRecord{ffedb74 u-1 android.net.wifi.RSSI_CHANGED}, 1 receivers, Total: 3, Waiting: 0, Processing: 3
11-16 08:15:32.623 D/ActivityThread(  853): BDC-Calling onReceive: intent=Intent { act=android.net.wifi.RSSI_CHANGED flg=0x4000010 (has extras) }, ordered=false, receiver=com.android.systemui.statusbar.policy.NetworkControllerImpl@d18c0d8, IIntentReceiver=2a54a6d
11-16 08:15:32.625 D/NetworkController.WifiSignalController(  853): Change in state from: connected=true,enabled=true,level=4,inetCondition=1,iconGroup=IconGroup(Wi-Fi Icons),activityIn=false,activityOut=false,rssi=-52,lastModified=11-16 08:15:31,ssid="75F"
11-16 08:15:32.625 D/NetworkController.WifiSignalController(  853): 	to: connected=true,enabled=true,level=4,inetCondition=1,iconGroup=IconGroup(Wi-Fi Icons),activityIn=false,activityOut=false,rssi=-51,lastModified=11-16 08:15:31,ssid="75F"
11-16 08:15:32.831 D/NetworkController.WifiSignalController(  853): Change in state from: connected=true,enabled=true,level=4,inetCondition=1,iconGroup=IconGroup(Wi-Fi Icons),activityIn=false,activityOut=false,rssi=-51,lastModified=11-16 08:15:32,ssid="75F"
11-16 08:15:32.831 D/NetworkController.WifiSignalController(  853): 	to: connected=true,enabled=true,level=4,inetCondition=1,iconGroup=IconGroup(Wi-Fi Icons),activityIn=true,activityOut=false,rssi=-51,lastModified=11-16 08:15:32,ssid="75F"
11-16 08:15:32.831 V/DisplayEventReceiver(  853): call nativeScheduleVsync mReceiverPtr = 547407001344
11-16 08:15:32.840 V/ViewRootImpl[StatusBar](  853): ViewRoot performTraversals+ : mFirst = false, this = ViewRoot{e1a27df StatusBar,ident = 1}
11-16 08:15:32.850 V/ViewRootImpl[StatusBar](  853): ViewRoot performTraversals and draw- : this = ViewRoot{e1a27df StatusBar,ident = 1} frame#171 (cancelDraw = false)
11-16 08:15:33.115 I/wmt_launcher(  203): fw log ctrl flag has been set
11-16 08:15:33.115 I/wmt_launcher(  203): fw dynamic ctrl flag has been set
11-16 08:15:33.176 D/SurfaceFlinger(  211): [SF-WD] ERROR: open /dev/RT_Monitor failed.
11-16 08:15:33.176 D/SurfaceFlinger(  211): [SF-WD] ERROR: open /dev/RT_Monitor failed.
11-16 08:15:34.176 D/SurfaceFlinger(  211): [SF-WD] ERROR: open /dev/RT_Monitor failed.
11-16 08:15:34.836 D/NetworkController.WifiSignalController(  853): Change in state from: connected=true,enabled=true,level=4,inetCondition=1,iconGroup=IconGroup(Wi-Fi Icons),activityIn=true,activityOut=false,rssi=-51,lastModified=11-16 08:15:32,ssid="75F"
11-16 08:15:34.836 D/NetworkController.WifiSignalController(  853): 	to: connected=true,enabled=true,level=4,inetCondition=1,iconGroup=IconGroup(Wi-Fi Icons),activityIn=false,activityOut=false,rssi=-51,lastModified=11-16 08:15:32,ssid="75F"
11-16 08:15:34.837 V/DisplayEventReceiver(  853): call nativeScheduleVsync mReceiverPtr = 547407001344
11-16 08:15:34.861 V/ViewRootImpl[StatusBar](  853): ViewRoot performTraversals+ : mFirst = false, this = ViewRoot{e1a27df StatusBar,ident = 1}
11-16 08:15:34.873 I/BufferQueueProducer(  211): [StatusBar](this:0x70c0d44800,id:10,api:1,p:853,c:211) queueBuffer: fps=0.66 dur=3025.41 max=2025.76 min=999.65
11-16 08:15:34.884 V/ViewRootImpl[StatusBar](  853): ViewRoot performTraversals and draw- : this = ViewRoot{e1a27df StatusBar,ident = 1} frame#172 (cancelDraw = false)
11-16 08:15:34.895 I/DisplayDevice(  211): [Built-in Screen (type:0)] fps:0.664141,dur:3011.41,max:2035.39,min:976.02
11-16 08:15:35.117 I/wmt_launcher(  203): fw log ctrl flag has been set
11-16 08:15:35.118 I/wmt_launcher(  203): fw dynamic ctrl flag has been set
11-16 08:15:35.177 D/SurfaceFlinger(  211): [SF-WD] ERROR: open /dev/RT_Monitor failed.
11-16 08:15:35.177 D/SurfaceFlinger(  211): [SF-WD] ERROR: open /dev/RT_Monitor failed.
11-16 08:15:35.634 D/WifiStateMachine(  742):  ConnectedState !CMD_RSSI_POLL  rt=767638/767638 4 0 "75F" d0:15:a6:87:bd:12 rssi=-51 f=5180 sc=60 link=135 tx=0.0, 0.0, 0.0  rx=6.7 bcn=0 [on:0 tx:0 rx:0 period:2994] from screen [on:0 period:689595852] gl hn rssi=-46 ag=0 hr ticks 0,0,0 ls-=0 [56,56,56,56,61] brc=0 lrc=0 offload-stopped
11-16 08:15:35.649 D/WifiStateMachine(  742):  L2ConnectedState !CMD_RSSI_POLL  rt=767655/767655 4 0 "75F" d0:15:a6:87:bd:12 rssi=-51 f=5180 sc=60 link=135 tx=0.0, 0.0, 0.0  rx=6.7 bcn=0 [on:0 tx:0 rx:0 period:19] from screen [on:0 period:689595871] gl hn rssi=-46 ag=0 hr ticks 0,0,0 ls-=0 [56,56,56,56,61] brc=0 lrc=0 offload-stopped
11-16 08:15:35.649 D/WifiStateMachine(  742):  get link layer stats 0
11-16 08:15:35.650 D/WifiHW  (  742): enter -->wifi_send_command cmd=IFNAME=wlan0 SIGNAL_POLL
11-16 08:15:35.651 D/wpa_supplicant( 1038): wlan0: Control interface command 'SIGNAL_POLL'
11-16 08:15:35.655 D/WifiHW  (  742): leave --> reply=RSSI=-51
11-16 08:15:35.655 D/WifiHW  (  742): LINKSPEED=135
11-16 08:15:35.655 D/WifiHW  (  742): NOISE=9999
11-16 08:15:35.655 D/WifiHW  (  742): FREQUENCY=5180
11-16 08:15:35.655 D/WifiHW  (  742): 
11-16 08:15:35.656 D/WifiStateMachine(  742): fetchRssiLinkSpeedAndFrequencyNative rssi=-51 linkspeed=135 freq=5180
11-16 08:15:35.656 D/WifiStateMachine(  742): mLastSignalLevel:4, newSignalLevel:4
11-16 08:15:35.657 D/WifiConfigManager(  742): updateConfiguration freq=5180 BSSID=d0:15:a6:87:bd:12 RSSI=-51 "75F"WPA_PSK
11-16 08:15:35.666 D/WifiStateMachine(  742): calculateWifiScore freq=5180 speed=135 score=60 highRSSI  -> txbadrate=0.00 txgoodrate=0.00 txretriesrate=0.00 rxrate=5.83 userTriggerdPenalty0
11-16 08:15:35.667 D/WifiStateMachine(  742):  good link -> stuck count =0
11-16 08:15:35.671 D/WifiStateMachine(  742):  badRSSI count0 lowRSSI count0 --> score 56
11-16 08:15:35.673 D/WifiStateMachine(  742):  isHighRSSI       ---> score=61
11-16 08:15:35.679 V/ActivityManager(  742): Broadcast sticky: Intent { act=android.net.wifi.RSSI_CHANGED flg=0x4000010 (has extras) } ordered=false userid=-1 callerApp=ProcessRecord{b0897a0 742:system/1000}
11-16 08:15:35.683 D/AMEventHook(  742): onEvent: AM_BeforeSendBroadcast
11-16 08:15:35.686 V/BroadcastQueue(  742): BDC-Processing parallel broadcast [background] BroadcastRecord{618f89d u-1 android.net.wifi.RSSI_CHANGED}, 1 receivers
11-16 08:15:35.687 D/BroadcastQueue(  742): BDC-Delivering broadcast: Intent { act=android.net.wifi.RSSI_CHANGED flg=0x4000010 (has extras) }, queue=background, ordered=false, filter=BroadcastFilter{2184993 u0 ReceiverList{d19e82 853 com.android.systemui/10017/u0 remote:39e85cd}}, broadcastRecord=BroadcastRecord{618f89d u-1 android.net.wifi.RSSI_CHANGED}, receiver=null, #0
11-16 08:15:35.688 D/BroadcastQueue(  742): Non-ordered [background] BroadcastRecord{618f89d u-1 android.net.wifi.RSSI_CHANGED}, 1 receivers, Total: 5, Waiting: 2, Processing: 3
11-16 08:15:35.691 D/ActivityThread(  853): BDC-Calling onReceive: intent=Intent { act=android.net.wifi.RSSI_CHANGED flg=0x4000010 (has extras) }, ordered=false, receiver=com.android.systemui.statusbar.policy.NetworkControllerImpl@d18c0d8, IIntentReceiver=2a54a6d
11-16 08:15:35.850 D/NetworkController.WifiSignalController(  853): Change in state from: connected=true,enabled=true,level=4,inetCondition=1,iconGroup=IconGroup(Wi-Fi Icons),activityIn=false,activityOut=false,rssi=-51,lastModified=11-16 08:15:34,ssid="75F"
11-16 08:15:35.850 D/NetworkController.WifiSignalController(  853): 	to: connected=true,enabled=true,level=4,inetCondition=1,iconGroup=IconGroup(Wi-Fi Icons),activityIn=true,activityOut=false,rssi=-51,lastModified=11-16 08:15:34,ssid="75F"
11-16 08:15:35.851 V/DisplayEventReceiver(  853): call nativeScheduleVsync mReceiverPtr = 547407001344
11-16 08:15:35.871 V/ViewRootImpl[StatusBar](  853): ViewRoot performTraversals+ : mFirst = false, this = ViewRoot{e1a27df StatusBar,ident = 1}
11-16 08:15:35.883 I/BufferQueueProducer(  211): [StatusBar](this:0x70c0d44800,id:10,api:1,p:853,c:211) queueBuffer: fps=0.99 dur=1009.56 max=1009.56 min=1009.56
11-16 08:15:35.900 V/ViewRootImpl[StatusBar](  853): ViewRoot performTraversals and draw- : this = ViewRoot{e1a27df StatusBar,ident = 1} frame#173 (cancelDraw = false)
11-16 08:15:36.177 D/SurfaceFlinger(  211): [SF-WD] ERROR: open /dev/RT_Monitor failed.
11-16 08:15:36.178 D/SurfaceFlinger(  211): [SF-WD] ERROR: open /dev/RT_Monitor failed.
11-16 08:15:37.119 I/wmt_launcher(  203): fw log ctrl flag has been set
11-16 08:15:37.119 I/wmt_launcher(  203): fw dynamic ctrl flag has been set
11-16 08:15:37.178 D/SurfaceFlinger(  211): [SF-WD] ERROR: open /dev/RT_Monitor failed.
11-16 08:15:38.178 D/SurfaceFlinger(  211): [SF-WD] ERROR: open /dev/RT_Monitor failed.
11-16 08:15:38.696 D/WifiStateMachine(  742):  ConnectedState !CMD_RSSI_POLL  rt=770700/770700 4 0 "75F" d0:15:a6:87:bd:12 rssi=-51 f=5180 sc=60 link=135 tx=0.0, 0.0, 0.0  rx=5.8 bcn=0 [on:0 tx:0 rx:0 period:2991] from screen [on:0 period:689598915] gl hn rssi=-46 ag=0 hr ticks 0,0,0 ls-=0 [56,56,56,56,61] brc=0 lrc=0 offload-stopped
11-16 08:15:38.710 D/WifiStateMachine(  742):  L2ConnectedState !CMD_RSSI_POLL  rt=770717/770717 4 0 "75F" d0:15:a6:87:bd:12 rssi=-51 f=5180 sc=60 link=135 tx=0.0, 0.0, 0.0  rx=5.8 bcn=0 [on:0 tx:0 rx:0 period:16] from screen [on:0 period:689598931] gl hn rssi=-46 ag=0 hr ticks 0,0,0 ls-=0 [56,56,56,56,61] brc=0 lrc=0 offload-stopped
11-16 08:15:38.710 D/WifiStateMachine(  742):  get link layer stats 0
11-16 08:15:38.711 D/WifiHW  (  742): enter -->wifi_send_command cmd=IFNAME=wlan0 SIGNAL_POLL
11-16 08:15:38.711 D/wpa_supplicant( 1038): wlan0: Control interface command 'SIGNAL_POLL'
11-16 08:15:38.734 D/WifiHW  (  742): leave --> reply=RSSI=-51
11-16 08:15:38.734 D/WifiHW  (  742): LINKSPEED=135
11-16 08:15:38.734 D/WifiHW  (  742): NOISE=9999
11-16 08:15:38.734 D/WifiHW  (  742): FREQUENCY=5180
11-16 08:15:38.734 D/WifiHW  (  742): 
11-16 08:15:38.735 D/WifiStateMachine(  742): fetchRssiLinkSpeedAndFrequencyNative rssi=-51 linkspeed=135 freq=5180
11-16 08:15:38.735 D/WifiStateMachine(  742): mLastSignalLevel:4, newSignalLevel:4
11-16 08:15:38.735 D/WifiConfigManager(  742): updateConfiguration freq=5180 BSSID=d0:15:a6:87:bd:12 RSSI=-51 "75F"WPA_PSK
11-16 08:15:38.744 D/WifiStateMachine(  742): calculateWifiScore freq=5180 speed=135 score=60 highRSSI  -> txbadrate=0.00 txgoodrate=0.00 txretriesrate=0.00 rxrate=8.92 userTriggerdPenalty0
11-16 08:15:38.745 D/WifiStateMachine(  742):  good link -> stuck count =0
11-16 08:15:38.747 D/WifiStateMachine(  742):  badRSSI count0 lowRSSI count0 --> score 56
11-16 08:15:38.747 D/WifiStateMachine(  742):  isHighRSSI       ---> score=61
11-16 08:15:38.754 V/ActivityManager(  742): Broadcast sticky: Intent { act=android.net.wifi.RSSI_CHANGED flg=0x4000010 (has extras) } ordered=false userid=-1 callerApp=ProcessRecord{b0897a0 742:system/1000}
11-16 08:15:38.755 D/AMEventHook(  742): onEvent: AM_BeforeSendBroadcast
11-16 08:15:38.759 V/BroadcastQueue(  742): BDC-Processing parallel broadcast [background] BroadcastRecord{acfe112 u-1 android.net.wifi.RSSI_CHANGED}, 1 receivers
11-16 08:15:38.760 D/BroadcastQueue(  742): BDC-Delivering broadcast: Intent { act=android.net.wifi.RSSI_CHANGED flg=0x4000010 (has extras) }, queue=background, ordered=false, filter=BroadcastFilter{2184993 u0 ReceiverList{d19e82 853 com.android.systemui/10017/u0 remote:39e85cd}}, broadcastRecord=BroadcastRecord{acfe112 u-1 android.net.wifi.RSSI_CHANGED}, receiver=null, #0
11-16 08:15:38.761 D/BroadcastQueue(  742): Non-ordered [background] BroadcastRecord{acfe112 u-1 android.net.wifi.RSSI_CHANGED}, 1 receivers, Total: 3, Waiting: 0, Processing: 3
11-16 08:15:38.763 D/ActivityThread(  853): BDC-Calling onReceive: intent=Intent { act=android.net.wifi.RSSI_CHANGED flg=0x4000010 (has extras) }, ordered=false, receiver=com.android.systemui.statusbar.policy.NetworkControllerImpl@d18c0d8, IIntentReceiver=2a54a6d
11-16 08:15:39.121 I/wmt_launcher(  203): fw log ctrl flag has been set
11-16 08:15:39.121 I/wmt_launcher(  203): fw dynamic ctrl flag has been set
11-16 08:15:39.179 D/SurfaceFlinger(  211): [SF-WD] ERROR: open /dev/RT_Monitor failed.
11-16 08:15:40.179 D/SurfaceFlinger(  211): [SF-WD] ERROR: open /dev/RT_Monitor failed.
11-16 08:15:41.123 I/wmt_launcher(  203): fw log ctrl flag has been set
11-16 08:15:41.124 I/wmt_launcher(  203): fw dynamic ctrl flag has been set
11-16 08:15:41.180 D/SurfaceFlinger(  211): [SF-WD] ERROR: open /dev/RT_Monitor failed.
11-16 08:15:41.766 D/WifiStateMachine(  742):  ConnectedState !CMD_RSSI_POLL  rt=773771/773771 4 0 "75F" d0:15:a6:87:bd:12 rssi=-51 f=5180 sc=60 link=135 tx=0.0, 0.0, 0.0  rx=8.9 bcn=0 [on:0 tx:0 rx:0 period:2988] from screen [on:0 period:689601985] gl hn rssi=-46 ag=0 hr ticks 0,0,0 ls-=0 [56,56,56,56,61] brc=0 lrc=0 offload-stopped
11-16 08:15:41.782 D/WifiStateMachine(  742):  L2ConnectedState !CMD_RSSI_POLL  rt=773787/773787 4 0 "75F" d0:15:a6:87:bd:12 rssi=-51 f=5180 sc=60 link=135 tx=0.0, 0.0, 0.0  rx=8.9 bcn=0 [on:0 tx:0 rx:0 period:18] from screen [on:0 period:689602003] gl hn rssi=-46 ag=0 hr ticks 0,0,0 ls-=0 [56,56,56,56,61] brc=0 lrc=0 offload-stopped
11-16 08:15:41.782 D/WifiStateMachine(  742):  get link layer stats 0
11-16 08:15:41.784 D/WifiHW  (  742): enter -->wifi_send_command cmd=IFNAME=wlan0 SIGNAL_POLL
11-16 08:15:41.784 D/wpa_supplicant( 1038): wlan0: Control interface command 'SIGNAL_POLL'
11-16 08:15:41.801 D/WifiHW  (  742): leave --> reply=RSSI=-51
11-16 08:15:41.801 D/WifiHW  (  742): LINKSPEED=135
11-16 08:15:41.801 D/WifiHW  (  742): NOISE=9999
11-16 08:15:41.801 D/WifiHW  (  742): FREQUENCY=5180
11-16 08:15:41.801 D/WifiHW  (  742): 
11-16 08:15:41.802 D/WifiStateMachine(  742): fetchRssiLinkSpeedAndFrequencyNative rssi=-51 linkspeed=135 freq=5180
11-16 08:15:41.802 D/WifiStateMachine(  742): mLastSignalLevel:4, newSignalLevel:4
11-16 08:15:41.803 D/WifiConfigManager(  742): updateConfiguration freq=5180 BSSID=d0:15:a6:87:bd:12 RSSI=-51 "75F"WPA_PSK
11-16 08:15:41.807 D/WifiStateMachine(  742): calculateWifiScore freq=5180 speed=135 score=60 highRSSI  -> txbadrate=0.00 txgoodrate=0.00 txretriesrate=0.00 rxrate=8.46 userTriggerdPenalty0
11-16 08:15:41.808 D/WifiStateMachine(  742):  good link -> stuck count =0
11-16 08:15:41.810 D/WifiStateMachine(  742):  badRSSI count0 lowRSSI count0 --> score 56
11-16 08:15:41.810 D/WifiStateMachine(  742):  isHighRSSI       ---> score=61
11-16 08:15:41.813 V/ActivityManager(  742): Broadcast sticky: Intent { act=android.net.wifi.RSSI_CHANGED flg=0x4000010 (has extras) } ordered=false userid=-1 callerApp=ProcessRecord{b0897a0 742:system/1000}
11-16 08:15:41.814 D/AMEventHook(  742): onEvent: AM_BeforeSendBroadcast
11-16 08:15:41.815 V/BroadcastQueue(  742): BDC-Processing parallel broadcast [background] BroadcastRecord{70280e3 u-1 android.net.wifi.RSSI_CHANGED}, 1 receivers
11-16 08:15:41.817 D/BroadcastQueue(  742): BDC-Delivering broadcast: Intent { act=android.net.wifi.RSSI_CHANGED flg=0x4000010 (has extras) }, queue=background, ordered=false, filter=BroadcastFilter{2184993 u0 ReceiverList{d19e82 853 com.android.systemui/10017/u0 remote:39e85cd}}, broadcastRecord=BroadcastRecord{70280e3 u-1 android.net.wifi.RSSI_CHANGED}, receiver=null, #0
11-16 08:15:41.818 D/BroadcastQueue(  742): Non-ordered [background] BroadcastRecord{70280e3 u-1 android.net.wifi.RSSI_CHANGED}, 1 receivers, Total: 3, Waiting: 1, Processing: 2
11-16 08:15:41.820 D/ActivityThread(  853): BDC-Calling onReceive: intent=Intent { act=android.net.wifi.RSSI_CHANGED flg=0x4000010 (has extras) }, ordered=false, receiver=com.android.systemui.statusbar.policy.NetworkControllerImpl@d18c0d8, IIntentReceiver=2a54a6d
11-16 08:15:42.180 D/SurfaceFlinger(  211): [SF-WD] ERROR: open /dev/RT_Monitor failed.
11-16 08:15:43.126 I/wmt_launcher(  203): fw log ctrl flag has been set
11-16 08:15:43.126 I/wmt_launcher(  203): fw dynamic ctrl flag has been set
11-16 08:15:43.181 D/SurfaceFlinger(  211): [SF-WD] ERROR: open /dev/RT_Monitor failed.
11-16 08:15:44.181 D/SurfaceFlinger(  211): [SF-WD] ERROR: open /dev/RT_Monitor failed.
11-16 08:15:44.823 D/WifiStateMachine(  742):  ConnectedState !CMD_RSSI_POLL  rt=776836/776836 4 0 "75F" d0:15:a6:87:bd:12 rssi=-51 f=5180 sc=60 link=135 tx=0.0, 0.0, 0.0  rx=8.5 bcn=0 [on:0 tx:0 rx:0 period:3000] from screen [on:0 period:689605045] gl hn rssi=-46 ag=0 hr ticks 0,0,0 ls-=0 [56,56,56,56,61] brc=0 lrc=0 offload-stopped
11-16 08:15:44.835 D/WifiStateMachine(  742):  L2ConnectedState !CMD_RSSI_POLL  rt=776844/776844 4 0 "75F" d0:15:a6:87:bd:12 rssi=-51 f=5180 sc=60 link=135 tx=0.0, 0.0, 0.0  rx=8.5 bcn=0 [on:0 tx:0 rx:0 period:8] from screen [on:0 period:689605053] gl hn rssi=-46 ag=0 hr ticks 0,0,0 ls-=0 [56,56,56,56,61] brc=0 lrc=0 offload-stopped
11-16 08:15:44.835 D/WifiStateMachine(  742):  get link layer stats 0
11-16 08:15:44.836 D/WifiHW  (  742): enter -->wifi_send_command cmd=IFNAME=wlan0 SIGNAL_POLL
11-16 08:15:44.837 D/wpa_supplicant( 1038): wlan0: Control interface command 'SIGNAL_POLL'
11-16 08:15:44.854 D/WifiHW  (  742): leave --> reply=RSSI=-52
11-16 08:15:44.854 D/WifiHW  (  742): LINKSPEED=135
11-16 08:15:44.854 D/WifiHW  (  742): NOISE=9999
11-16 08:15:44.854 D/WifiHW  (  742): FREQUENCY=5180
11-16 08:15:44.854 D/WifiHW  (  742): 
11-16 08:15:44.855 D/WifiStateMachine(  742): fetchRssiLinkSpeedAndFrequencyNative rssi=-52 linkspeed=135 freq=5180
11-16 08:15:44.855 D/WifiStateMachine(  742): mLastSignalLevel:4, newSignalLevel:4
11-16 08:15:44.855 D/WifiConfigManager(  742): updateConfiguration freq=5180 BSSID=d0:15:a6:87:bd:12 RSSI=-51 "75F"WPA_PSK
11-16 08:15:44.864 D/WifiStateMachine(  742): calculateWifiScore freq=5180 speed=135 score=60 highRSSI  -> txbadrate=0.00 txgoodrate=0.00 txretriesrate=0.00 rxrate=6.73 userTriggerdPenalty0
11-16 08:15:44.864 D/WifiStateMachine(  742):  good link -> stuck count =0
11-16 08:15:44.866 D/WifiStateMachine(  742):  badRSSI count0 lowRSSI count0 --> score 56
11-16 08:15:44.866 D/WifiStateMachine(  742):  isHighRSSI       ---> score=61
11-16 08:15:44.872 V/ActivityManager(  742): Broadcast sticky: Intent { act=android.net.wifi.RSSI_CHANGED flg=0x4000010 (has extras) } ordered=false userid=-1 callerApp=ProcessRecord{b0897a0 742:system/1000}
11-16 08:15:44.874 D/AMEventHook(  742): onEvent: AM_BeforeSendBroadcast
11-16 08:15:44.875 V/BroadcastQueue(  742): BDC-Processing parallel broadcast [background] BroadcastRecord{1e83ae0 u-1 android.net.wifi.RSSI_CHANGED}, 1 receivers
11-16 08:15:44.876 D/BroadcastQueue(  742): BDC-Delivering broadcast: Intent { act=android.net.wifi.RSSI_CHANGED flg=0x4000010 (has extras) }, queue=background, ordered=false, filter=BroadcastFilter{2184993 u0 ReceiverList{d19e82 853 com.android.systemui/10017/u0 remote:39e85cd}}, broadcastRecord=BroadcastRecord{1e83ae0 u-1 android.net.wifi.RSSI_CHANGED}, receiver=null, #0
11-16 08:15:44.877 D/BroadcastQueue(  742): Non-ordered [background] BroadcastRecord{1e83ae0 u-1 android.net.wifi.RSSI_CHANGED}, 1 receivers, Total: 3, Waiting: 0, Processing: 3
11-16 08:15:44.878 D/ActivityThread(  853): BDC-Calling onReceive: intent=Intent { act=android.net.wifi.RSSI_CHANGED flg=0x4000010 (has extras) }, ordered=false, receiver=com.android.systemui.statusbar.policy.NetworkControllerImpl@d18c0d8, IIntentReceiver=2a54a6d
11-16 08:15:44.882 D/NetworkController.WifiSignalController(  853): Change in state from: connected=true,enabled=true,level=4,inetCondition=1,iconGroup=IconGroup(Wi-Fi Icons),activityIn=true,activityOut=false,rssi=-51,lastModified=11-16 08:15:35,ssid="75F"
11-16 08:15:44.882 D/NetworkController.WifiSignalController(  853): 	to: connected=true,enabled=true,level=4,inetCondition=1,iconGroup=IconGroup(Wi-Fi Icons),activityIn=false,activityOut=false,rssi=-52,lastModified=11-16 08:15:35,ssid="75F"
11-16 08:15:44.883 V/DisplayEventReceiver(  853): call nativeScheduleVsync mReceiverPtr = 547407001344
11-16 08:15:44.896 D/NetworkController.WifiSignalController(  853): Change in state from: connected=true,enabled=true,level=4,inetCondition=1,iconGroup=IconGroup(Wi-Fi Icons),activityIn=true,activityOut=false,rssi=-51,lastModified=11-16 08:15:35,ssid="75F"
11-16 08:15:44.896 D/NetworkController.WifiSignalController(  853): 	to: connected=true,enabled=true,level=4,inetCondition=1,iconGroup=IconGroup(Wi-Fi Icons),activityIn=false,activityOut=false,rssi=-52,lastModified=11-16 08:15:44,ssid="75F"
11-16 08:15:44.898 V/ViewRootImpl[StatusBar](  853): ViewRoot performTraversals+ : mFirst = false, this = ViewRoot{e1a27df StatusBar,ident = 1}
11-16 08:15:44.904 I/BufferQueueProducer(  211): [StatusBar](this:0x70c0d44800,id:10,api:1,p:853,c:211) queueBuffer: fps=0.11 dur=9021.33 max=9021.33 min=9021.33
11-16 08:15:44.909 V/ViewRootImpl[StatusBar](  853): ViewRoot performTraversals and draw- : this = ViewRoot{e1a27df StatusBar,ident = 1} frame#174 (cancelDraw = false)
11-16 08:15:44.936 I/DisplayDevice(  211): [Built-in Screen (type:0)] fps:0.199196,dur:10040.34,max:9047.47,min:992.87
11-16 08:15:45.128 I/wmt_launcher(  203): fw log ctrl flag has been set
11-16 08:15:45.128 I/wmt_launcher(  203): fw dynamic ctrl flag has been set
11-16 08:15:45.182 D/SurfaceFlinger(  211): [SF-WD] ERROR: open /dev/RT_Monitor failed.
11-16 08:15:45.182 D/SurfaceFlinger(  211): [SF-WD] ERROR: open /dev/RT_Monitor failed.
11-16 08:15:45.887 D/NetworkController.WifiSignalController(  853): Change in state from: connected=true,enabled=true,level=4,inetCondition=1,iconGroup=IconGroup(Wi-Fi Icons),activityIn=false,activityOut=false,rssi=-52,lastModified=11-16 08:15:44,ssid="75F"
11-16 08:15:45.887 D/NetworkController.WifiSignalController(  853): 	to: connected=true,enabled=true,level=4,inetCondition=1,iconGroup=IconGroup(Wi-Fi Icons),activityIn=true,activityOut=false,rssi=-52,lastModified=11-16 08:15:44,ssid="75F"
11-16 08:15:45.888 V/DisplayEventReceiver(  853): call nativeScheduleVsync mReceiverPtr = 547407001344
11-16 08:15:45.896 V/ViewRootImpl[StatusBar](  853): ViewRoot performTraversals+ : mFirst = false, this = ViewRoot{e1a27df StatusBar,ident = 1}
11-16 08:15:45.906 V/ViewRootImpl[StatusBar](  853): ViewRoot performTraversals and draw- : this = ViewRoot{e1a27df StatusBar,ident = 1} frame#175 (cancelDraw = false)
11-16 08:15:45.911 I/art     (  853): Enter while loop.
11-16 08:15:46.182 D/SurfaceFlinger(  211): [SF-WD] ERROR: open /dev/RT_Monitor failed.
11-16 08:15:46.182 D/SurfaceFlinger(  211): [SF-WD] ERROR: open /dev/RT_Monitor failed.
11-16 08:15:46.521 D/BatteryService(  742): mBatteryVoltage=3690, batteryLevel=50
11-16 08:15:46.524 V/ActivityManager(  742): Broadcast sticky: Intent { act=android.intent.action.BATTERY_CHANGED flg=0x60000010 (has extras) } ordered=false userid=-1 callerApp=null
11-16 08:15:46.527 D/AMEventHook(  742): onEvent: AM_BeforeSendBroadcast
11-16 08:15:46.528 V/BroadcastQueue(  742): BDC-Processing parallel broadcast [background] BroadcastRecord{146fc5e u-1 android.intent.action.BATTERY_CHANGED}, 12 receivers
11-16 08:15:46.530 D/BroadcastQueue(  742): BDC-Delivering broadcast: Intent { act=android.intent.action.BATTERY_CHANGED flg=0x60000010 (has extras) }, queue=background, ordered=false, filter=BroadcastFilter{957da49 u0 ReceiverList{e42c850 742 system/1000/u0 local:c821e13}}, broadcastRecord=BroadcastRecord{146fc5e u-1 android.intent.action.BATTERY_CHANGED}, receiver=null, #0
11-16 08:15:46.531 D/ActivityThread(  742): BDC-Calling onReceive: intent=Intent { act=android.intent.action.BATTERY_CHANGED flg=0x60000010 (has extras) }, ordered=false, receiver=com.android.server.power.PowerManagerService$BatteryReceiver@323f502, IIntentReceiver=c821e13
11-16 08:15:46.532 D/BroadcastQueue(  742): BDC-Delivering broadcast: Intent { act=android.intent.action.BATTERY_CHANGED flg=0x60000010 (has extras) }, queue=background, ordered=false, filter=BroadcastFilter{74876af u0 ReceiverList{7781e8e 742 system/1000/u0 local:b860e89}}, broadcastRecord=BroadcastRecord{146fc5e u-1 android.intent.action.BATTERY_CHANGED}, receiver=null, #1
11-16 08:15:46.534 D/ActivityThread(  742): BDC-Calling onReceive: intent=Intent { act=android.intent.action.BATTERY_CHANGED flg=0x60000010 (has extras) }, ordered=false, receiver=com.android.server.UiModeManagerService$3@6b42590, IIntentReceiver=b860e89
11-16 08:15:46.534 D/BroadcastQueue(  742): BDC-Delivering broadcast: Intent { act=android.intent.action.BATTERY_CHANGED flg=0x60000010 (has extras) }, queue=background, ordered=false, filter=BroadcastFilter{8bc745c u0 ReceiverList{c1e02cf 742 system/1000/u0 local:a79c72e}}, broadcastRecord=BroadcastRecord{146fc5e u-1 android.intent.action.BATTERY_CHANGED}, receiver=null, #2
11-16 08:15:46.536 D/BroadcastQueue(  742): BDC-Delivering broadcast: Intent { act=android.intent.action.BATTERY_CHANGED flg=0x60000010 (has extras) }, queue=background, ordered=false, filter=BroadcastFilter{ceb3dbf u0 ReceiverList{7fc57de 742 system/1000/u0 local:b1d1b19}}, broadcastRecord=BroadcastRecord{146fc5e u-1 android.intent.action.BATTERY_CHANGED}, receiver=null, #3
11-16 08:15:46.536 D/ActivityThread(  742): BDC-Calling onReceive: intent=Intent { act=android.intent.action.BATTERY_CHANGED flg=0x60000010 (has extras) }, ordered=false, receiver=com.android.server.DeviceIdleController$1@c9875a9, IIntentReceiver=a79c72e
11-16 08:15:46.537 D/ActivityThread(  742): BDC-Calling onReceive: intent=Intent { act=android.intent.action.BATTERY_CHANGED flg=0x60000010 (has extras) }, ordered=false, receiver=com.android.server.wifi.WifiServiceImpl$1@9e44a60, IIntentReceiver=b1d1b19
11-16 08:15:46.537 D/WifiService(  742): onReceive, action:android.intent.action.BATTERY_CHANGED
11-16 08:15:46.537 D/BroadcastQueue(  742): BDC-Delivering broadcast: Intent { act=android.intent.action.BATTERY_CHANGED flg=0x60000010 (has extras) }, queue=background, ordered=false, filter=BroadcastFilter{34b11fd u0 ReceiverList{86dfe54 853 com.android.systemui/10017/u0 remote:b0819a7}}, broadcastRecord=BroadcastRecord{146fc5e u-1 android.intent.action.BATTERY_CHANGED}, receiver=null, #4
11-16 08:15:46.539 D/WifiController(  742): DeviceActiveState{ when=-2ms what=155652 arg1=2 target=com.android.internal.util.StateMachine$SmHandler }
11-16 08:15:46.540 D/WifiController(  742): StaEnabledState{ when=-2ms what=155652 arg1=2 target=com.android.internal.util.StateMachine$SmHandler }
11-16 08:15:46.540 D/BroadcastQueue(  742): BDC-Delivering broadcast: Intent { act=android.intent.action.BATTERY_CHANGED flg=0x60000010 (has extras) }, queue=background, ordered=false, filter=BroadcastFilter{a4afb32 u0 ReceiverList{3c5a73d 742 system/1000/u0 local:b0ca094}}, broadcastRecord=BroadcastRecord{146fc5e u-1 android.intent.action.BATTERY_CHANGED}, receiver=null, #5
11-16 08:15:46.540 D/WifiController(  742): DefaultState{ when=-3ms what=155652 arg1=2 target=com.android.internal.util.StateMachine$SmHandler }
11-16 08:15:46.540 D/WifiController(  742): battery changed pluggedType: 2
11-16 08:15:46.542 D/ActivityThread(  853): BDC-Calling onReceive: intent=Intent { act=android.intent.action.BATTERY_CHANGED flg=0x60000010 (has extras) }, ordered=false, receiver=com.android.keyguard.KeyguardUpdateMonitor$3@2b7b52b, IIntentReceiver=6d909b0
11-16 08:15:46.542 D/KeyguardUpdateMonitor(  853): received broadcast android.intent.action.BATTERY_CHANGED
11-16 08:15:46.542 D/KeyguardUpdateMonitor(  853): handleBatteryUpdate
11-16 08:15:46.544 D/BroadcastQueue(  742): BDC-Delivering broadcast: Intent { act=android.intent.action.BATTERY_CHANGED flg=0x60000010 (has extras) }, queue=background, ordered=false, filter=BroadcastFilter{21002d4 u0 ReceiverList{2956027 853 com.android.systemui/10017/u0 remote:ed962e6}}, broadcastRecord=BroadcastRecord{146fc5e u-1 android.intent.action.BATTERY_CHANGED}, receiver=null, #6
11-16 08:15:46.546 D/ActivityThread(  853): BDC-Calling onReceive: intent=Intent { act=android.intent.action.BATTERY_CHANGED flg=0x60000010 (has extras) }, ordered=false, receiver=com.android.systemui.power.PowerUI$Receiver@8d23bd6, IIntentReceiver=ef44125
11-16 08:15:46.550 D/BroadcastQueue(  742): BDC-Delivering broadcast: Intent { act=android.intent.action.BATTERY_CHANGED flg=0x60000010 (has extras) }, queue=background, ordered=false, filter=BroadcastFilter{d727f17 u0 ReceiverList{eece796 1153 com.android.phone/1001/u0 remote:7ebb6b1}}, broadcastRecord=BroadcastRecord{146fc5e u-1 android.intent.action.BATTERY_CHANGED}, receiver=null, #7
11-16 08:15:46.551 D/ActivityThread(  742): BDC-Calling onReceive: intent=Intent { act=android.intent.action.BATTERY_CHANGED flg=0x60000010 (has extras) }, ordered=false, receiver=com.mediatek.lbsutils.LbsUtils$1@1cbdaa6, IIntentReceiver=b0ca094
11-16 08:15:46.552 D/ActivityThread( 1153): BDC-Calling onReceive: intent=Intent { act=android.intent.action.BATTERY_CHANGED flg=0x60000010 (has extras) }, ordered=false, receiver=com.mediatek.internal.telephony.dataconnection.FdManager$1@6a372a7, IIntentReceiver=bb2667b
11-16 08:15:46.554 D/BroadcastQueue(  742): BDC-Delivering broadcast: Intent { act=android.intent.action.BATTERY_CHANGED flg=0x60000010 (has extras) }, queue=background, ordered=false, filter=BroadcastFilter{de1536e u0 ReceiverList{c718ae9 853 com.android.systemui/10017/u0 remote:285770}}, broadcastRecord=BroadcastRecord{146fc5e u-1 android.intent.action.BATTERY_CHANGED}, receiver=null, #8
11-16 08:15:46.556 D/ActivityThread(  853): BDC-Calling onReceive: intent=Intent { act=android.intent.action.BATTERY_CHANGED flg=0x60000010 (has extras) }, ordered=false, receiver=com.android.systemui.statusbar.policy.BatteryControllerImpl@98ac84a, IIntentReceiver=72050a
11-16 08:15:46.557 D/BroadcastQueue(  742): BDC-Delivering broadcast: Intent { act=android.intent.action.BATTERY_CHANGED flg=0x60000010 (has extras) }, queue=background, ordered=false, filter=BroadcastFilter{d042018 u0 ReceiverList{9e657fb 1304 com.android.bluetooth/1002/u0 remote:57ec58a}}, broadcastRecord=BroadcastRecord{146fc5e u-1 android.intent.action.BATTERY_CHANGED}, receiver=null, #9
11-16 08:15:46.557 D/BatteryMeterDrawable(  853): onBatteryLevelChanged level:2,plugedIn:true,charging:true
11-16 08:15:46.560 D/BroadcastQueue(  742): BDC-Delivering broadcast: Intent { act=android.intent.action.BATTERY_CHANGED flg=0x60000010 (has extras) }, queue=background, ordered=false, filter=BroadcastFilter{8858b03 u0 ReceiverList{eee3fb2 1424 com.mediatek.dongle/1001/u0 remote:8912dbd}}, broadcastRecord=BroadcastRecord{146fc5e u-1 android.intent.action.BATTERY_CHANGED}, receiver=null, #10
11-16 08:15:46.560 D/ActivityThread( 1304): BDC-Calling onReceive: intent=Intent { act=android.intent.action.BATTERY_CHANGED flg=0x60000010 (has extras) }, ordered=false, receiver=com.android.bluetooth.hfp.HeadsetService$1@785552a, IIntentReceiver=cee5171
11-16 08:15:46.560 D/HeadsetStateMachine( 1304): Disconnected process message: 10, size: 0
11-16 08:15:46.561 D/AppOps  (  742): noteOperation: allowing code 63 uid 10007 package com.android.providers.media
11-16 08:15:46.562 D/ActivityThread( 1424): BDC-Calling onReceive: intent=Intent { act=android.intent.action.BATTERY_CHANGED flg=0x60000010 (has extras) }, ordered=false, receiver=com.android.internal.tedongle.RIL$2@1205c17, IIntentReceiver=34593ad
11-16 08:15:46.562 D/BroadcastQueue(  742): BDC-Delivering broadcast: Intent { act=android.intent.action.BATTERY_CHANGED flg=0x60000010 (has extras) }, queue=background, ordered=false, filter=BroadcastFilter{15b7105 u0 ReceiverList{8e7d47c 1575 android.process.media/10007/u0 remote:5984f6f}}, broadcastRecord=BroadcastRecord{146fc5e u-1 android.intent.action.BATTERY_CHANGED}, receiver=null, #11
11-16 08:15:46.564 D/BroadcastQueue(  742): Non-ordered [background] BroadcastRecord{146fc5e u-1 android.intent.action.BATTERY_CHANGED}, 12 receivers, Total: 36, Waiting: 1, Processing: 35
11-16 08:15:46.565 D/ActivityThread( 1575): BDC-Calling onReceive: intent=Intent { act=android.intent.action.BATTERY_CHANGED flg=0x60000010 (has extras) }, ordered=false, receiver=android.mtp.MtpDatabase$1@ecf3606, IIntentReceiver=8022663
11-16 08:15:46.566 D/BatteryMeterDrawable(  853): onBatteryLevelChanged level:2,plugedIn:true,charging:true
11-16 08:15:46.567 V/DisplayEventReceiver(  853): call nativeScheduleVsync mReceiverPtr = 547407001344
11-16 08:15:46.587 V/ViewRootImpl[StatusBar](  853): ViewRoot performTraversals+ : mFirst = false, this = ViewRoot{e1a27df StatusBar,ident = 1}
11-16 08:15:46.590 V/ViewRootImpl[StatusBar](  853): ViewRoot performTraversals and draw- : this = ViewRoot{e1a27df StatusBar,ident = 1} frame#176 (cancelDraw = false)
11-16 08:15:46.595 I/BufferQueueProducer(  211): [StatusBar](this:0x70c0d44800,id:10,api:1,p:853,c:211) queueBuffer: fps=1.18 dur=1690.79 max=997.16 min=693.63
11-16 08:15:46.601 I/DisplayDevice(  211): [Built-in Screen (type:0)] fps:1.200795,dur:1665.56,max:977.13,min:688.43
11-16 08:15:46.891 D/NetworkController.WifiSignalController(  853): Change in state from: connected=true,enabled=true,level=4,inetCondition=1,iconGroup=IconGroup(Wi-Fi Icons),activityIn=true,activityOut=false,rssi=-52,lastModified=11-16 08:15:45,ssid="75F"
11-16 08:15:46.891 D/NetworkController.WifiSignalController(  853): 	to: connected=true,enabled=true,level=4,inetCondition=1,iconGroup=IconGroup(Wi-Fi Icons),activityIn=false,activityOut=false,rssi=-52,lastModified=11-16 08:15:45,ssid="75F"
11-16 08:15:46.892 V/DisplayEventReceiver(  853): call nativeScheduleVsync mReceiverPtr = 547407001344
11-16 08:15:46.911 V/ViewRootImpl[StatusBar](  853): ViewRoot performTraversals+ : mFirst = false, this = ViewRoot{e1a27df StatusBar,ident = 1}
11-16 08:15:46.937 V/ViewRootImpl[StatusBar](  853): ViewRoot performTraversals and draw- : this = ViewRoot{e1a27df StatusBar,ident = 1} frame#177 (cancelDraw = false)
11-16 08:15:47.129 I/wmt_launcher(  203): fw log ctrl flag has been set
11-16 08:15:47.129 I/wmt_launcher(  203): fw dynamic ctrl flag has been set
11-16 08:15:47.183 D/SurfaceFlinger(  211): [SF-WD] ERROR: open /dev/RT_Monitor failed.
11-16 08:15:47.183 D/SurfaceFlinger(  211): [SF-WD] ERROR: open /dev/RT_Monitor failed.
11-16 08:15:47.891 D/WifiStateMachine(  742):  ConnectedState !CMD_RSSI_POLL  rt=779895/779895 4 0 "75F" d0:15:a6:87:bd:12 rssi=-52 f=5180 sc=60 link=135 tx=0.0, 0.0, 0.0  rx=6.7 bcn=0 [on:0 tx:0 rx:0 period:2994] from screen [on:0 period:689608110] gl hn rssi=-47 ag=0 hr ticks 0,0,0 ls-=0 [56,56,56,56,61] brc=0 lrc=0 offload-stopped
11-16 08:15:47.907 D/NetworkController.WifiSignalController(  853): Change in state from: connected=true,enabled=true,level=4,inetCondition=1,iconGroup=IconGroup(Wi-Fi Icons),activityIn=false,activityOut=false,rssi=-52,lastModified=11-16 08:15:46,ssid="75F"
11-16 08:15:47.907 D/NetworkController.WifiSignalController(  853): 	to: connected=true,enabled=true,level=4,inetCondition=1,iconGroup=IconGroup(Wi-Fi Icons),activityIn=true,activityOut=false,rssi=-52,lastModified=11-16 08:15:46,ssid="75F"
11-16 08:15:47.908 V/DisplayEventReceiver(  853): call nativeScheduleVsync mReceiverPtr = 547407001344
11-16 08:15:47.921 D/WifiStateMachine(  742):  L2ConnectedState !CMD_RSSI_POLL  rt=779912/779912 4 0 "75F" d0:15:a6:87:bd:12 rssi=-52 f=5180 sc=60 link=135 tx=0.0, 0.0, 0.0  rx=6.7 bcn=0 [on:0 tx:0 rx:0 period:33] from screen [on:0 period:689608143] gl hn rssi=-47 ag=0 hr ticks 0,0,0 ls-=0 [56,56,56,56,61] brc=0 lrc=0 offload-stopped
11-16 08:15:47.922 D/WifiStateMachine(  742):  get link layer stats 0
11-16 08:15:47.923 D/WifiHW  (  742): enter -->wifi_send_command cmd=IFNAME=wlan0 SIGNAL_POLL
11-16 08:15:47.923 D/wpa_supplicant( 1038): wlan0: Control interface command 'SIGNAL_POLL'
11-16 08:15:47.930 V/ViewRootImpl[StatusBar](  853): ViewRoot performTraversals+ : mFirst = false, this = ViewRoot{e1a27df StatusBar,ident = 1}
11-16 08:15:47.936 I/BufferQueueProducer(  211): [StatusBar](this:0x70c0d44800,id:10,api:1,p:853,c:211) queueBuffer: fps=1.49 dur=1340.88 max=1010.07 min=330.80
11-16 08:15:47.939 V/ViewRootImpl[StatusBar](  853): ViewRoot performTraversals and draw- : this = ViewRoot{e1a27df StatusBar,ident = 1} frame#178 (cancelDraw = false)
11-16 08:15:47.943 I/DisplayDevice(  211): [Built-in Screen (type:0)] fps:1.490667,dur:1341.68,max:1010.50,min:331.18
11-16 08:15:47.946 D/WifiHW  (  742): leave --> reply=RSSI=-52
11-16 08:15:47.946 D/WifiHW  (  742): LINKSPEED=135
11-16 08:15:47.946 D/WifiHW  (  742): NOISE=9999
11-16 08:15:47.946 D/WifiHW  (  742): FREQUENCY=5180
11-16 08:15:47.946 D/WifiHW  (  742): 
11-16 08:15:47.951 D/WifiStateMachine(  742): fetchRssiLinkSpeedAndFrequencyNative rssi=-52 linkspeed=135 freq=5180
11-16 08:15:47.951 D/WifiStateMachine(  742): mLastSignalLevel:4, newSignalLevel:4
11-16 08:15:47.952 D/WifiConfigManager(  742): updateConfiguration freq=5180 BSSID=d0:15:a6:87:bd:12 RSSI=-51 "75F"WPA_PSK
11-16 08:15:47.960 D/WifiStateMachine(  742): calculateWifiScore freq=5180 speed=135 score=60 highRSSI  -> txbadrate=0.00 txgoodrate=0.00 txretriesrate=0.00 rxrate=9.36 userTriggerdPenalty0
11-16 08:15:47.961 D/WifiStateMachine(  742):  good link -> stuck count =0
11-16 08:15:47.966 D/WifiStateMachine(  742):  badRSSI count0 lowRSSI count0 --> score 56
11-16 08:15:47.966 D/WifiStateMachine(  742):  isHighRSSI       ---> score=61
11-16 08:15:47.972 V/ActivityManager(  742): Broadcast sticky: Intent { act=android.net.wifi.RSSI_CHANGED flg=0x4000010 (has extras) } ordered=false userid=-1 callerApp=ProcessRecord{b0897a0 742:system/1000}
11-16 08:15:47.973 D/AMEventHook(  742): onEvent: AM_BeforeSendBroadcast
11-16 08:15:47.978 V/BroadcastQueue(  742): BDC-Processing parallel broadcast [background] BroadcastRecord{ab685f8 u-1 android.net.wifi.RSSI_CHANGED}, 1 receivers
11-16 08:15:47.982 D/BroadcastQueue(  742): BDC-Delivering broadcast: Intent { act=android.net.wifi.RSSI_CHANGED flg=0x4000010 (has extras) }, queue=background, ordered=false, filter=BroadcastFilter{2184993 u0 ReceiverList{d19e82 853 com.android.systemui/10017/u0 remote:39e85cd}}, broadcastRecord=BroadcastRecord{ab685f8 u-1 android.net.wifi.RSSI_CHANGED}, receiver=null, #0
11-16 08:15:47.985 D/ActivityThread(  853): BDC-Calling onReceive: intent=Intent { act=android.net.wifi.RSSI_CHANGED flg=0x4000010 (has extras) }, ordered=false, receiver=com.android.systemui.statusbar.policy.NetworkControllerImpl@d18c0d8, IIntentReceiver=2a54a6d
11-16 08:15:47.987 D/BroadcastQueue(  742): Non-ordered [background] BroadcastRecord{ab685f8 u-1 android.net.wifi.RSSI_CHANGED}, 1 receivers, Total: 14, Waiting: 3, Processing: 11
11-16 08:15:48.183 D/SurfaceFlinger(  211): [SF-WD] ERROR: open /dev/RT_Monitor failed.
11-16 08:15:48.184 D/SurfaceFlinger(  211): [SF-WD] ERROR: open /dev/RT_Monitor failed.
11-16 08:15:49.131 I/wmt_launcher(  203): fw log ctrl flag has been set
11-16 08:15:49.131 I/wmt_launcher(  203): fw dynamic ctrl flag has been set
11-16 08:15:49.184 D/SurfaceFlinger(  211): [SF-WD] ERROR: open /dev/RT_Monitor failed.
11-16 08:15:50.185 D/SurfaceFlinger(  211): [SF-WD] ERROR: open /dev/RT_Monitor failed.
11-16 08:15:50.986 D/WifiStateMachine(  742):  ConnectedState !CMD_RSSI_POLL  rt=782990/782990 4 0 "75F" d0:15:a6:87:bd:12 rssi=-52 f=5180 sc=60 link=135 tx=0.0, 0.0, 0.0  rx=9.4 bcn=0 [on:0 tx:0 rx:0 period:2985] from screen [on:0 period:689611205] gl hn rssi=-47 ag=0 hr ticks 0,0,0 ls-=0 [56,56,56,56,61] brc=0 lrc=0 offload-stopped
