11-16 08:16:00.147 D/WifiScanningService(  742): WifiSingleScanStateMachine onFullScanResult received bucketsScanned =0fullScanResultSSID: 75F Matt Floater , BSSID: 00:1a:dd:77:ac:24, capabilities: [ESS], level: -69, frequency: 2447, timestamp: 791474162, distance: ?(cm), distanceSd: ?(cm), passpoint: no, ChannelBandwidth: 0, centerFreq0: 0, centerFreq1: 0, 80211mcResponder: is not supported
11-16 08:16:00.149 V/ViewRootImpl[StatusBar](  853): ViewRoot performTraversals and draw- : this = ViewRoot{e1a27df StatusBar,ident = 1} frame#185 (cancelDraw = false)
11-16 08:16:00.150 D/ActivityThread(  853): BDC-Calling onReceive: intent=Intent { act=android.intent.action.TIME_TICK flg=0x50000014 (has extras) }, ordered=true, receiver=com.android.systemui.statusbar.policy.DateView$1@2fdc682, IIntentReceiver=9b16b05
11-16 08:16:00.151 D/ActivityThread(  853): BDC-Calling finishReceiver: IIntentReceiver=9b16b05
11-16 08:16:00.151 V/DisplayEventReceiver(  853): call nativeScheduleVsync mReceiverPtr = 547407001344
11-16 08:16:00.152 D/WifiScanningService(  742): WifiSingleScanStateMachine onFullScanResult received bucketsScanned =0fullScanResultSSID: Southpoint - Guest, BSSID: fc:ec:da:be:82:82, capabilities: [ESS], level: -81, frequency: 5745, timestamp: 791474641, distance: ?(cm), distanceSd: ?(cm), passpoint: no, ChannelBandwidth: 1, centerFreq0: 5755, centerFreq1: 0, 80211mcResponder: is not supported
11-16 08:16:00.154 V/ActivityManager(  742): BDC-Finish receiver: android.os.BinderProxy@ca0b5ea
11-16 08:16:00.156 D/WifiScanningService(  742): WifiSingleScanStateMachine onFullScanResult received bucketsScanned =0fullScanResultSSID: Southpoint - Guest, BSSID: fc:ec:da:f2:d9:f2, capabilities: [ESS], level: -89, frequency: 5745, timestamp: 791475140, distance: ?(cm), distanceSd: ?(cm), passpoint: no, ChannelBandwidth: 1, centerFreq0: 5755, centerFreq1: 0, 80211mcResponder: is not supported
11-16 08:16:00.160 D/ActivityManager(  742): BroadcastRecord{8a90309 u-1 android.intent.action.TIME_TICK}, spend: 21, android.os.BinderProxy@ca0b5ea, BroadcastFilter{1497778 u0 ReceiverList{4d6f0db 853 com.android.systemui/10017/u0 remote:ca0b5ea}}
11-16 08:16:00.163 D/BroadcastQueue(  742): BDC-Delivering broadcast: Intent { act=android.intent.action.TIME_TICK flg=0x50000014 (has extras) }, queue=foreground, ordered=true, filter=BroadcastFilter{9c453b0 u0 ReceiverList{9ef3af3 853 com.android.systemui/10017/u0 remote:691f962}}, broadcastRecord=BroadcastRecord{8a90309 u-1 android.intent.action.TIME_TICK}, receiver=android.os.BinderProxy@691f962, #10
11-16 08:16:00.163 D/WifiScanningService(  742): WifiSingleScanStateMachine onFullScanResult received bucketsScanned =0fullScanResultSSID: RUT955_3EB0, BSSID: 00:1e:42:3a:3e:b0, capabilities: [WPA2-PSK-CCMP+TKIP][ESS], level: -63, frequency: 2462, timestamp: 791474205, distance: ?(cm), distanceSd: ?(cm), passpoint: no, ChannelBandwidth: 0, centerFreq0: 0, centerFreq1: 0, 80211mcResponder: is not supported
11-16 08:16:00.167 D/WifiScanningService(  742): WifiSingleScanStateMachine onFullScanResult received bucketsScanned =0fullScanResultSSID: VPNTEST, BSSID: 5c:fc:66:5b:9d:0e, capabilities: [WPA2-PSK-CCMP][ESS], level: -88, frequency: 5500, timestamp: 791474532, distance: ?(cm), distanceSd: ?(cm), passpoint: no, ChannelBandwidth: 1, centerFreq0: 5510, centerFreq1: 0, 80211mcResponder: is not supported
11-16 08:16:00.171 D/WifiScanningService(  742): WifiSingleScanStateMachine onFullScanResult received bucketsScanned =0fullScanResultSSID: MNCPA Secondary, BSSID: 78:8a:20:d7:af:f0, capabilities: [WPA2-PSK-CCMP][ESS], level: -83, frequency: 2412, timestamp: 791475399, distance: ?(cm), distanceSd: ?(cm), passpoint: no, ChannelBandwidth: 0, centerFreq0: 0, centerFreq1: 0, 80211mcResponder: is not supported
11-16 08:16:00.174 V/ViewRootImpl[StatusBar](  853): ViewRoot performTraversals+ : mFirst = false, this = ViewRoot{e1a27df StatusBar,ident = 1}
11-16 08:16:00.175 V/ViewRootImpl[StatusBar](  853): ViewRoot performTraversals and draw- : this = ViewRoot{e1a27df StatusBar,ident = 1} frame#186 (cancelDraw = false)
11-16 08:16:00.176 D/ActivityThread(  853): BDC-Calling onReceive: intent=Intent { act=android.intent.action.TIME_TICK flg=0x50000014 (has extras) }, ordered=true, receiver=android.widget.DateTimeView$ReceiverInfo$1@d267403, IIntentReceiver=b2bfd8b
11-16 08:16:00.176 D/ActivityThread(  853): BDC-Calling finishReceiver: IIntentReceiver=b2bfd8b
11-16 08:16:00.177 V/ActivityManager(  742): BDC-Finish receiver: android.os.BinderProxy@691f962
11-16 08:16:00.177 D/WifiScanningService(  742): WifiSingleScanStateMachine onFullScanResult received bucketsScanned =0fullScanResultSSID: Fitness Center - Management, BSSID: 0e:ec:da:f1:d7:9e, capabilities: [WPA2-PSK-CCMP][ESS], level: -84, frequency: 2412, timestamp: 791475421, distance: ?(cm), distanceSd: ?(cm), passpoint: no, ChannelBandwidth: 0, centerFreq0: 0, centerFreq1: 0, 80211mcResponder: is not supported
11-16 08:16:00.181 D/WifiScanningService(  742): WifiSingleScanStateMachine onFullScanResult received bucketsScanned =0fullScanResultSSID: , BSSID: f0:5c:19:d3:4c:85, capabilities: [WPA2-EAP-CCMP][ESS], level: -85, frequency: 2412, timestamp: 791475381, distance: ?(cm), distanceSd: ?(cm), passpoint: no, ChannelBandwidth: 0, centerFreq0: 0, centerFreq1: 0, 80211mcResponder: is not supported
11-16 08:16:00.181 D/ActivityManager(  742): BroadcastRecord{8a90309 u-1 android.intent.action.TIME_TICK}, spend: 20, android.os.BinderProxy@691f962, BroadcastFilter{9c453b0 u0 ReceiverList{9ef3af3 853 com.android.systemui/10017/u0 remote:691f962}}
11-16 08:16:00.183 I/BroadcastQueue(  742): BDC-Finishing broadcast [foreground] android.intent.action.TIME_TICK app=null receiver=android.app.PendingIntent$FinishedDispatcher@22e93c
11-16 08:16:00.184 D/BroadcastQueue(  742): Ordered [foreground] BroadcastRecord{8a90309 u-1 android.intent.action.TIME_TICK}, 11 receivers, Total: 178, Waiting: 1, Processing: 177
11-16 08:16:00.185 D/WifiScanningService(  742): WifiSingleScanStateMachine onFullScanResult received bucketsScanned =0fullScanResultSSID: Southpoint-Mgmt, BSSID: fe:ec:da:f1:d7:9e, capabilities: [WPA2-PSK-CCMP][ESS], level: -86, frequency: 2412, timestamp: 791475358, distance: ?(cm), distanceSd: ?(cm), passpoint: no, ChannelBandwidth: 0, centerFreq0: 0, centerFreq1: 0, 80211mcResponder: is not supported
11-16 08:16:00.188 D/WifiScanningService(  742): WifiSingleScanStateMachine onFullScanResult received bucketsScanned =0fullScanResultSSID: SPOC135_Conference Room, BSSID: e8:65:49:47:88:b8, capabilities: [WPS][ESS], level: -83, frequency: 2412, timestamp: 791474048, distance: ?(cm), distanceSd: ?(cm), passpoint: no, ChannelBandwidth: 0, centerFreq0: 0, centerFreq1: 0, 80211mcResponder: is not supported
11-16 08:16:00.189 D/AlarmManager(  742): onSendFinished begin
11-16 08:16:00.190 D/PowerManagerNotifier(  742): onWakeLockReleased: flags=1073741825, tag="*alarm*", packageName=android, ownerUid=1000, ownerPid=742, workSource=WorkSource{1000}
11-16 08:16:00.192 D/SurfaceFlinger(  211): [SF-WD] ERROR: open /dev/RT_Monitor failed.
11-16 08:16:00.192 D/SurfaceFlinger(  211): [SF-WD] ERROR: open /dev/RT_Monitor failed.
11-16 08:16:00.193 D/WifiScanningService(  742): onScanStatus event received, event=0
11-16 08:16:00.203 D/WifiStateMachine(  742):  ConnectedState !CMD_RSSI_POLL  rt=792206/792206 4 0 "75F" d0:15:a6:87:bd:12 rssi=-51 f=5180 sc=60 link=135 tx=0.0, 0.0, 0.0  rx=11.0 bcn=0 [on:0 tx:0 rx:0 period:2997] from screen [on:0 period:689620421] gl hn rssi=-46 ag=0 hr ticks 0,0,0 ls-=0 [56,56,56,56,61] brc=0 lrc=0 offload-stopped
11-16 08:16:00.207 D/WifiScanningService(  742): singleScanResults: ClientInfo[uid=1000],Id=9,results=60
11-16 08:16:00.208 E/WifiScanningService(  742): WifiSingleScanStateMachine IdleState enter
11-16 08:16:00.213 D/WifiStateMachine(  742):  L2ConnectedState !CMD_RSSI_POLL  rt=792224/792224 4 0 "75F" d0:15:a6:87:bd:12 rssi=-51 f=5180 sc=60 link=135 tx=0.0, 0.0, 0.0  rx=11.0 bcn=0 [on:0 tx:0 rx:0 period:14] from screen [on:0 period:689620435] gl hn rssi=-46 ag=0 hr ticks 0,0,0 ls-=0 [56,56,56,56,61] brc=0 lrc=0 offload-stopped
11-16 08:16:00.214 D/WifiStateMachine(  742):  get link layer stats 0
11-16 08:16:00.215 D/WifiHW  (  742): enter -->wifi_send_command cmd=IFNAME=wlan0 SIGNAL_POLL
11-16 08:16:00.216 D/wpa_supplicant( 1038): wlan0: Control interface command 'SIGNAL_POLL'
11-16 08:16:00.219 D/WifiHW  (  742): leave --> reply=RSSI=-51
11-16 08:16:00.219 D/WifiHW  (  742): LINKSPEED=135
11-16 08:16:00.219 D/WifiHW  (  742): NOISE=9999
11-16 08:16:00.219 D/WifiHW  (  742): FREQUENCY=5180
11-16 08:16:00.219 D/WifiHW  (  742): 
11-16 08:16:00.220 D/WifiStateMachine(  742): fetchRssiLinkSpeedAndFrequencyNative rssi=-51 linkspeed=135 freq=5180
11-16 08:16:00.221 D/WifiStateMachine(  742): mLastSignalLevel:4, newSignalLevel:4
11-16 08:16:00.221 D/WifiConfigManager(  742): updateConfiguration freq=5180 BSSID=d0:15:a6:87:bd:12 RSSI=-51 "75F"WPA_PSK
11-16 08:16:00.227 D/WifiStateMachine(  742): calculateWifiScore freq=5180 speed=135 score=60 highRSSI  -> txbadrate=0.00 txgoodrate=0.00 txretriesrate=0.00 rxrate=8.52 userTriggerdPenalty0
11-16 08:16:00.228 D/WifiStateMachine(  742):  good link -> stuck count =0
11-16 08:16:00.231 D/WifiStateMachine(  742):  badRSSI count0 lowRSSI count0 --> score 56
11-16 08:16:00.231 D/WifiStateMachine(  742):  isHighRSSI       ---> score=61
11-16 08:16:00.234 V/ActivityManager(  742): Broadcast sticky: Intent { act=android.net.wifi.RSSI_CHANGED flg=0x4000010 (has extras) } ordered=false userid=-1 callerApp=ProcessRecord{b0897a0 742:system/1000}
11-16 08:16:00.236 D/AMEventHook(  742): onEvent: AM_BeforeSendBroadcast
11-16 08:16:00.237 V/BroadcastQueue(  742): BDC-Processing parallel broadcast [background] BroadcastRecord{5bae270 u-1 android.net.wifi.RSSI_CHANGED}, 1 receivers
11-16 08:16:00.238 D/BroadcastQueue(  742): BDC-Delivering broadcast: Intent { act=android.net.wifi.RSSI_CHANGED flg=0x4000010 (has extras) }, queue=background, ordered=false, filter=BroadcastFilter{2184993 u0 ReceiverList{d19e82 853 com.android.systemui/10017/u0 remote:39e85cd}}, broadcastRecord=BroadcastRecord{5bae270 u-1 android.net.wifi.RSSI_CHANGED}, receiver=null, #0
11-16 08:16:00.239 D/BroadcastQueue(  742): Non-ordered [background] BroadcastRecord{5bae270 u-1 android.net.wifi.RSSI_CHANGED}, 1 receivers, Total: 3, Waiting: 0, Processing: 3
11-16 08:16:00.240 D/ActivityThread(  853): BDC-Calling onReceive: intent=Intent { act=android.net.wifi.RSSI_CHANGED flg=0x4000010 (has extras) }, ordered=false, receiver=com.android.systemui.statusbar.policy.NetworkControllerImpl@d18c0d8, IIntentReceiver=2a54a6d
11-16 08:16:00.303 W/WifiMode(  742): NVRAM WARNING: Err = 0x10, Invalid SupportedRates!!!
11-16 08:16:00.324 D/WifiConnectivityManager(  742): SingleScanListener onResults: [Landroid.net.wifi.WifiScanner$ScanData;@430b9e9
11-16 08:16:00.327 D/WifiConnectivityManager(  742): SingleScanListener onResults: start QNS
11-16 08:16:00.327 D/WifiStateMachine(  742): Supplicant is under steady state: COMPLETED
11-16 08:16:00.330 D/WifiQualifiedNetworkSelector:(  742): ==========start qualified Network Selection==========
11-16 08:16:00.365 D/WifiQualifiedNetworkSelector:(  742): 75F:d0:15:a6:87:bd:12 / 75F:d0:15:a6:87:ee:92 / 75F:d0:15:a6:88:1a:e2 / 75F:d0:15:a6:87:bd:02 / 75F:d0:15:a6:87:e3:32 / 75F:d0:15:a6:88:1a:f2 / 75F:d0:15:a6:87:e3:22 / 75F_Guest:d0:15:a6:87:bd:13 / :d0:15:a6:87:bd:10 / 75Ftestcart:08:b4:b1:ac:f4:bb / :d0:15:a6:88:1a:f0 / 75F_Guest:d0:15:a6:88:1a:f3 / 75F BUILDING AUTOMATION:74:ac:b9:3d:50:e9 / 75Ftestcart:08:b4:b1:be:23:45 / 75F_Guest:d0:15:a6:87:bd:03 / 75F_Guest:d0:15:a6:88:1a:e3 / 75Ftestcart:08:b4:b1:ac:f4:bf / 75Ftestcart:08:b4:b1:be:23:49 / 75F BUILDING AUTOMATION:74:ac:b9:3d:50:e8 / 75F_Guest:d0:15:a6:87:ee:93 / :d0:15:a6:87:ee:90 / 75F_Guest:d0:15:a6:87:ee:83 / Southpoint-Mgmt:fe:ec:da:bd:82:a2 / 75F_Guest:d0:15:a6:87:e3:23 / Fitness Center - Management:0e:ec:da:bd:82:a2 / 75F_Guest:d0:15:a6:87:e3:33 / :d0:15:a6:87:e3:30 / :1e:ec:da:be:82:a2 / Southpoint-Mgmt:fe:ec:da:be:82:a2 / Fitness Center - Management:0e:ec:da:be:82:a2 / Fitness Center - Management:0e:ec:da:bd:82:82 / XFINITY:54:b2:03:23:e3:d8 / Fitness Center - Management:0e:ec:da:be:82:82 / Southpoint-Mgmt:fe:ec:da:be:82:82 / Metro Wireless Internal:f0:5c:19:f4:0d:b0 / :1e:ec:da:be:82:82 / Control_5G-2:f0:2f:74:fa:96:f8 / Metro Wireless Guest:f0:5c:19:f4:0d:b1 / Broadcast:f0:2f:74:fa:96:f4 / Metro Wireless Internal:f0:5c:19:f4:0d:a0 / Metro Wireless Guest:f0:5c:19:f4:0d:a1 / Fitness Center - Management:0e:ec:da:f2:d9:f2 / :1e:ec:da:f2:d9:f2 / :1e:ec:da:f1:d9:f2 / Southpoint-Mgmt:fe:ec:da:f2:d9:f2 / Verizon-MiFi8800L-D4B4:28:80:a2:6a:d4:b5 / NVRAM WARNING: Err = 0x10:00:00:00:00:00:00 / Southpoint - Guest:fc:ec:da:bd:82:a2 / Southpoint - Guest:fc:ec:da:be:82:a2 / xfinitywifi:5a:b2:03:23:e3:d8 / 75F Matt Floater :00:1a:dd:77:ac:24 / Southpoint - Guest:fc:ec:da:be:82:82 / Southpoint - Guest:fc:ec:da:f2:d9:f2 / RUT955_3EB0:00:1e:42:3a:3e:b0 / VPNTEST:5c:fc:66:5b:9d:0e / MNCPA Secondary:78:8a:20:d7:af:f0 / Fitness Center - Management:0e:ec:da:f1:d7:9e / :f0:5c:19:d3:4c:85 / Southpoint-Mgmt:fe:ec:da:f1:d7:9e / SPOC135_Conference Room:e8:65:49:47:88:b8 /  dump for scanDetails at begin of selectQualifiedNetwork()
11-16 08:16:00.368 D/WifiQualifiedNetworkSelector:(  742): Current network is: "75F" ,ID is: 0
11-16 08:16:00.371 D/WifiQualifiedNetworkSelector:(  742): Quit qualified Network Selection since it is not forced and current network is qualified already
11-16 08:16:00.371 D/WifiScanner(  742): removing listener for single scan
11-16 08:16:01.143 I/wmt_launcher(  203): fw log ctrl flag has been set
11-16 08:16:01.143 I/wmt_launcher(  203): fw dynamic ctrl flag has been set
11-16 08:16:01.193 D/SurfaceFlinger(  211): [SF-WD] ERROR: open /dev/RT_Monitor failed.
11-16 08:16:02.193 D/SurfaceFlinger(  211): [SF-WD] ERROR: open /dev/RT_Monitor failed.
11-16 08:16:02.961 D/NetworkController.WifiSignalController(  853): Change in state from: connected=true,enabled=true,level=4,inetCondition=1,iconGroup=IconGroup(Wi-Fi Icons),activityIn=true,activityOut=false,rssi=-51,lastModified=11-16 08:15:59,ssid="75F"
11-16 08:16:02.961 D/NetworkController.WifiSignalController(  853): 	to: connected=true,enabled=true,level=4,inetCondition=1,iconGroup=IconGroup(Wi-Fi Icons),activityIn=false,activityOut=false,rssi=-51,lastModified=11-16 08:15:59,ssid="75F"
11-16 08:16:02.962 V/DisplayEventReceiver(  853): call nativeScheduleVsync mReceiverPtr = 547407001344
11-16 08:16:02.971 V/ViewRootImpl[StatusBar](  853): ViewRoot performTraversals+ : mFirst = false, this = ViewRoot{e1a27df StatusBar,ident = 1}
11-16 08:16:02.972 V/ViewRootImpl[StatusBar](  853): ViewRoot performTraversals and draw- : this = ViewRoot{e1a27df StatusBar,ident = 1} frame#187 (cancelDraw = false)
11-16 08:16:02.974 I/BufferQueueProducer(  211): [StatusBar](this:0x70c0d44800,id:10,api:1,p:853,c:211) queueBuffer: fps=1.38 dur=2889.46 max=2795.75 min=20.27
11-16 08:16:03.006 I/DisplayDevice(  211): [Built-in Screen (type:0)] fps:1.375023,dur:2909.04,max:2815.00,min:18.18
11-16 08:16:03.145 I/wmt_launcher(  203): fw log ctrl flag has been set
11-16 08:16:03.146 I/wmt_launcher(  203): fw dynamic ctrl flag has been set
11-16 08:16:03.194 D/SurfaceFlinger(  211): [SF-WD] ERROR: open /dev/RT_Monitor failed.
11-16 08:16:03.194 D/SurfaceFlinger(  211): [SF-WD] ERROR: open /dev/RT_Monitor failed.
11-16 08:16:03.253 D/WifiStateMachine(  742):  ConnectedState !CMD_RSSI_POLL  rt=795258/795258 4 0 "75F" d0:15:a6:87:bd:12 rssi=-51 f=5180 sc=60 link=135 tx=0.0, 0.0, 0.0  rx=8.5 bcn=0 [on:0 tx:0 rx:0 period:3005] from screen [on:0 period:689623472] gl hn rssi=-46 ag=0 hr ticks 0,0,0 ls-=0 [56,56,56,56,61] brc=0 lrc=0 offload-stopped
11-16 08:16:03.270 D/WifiStateMachine(  742):  L2ConnectedState !CMD_RSSI_POLL  rt=795274/795274 4 0 "75F" d0:15:a6:87:bd:12 rssi=-51 f=5180 sc=60 link=135 tx=0.0, 0.0, 0.0  rx=8.5 bcn=0 [on:0 tx:0 rx:0 period:17] from screen [on:0 period:689623489] gl hn rssi=-46 ag=0 hr ticks 0,0,0 ls-=0 [56,56,56,56,61] brc=0 lrc=0 offload-stopped
11-16 08:16:03.270 D/WifiStateMachine(  742):  get link layer stats 0
11-16 08:16:03.272 D/WifiHW  (  742): enter -->wifi_send_command cmd=IFNAME=wlan0 SIGNAL_POLL
11-16 08:16:03.272 D/wpa_supplicant( 1038): wlan0: Control interface command 'SIGNAL_POLL'
11-16 08:16:03.294 D/WifiHW  (  742): leave --> reply=RSSI=-52
11-16 08:16:03.294 D/WifiHW  (  742): LINKSPEED=135
11-16 08:16:03.294 D/WifiHW  (  742): NOISE=9999
11-16 08:16:03.294 D/WifiHW  (  742): FREQUENCY=5180
11-16 08:16:03.294 D/WifiHW  (  742): 
11-16 08:16:03.295 D/WifiStateMachine(  742): fetchRssiLinkSpeedAndFrequencyNative rssi=-52 linkspeed=135 freq=5180
11-16 08:16:03.295 D/WifiStateMachine(  742): mLastSignalLevel:4, newSignalLevel:4
11-16 08:16:03.296 D/WifiConfigManager(  742): updateConfiguration freq=5180 BSSID=d0:15:a6:87:bd:12 RSSI=-51 "75F"WPA_PSK
11-16 08:16:03.300 D/WifiStateMachine(  742): calculateWifiScore freq=5180 speed=135 score=60 highRSSI  -> txbadrate=0.00 txgoodrate=0.00 txretriesrate=0.00 rxrate=6.26 userTriggerdPenalty0
11-16 08:16:03.301 D/WifiStateMachine(  742):  good link -> stuck count =0
11-16 08:16:03.303 D/WifiStateMachine(  742):  badRSSI count0 lowRSSI count0 --> score 56
11-16 08:16:03.303 D/WifiStateMachine(  742):  isHighRSSI       ---> score=61
11-16 08:16:03.306 V/ActivityManager(  742): Broadcast sticky: Intent { act=android.net.wifi.RSSI_CHANGED flg=0x4000010 (has extras) } ordered=false userid=-1 callerApp=ProcessRecord{b0897a0 742:system/1000}
11-16 08:16:03.307 D/AMEventHook(  742): onEvent: AM_BeforeSendBroadcast
11-16 08:16:03.308 V/BroadcastQueue(  742): BDC-Processing parallel broadcast [background] BroadcastRecord{49a566e u-1 android.net.wifi.RSSI_CHANGED}, 1 receivers
11-16 08:16:03.310 D/BroadcastQueue(  742): BDC-Delivering broadcast: Intent { act=android.net.wifi.RSSI_CHANGED flg=0x4000010 (has extras) }, queue=background, ordered=false, filter=BroadcastFilter{2184993 u0 ReceiverList{d19e82 853 com.android.systemui/10017/u0 remote:39e85cd}}, broadcastRecord=BroadcastRecord{49a566e u-1 android.net.wifi.RSSI_CHANGED}, receiver=null, #0
11-16 08:16:03.311 D/BroadcastQueue(  742): Non-ordered [background] BroadcastRecord{49a566e u-1 android.net.wifi.RSSI_CHANGED}, 1 receivers, Total: 3, Waiting: 1, Processing: 2
11-16 08:16:03.311 D/ActivityThread(  853): BDC-Calling onReceive: intent=Intent { act=android.net.wifi.RSSI_CHANGED flg=0x4000010 (has extras) }, ordered=false, receiver=com.android.systemui.statusbar.policy.NetworkControllerImpl@d18c0d8, IIntentReceiver=2a54a6d
11-16 08:16:03.315 D/NetworkController.WifiSignalController(  853): Change in state from: connected=true,enabled=true,level=4,inetCondition=1,iconGroup=IconGroup(Wi-Fi Icons),activityIn=false,activityOut=false,rssi=-51,lastModified=11-16 08:16:02,ssid="75F"
11-16 08:16:03.315 D/NetworkController.WifiSignalController(  853): 	to: connected=true,enabled=true,level=4,inetCondition=1,iconGroup=IconGroup(Wi-Fi Icons),activityIn=false,activityOut=false,rssi=-52,lastModified=11-16 08:16:02,ssid="75F"
11-16 08:16:03.963 D/NetworkController.WifiSignalController(  853): Change in state from: connected=true,enabled=true,level=4,inetCondition=1,iconGroup=IconGroup(Wi-Fi Icons),activityIn=false,activityOut=false,rssi=-52,lastModified=11-16 08:16:03,ssid="75F"
11-16 08:16:03.963 D/NetworkController.WifiSignalController(  853): 	to: connected=true,enabled=true,level=4,inetCondition=1,iconGroup=IconGroup(Wi-Fi Icons),activityIn=true,activityOut=false,rssi=-52,lastModified=11-16 08:16:03,ssid="75F"
11-16 08:16:03.964 V/DisplayEventReceiver(  853): call nativeScheduleVsync mReceiverPtr = 547407001344
11-16 08:16:03.983 V/ViewRootImpl[StatusBar](  853): ViewRoot performTraversals+ : mFirst = false, this = ViewRoot{e1a27df StatusBar,ident = 1}
11-16 08:16:03.993 I/BufferQueueProducer(  211): [StatusBar](this:0x70c0d44800,id:10,api:1,p:853,c:211) queueBuffer: fps=0.98 dur=1019.25 max=1019.25 min=1019.25
11-16 08:16:04.001 V/ViewRootImpl[StatusBar](  853): ViewRoot performTraversals and draw- : this = ViewRoot{e1a27df StatusBar,ident = 1} frame#188 (cancelDraw = false)
11-16 08:16:04.014 I/DisplayDevice(  211): [Built-in Screen (type:0)] fps:0.992299,dur:1007.76,max:1007.76,min:1007.76
11-16 08:16:04.194 D/SurfaceFlinger(  211): [SF-WD] ERROR: open /dev/RT_Monitor failed.
11-16 08:16:04.194 D/SurfaceFlinger(  211): [SF-WD] ERROR: open /dev/RT_Monitor failed.
11-16 08:16:04.966 D/NetworkController.WifiSignalController(  853): Change in state from: connected=true,enabled=true,level=4,inetCondition=1,iconGroup=IconGroup(Wi-Fi Icons),activityIn=true,activityOut=false,rssi=-52,lastModified=11-16 08:16:03,ssid="75F"
11-16 08:16:04.966 D/NetworkController.WifiSignalController(  853): 	to: connected=true,enabled=true,level=4,inetCondition=1,iconGroup=IconGroup(Wi-Fi Icons),activityIn=false,activityOut=false,rssi=-52,lastModified=11-16 08:16:03,ssid="75F"
11-16 08:16:04.966 V/DisplayEventReceiver(  853): call nativeScheduleVsync mReceiverPtr = 547407001344
11-16 08:16:04.989 V/ViewRootImpl[StatusBar](  853): ViewRoot performTraversals+ : mFirst = false, this = ViewRoot{e1a27df StatusBar,ident = 1}
11-16 08:16:04.995 I/BufferQueueProducer(  211): [StatusBar](this:0x70c0d44800,id:10,api:1,p:853,c:211) queueBuffer: fps=1.00 dur=1001.91 max=1001.91 min=1001.91
11-16 08:16:05.000 V/ViewRootImpl[StatusBar](  853): ViewRoot performTraversals and draw- : this = ViewRoot{e1a27df StatusBar,ident = 1} frame#189 (cancelDraw = false)
11-16 08:16:05.148 I/wmt_launcher(  203): fw log ctrl flag has been set
11-16 08:16:05.148 I/wmt_launcher(  203): fw dynamic ctrl flag has been set
11-16 08:16:05.195 D/SurfaceFlinger(  211): [SF-WD] ERROR: open /dev/RT_Monitor failed.
11-16 08:16:05.195 D/SurfaceFlinger(  211): [SF-WD] ERROR: open /dev/RT_Monitor failed.
11-16 08:16:05.971 D/NetworkController.WifiSignalController(  853): Change in state from: connected=true,enabled=true,level=4,inetCondition=1,iconGroup=IconGroup(Wi-Fi Icons),activityIn=false,activityOut=false,rssi=-52,lastModified=11-16 08:16:04,ssid="75F"
11-16 08:16:05.971 D/NetworkController.WifiSignalController(  853): 	to: connected=true,enabled=true,level=4,inetCondition=1,iconGroup=IconGroup(Wi-Fi Icons),activityIn=true,activityOut=false,rssi=-52,lastModified=11-16 08:16:04,ssid="75F"
11-16 08:16:05.971 V/DisplayEventReceiver(  853): call nativeScheduleVsync mReceiverPtr = 547407001344
11-16 08:16:05.980 V/ViewRootImpl[StatusBar](  853): ViewRoot performTraversals+ : mFirst = false, this = ViewRoot{e1a27df StatusBar,ident = 1}
11-16 08:16:05.981 V/ViewRootImpl[StatusBar](  853): ViewRoot performTraversals and draw- : this = ViewRoot{e1a27df StatusBar,ident = 1} frame#190 (cancelDraw = false)
11-16 08:16:06.001 I/DisplayDevice(  211): [Built-in Screen (type:0)] fps:1.006667,dur:1986.75,max:998.33,min:988.42
11-16 08:16:06.195 D/SurfaceFlinger(  211): [SF-WD] ERROR: open /dev/RT_Monitor failed.
11-16 08:16:06.196 D/SurfaceFlinger(  211): [SF-WD] ERROR: open /dev/RT_Monitor failed.
11-16 08:16:06.325 D/WifiStateMachine(  742):  ConnectedState !CMD_RSSI_POLL  rt=798330/798330 4 0 "75F" d0:15:a6:87:bd:12 rssi=-52 f=5180 sc=60 link=135 tx=0.0, 0.0, 0.0  rx=6.3 bcn=0 [on:0 tx:0 rx:0 period:3006] from screen [on:0 period:689626544] gl hn rssi=-47 ag=0 hr ticks 0,0,0 ls-=0 [56,56,56,56,61] brc=0 lrc=0 offload-stopped
11-16 08:16:06.341 D/WifiStateMachine(  742):  L2ConnectedState !CMD_RSSI_POLL  rt=798347/798347 4 0 "75F" d0:15:a6:87:bd:12 rssi=-52 f=5180 sc=60 link=135 tx=0.0, 0.0, 0.0  rx=6.3 bcn=0 [on:0 tx:0 rx:0 period:17] from screen [on:0 period:689626561] gl hn rssi=-47 ag=0 hr ticks 0,0,0 ls-=0 [56,56,56,56,61] brc=0 lrc=0 offload-stopped
11-16 08:16:06.341 D/WifiStateMachine(  742):  get link layer stats 0
11-16 08:16:06.343 D/WifiHW  (  742): enter -->wifi_send_command cmd=IFNAME=wlan0 SIGNAL_POLL
11-16 08:16:06.343 D/wpa_supplicant( 1038): wlan0: Control interface command 'SIGNAL_POLL'
11-16 08:16:06.361 D/WifiHW  (  742): leave --> reply=RSSI=-52
11-16 08:16:06.361 D/WifiHW  (  742): LINKSPEED=135
11-16 08:16:06.361 D/WifiHW  (  742): NOISE=9999
11-16 08:16:06.361 D/WifiHW  (  742): FREQUENCY=5180
11-16 08:16:06.361 D/WifiHW  (  742): 
11-16 08:16:06.362 D/WifiStateMachine(  742): fetchRssiLinkSpeedAndFrequencyNative rssi=-52 linkspeed=135 freq=5180
11-16 08:16:06.362 D/WifiStateMachine(  742): mLastSignalLevel:4, newSignalLevel:4
11-16 08:16:06.363 D/WifiConfigManager(  742): updateConfiguration freq=5180 BSSID=d0:15:a6:87:bd:12 RSSI=-51 "75F"WPA_PSK
11-16 08:16:06.367 D/WifiStateMachine(  742): calculateWifiScore freq=5180 speed=135 score=60 highRSSI  -> txbadrate=0.00 txgoodrate=0.00 txretriesrate=0.00 rxrate=5.63 userTriggerdPenalty0
11-16 08:16:06.368 D/WifiStateMachine(  742):  good link -> stuck count =0
11-16 08:16:06.370 D/WifiStateMachine(  742):  badRSSI count0 lowRSSI count0 --> score 56
11-16 08:16:06.370 D/WifiStateMachine(  742):  isHighRSSI       ---> score=61
11-16 08:16:06.373 V/ActivityManager(  742): Broadcast sticky: Intent { act=android.net.wifi.RSSI_CHANGED flg=0x4000010 (has extras) } ordered=false userid=-1 callerApp=ProcessRecord{b0897a0 742:system/1000}
11-16 08:16:06.374 D/AMEventHook(  742): onEvent: AM_BeforeSendBroadcast
11-16 08:16:06.375 V/BroadcastQueue(  742): BDC-Processing parallel broadcast [background] BroadcastRecord{320810f u-1 android.net.wifi.RSSI_CHANGED}, 1 receivers
11-16 08:16:06.376 D/BroadcastQueue(  742): BDC-Delivering broadcast: Intent { act=android.net.wifi.RSSI_CHANGED flg=0x4000010 (has extras) }, queue=background, ordered=false, filter=BroadcastFilter{2184993 u0 ReceiverList{d19e82 853 com.android.systemui/10017/u0 remote:39e85cd}}, broadcastRecord=BroadcastRecord{320810f u-1 android.net.wifi.RSSI_CHANGED}, receiver=null, #0
11-16 08:16:06.377 D/BroadcastQueue(  742): Non-ordered [background] BroadcastRecord{320810f u-1 android.net.wifi.RSSI_CHANGED}, 1 receivers, Total: 3, Waiting: 1, Processing: 2
11-16 08:16:06.379 D/ActivityThread(  853): BDC-Calling onReceive: intent=Intent { act=android.net.wifi.RSSI_CHANGED flg=0x4000010 (has extras) }, ordered=false, receiver=com.android.systemui.statusbar.policy.NetworkControllerImpl@d18c0d8, IIntentReceiver=2a54a6d
11-16 08:16:07.150 I/wmt_launcher(  203): fw log ctrl flag has been set
11-16 08:16:07.150 I/wmt_launcher(  203): fw dynamic ctrl flag has been set
11-16 08:16:07.196 D/SurfaceFlinger(  211): [SF-WD] ERROR: open /dev/RT_Monitor failed.
11-16 08:16:08.196 D/SurfaceFlinger(  211): [SF-WD] ERROR: open /dev/RT_Monitor failed.
11-16 08:16:09.152 I/wmt_launcher(  203): fw log ctrl flag has been set
11-16 08:16:09.152 I/wmt_launcher(  203): fw dynamic ctrl flag has been set
11-16 08:16:09.197 D/SurfaceFlinger(  211): [SF-WD] ERROR: open /dev/RT_Monitor failed.
11-16 08:16:09.383 D/WifiStateMachine(  742):  ConnectedState !CMD_RSSI_POLL  rt=801395/801395 4 0 "75F" d0:15:a6:87:bd:12 rssi=-52 f=5180 sc=60 link=135 tx=0.0, 0.0, 0.0  rx=5.6 bcn=0 [on:0 tx:0 rx:0 period:2999] from screen [on:0 period:689629604] gl hn rssi=-47 ag=0 hr ticks 0,0,0 ls-=0 [56,56,56,56,61] brc=0 lrc=0 offload-stopped
11-16 08:16:09.393 D/WifiStateMachine(  742):  L2ConnectedState !CMD_RSSI_POLL  rt=801404/801404 4 0 "75F" d0:15:a6:87:bd:12 rssi=-52 f=5180 sc=60 link=135 tx=0.0, 0.0, 0.0  rx=5.6 bcn=0 [on:0 tx:0 rx:0 period:8] from screen [on:0 period:689629612] gl hn rssi=-47 ag=0 hr ticks 0,0,0 ls-=0 [56,56,56,56,61] brc=0 lrc=0 offload-stopped
11-16 08:16:09.393 D/WifiStateMachine(  742):  get link layer stats 0
11-16 08:16:09.394 D/WifiHW  (  742): enter -->wifi_send_command cmd=IFNAME=wlan0 SIGNAL_POLL
11-16 08:16:09.395 D/wpa_supplicant( 1038): wlan0: Control interface command 'SIGNAL_POLL'
11-16 08:16:09.414 D/WifiHW  (  742): leave --> reply=RSSI=-52
11-16 08:16:09.414 D/WifiHW  (  742): LINKSPEED=135
11-16 08:16:09.414 D/WifiHW  (  742): NOISE=9999
11-16 08:16:09.414 D/WifiHW  (  742): FREQUENCY=5180
11-16 08:16:09.414 D/WifiHW  (  742): 
11-16 08:16:09.416 D/WifiStateMachine(  742): fetchRssiLinkSpeedAndFrequencyNative rssi=-52 linkspeed=135 freq=5180
11-16 08:16:09.419 D/WifiStateMachine(  742): mLastSignalLevel:4, newSignalLevel:4
11-16 08:16:09.426 D/WifiConfigManager(  742): updateConfiguration freq=5180 BSSID=d0:15:a6:87:bd:12 RSSI=-51 "75F"WPA_PSK
11-16 08:16:09.436 D/WifiStateMachine(  742): calculateWifiScore freq=5180 speed=135 score=60 highRSSI  -> txbadrate=0.00 txgoodrate=0.00 txretriesrate=0.00 rxrate=6.32 userTriggerdPenalty0
11-16 08:16:09.437 D/WifiStateMachine(  742):  good link -> stuck count =0
11-16 08:16:09.439 D/WifiStateMachine(  742):  badRSSI count0 lowRSSI count0 --> score 56
11-16 08:16:09.441 D/WifiStateMachine(  742):  isHighRSSI       ---> score=61
11-16 08:16:09.447 V/ActivityManager(  742): Broadcast sticky: Intent { act=android.net.wifi.RSSI_CHANGED flg=0x4000010 (has extras) } ordered=false userid=-1 callerApp=ProcessRecord{b0897a0 742:system/1000}
11-16 08:16:09.448 D/AMEventHook(  742): onEvent: AM_BeforeSendBroadcast
11-16 08:16:09.450 V/BroadcastQueue(  742): BDC-Processing parallel broadcast [background] BroadcastRecord{cc3b59c u-1 android.net.wifi.RSSI_CHANGED}, 1 receivers
11-16 08:16:09.452 D/BroadcastQueue(  742): BDC-Delivering broadcast: Intent { act=android.net.wifi.RSSI_CHANGED flg=0x4000010 (has extras) }, queue=background, ordered=false, filter=BroadcastFilter{2184993 u0 ReceiverList{d19e82 853 com.android.systemui/10017/u0 remote:39e85cd}}, broadcastRecord=BroadcastRecord{cc3b59c u-1 android.net.wifi.RSSI_CHANGED}, receiver=null, #0
11-16 08:16:09.453 D/BroadcastQueue(  742): Non-ordered [background] BroadcastRecord{cc3b59c u-1 android.net.wifi.RSSI_CHANGED}, 1 receivers, Total: 4, Waiting: 2, Processing: 2
11-16 08:16:09.454 D/ActivityThread(  853): BDC-Calling onReceive: intent=Intent { act=android.net.wifi.RSSI_CHANGED flg=0x4000010 (has extras) }, ordered=false, receiver=com.android.systemui.statusbar.policy.NetworkControllerImpl@d18c0d8, IIntentReceiver=2a54a6d
11-16 08:16:10.197 D/SurfaceFlinger(  211): [SF-WD] ERROR: open /dev/RT_Monitor failed.
11-16 08:16:11.154 I/wmt_launcher(  203): fw log ctrl flag has been set
11-16 08:16:11.154 I/wmt_launcher(  203): fw dynamic ctrl flag has been set
11-16 08:16:11.198 D/SurfaceFlinger(  211): [SF-WD] ERROR: open /dev/RT_Monitor failed.
11-16 08:16:12.198 D/SurfaceFlinger(  211): [SF-WD] ERROR: open /dev/RT_Monitor failed.
11-16 08:16:12.467 D/WifiStateMachine(  742):  ConnectedState !CMD_RSSI_POLL  rt=804469/804470 4 0 "75F" d0:15:a6:87:bd:12 rssi=-52 f=5180 sc=60 link=135 tx=0.0, 0.0, 0.0  rx=6.3 bcn=0 [on:0 tx:0 rx:0 period:2996] from screen [on:0 period:689632684] gl hn rssi=-47 ag=0 hr ticks 0,0,0 ls-=0 [56,56,56,56,61] brc=0 lrc=0 offload-stopped
11-16 08:16:12.480 D/WifiStateMachine(  742):  L2ConnectedState !CMD_RSSI_POLL  rt=804488/804488 4 0 "75F" d0:15:a6:87:bd:12 rssi=-52 f=5180 sc=60 link=135 tx=0.0, 0.0, 0.0  rx=6.3 bcn=0 [on:0 tx:0 rx:0 period:17] from screen [on:0 period:689632701] gl hn rssi=-47 ag=0 hr ticks 0,0,0 ls-=0 [56,56,56,56,61] brc=0 lrc=0 offload-stopped
11-16 08:16:12.480 D/WifiStateMachine(  742):  get link layer stats 0
11-16 08:16:12.481 D/WifiHW  (  742): enter -->wifi_send_command cmd=IFNAME=wlan0 SIGNAL_POLL
11-16 08:16:12.481 D/wpa_supplicant( 1038): wlan0: Control interface command 'SIGNAL_POLL'
11-16 08:16:12.501 D/WifiHW  (  742): leave --> reply=RSSI=-52
11-16 08:16:12.501 D/WifiHW  (  742): LINKSPEED=135
11-16 08:16:12.501 D/WifiHW  (  742): NOISE=9999
11-16 08:16:12.501 D/WifiHW  (  742): FREQUENCY=5180
11-16 08:16:12.501 D/WifiHW  (  742): 
11-16 08:16:12.502 D/WifiStateMachine(  742): fetchRssiLinkSpeedAndFrequencyNative rssi=-52 linkspeed=135 freq=5180
11-16 08:16:12.502 D/WifiStateMachine(  742): mLastSignalLevel:4, newSignalLevel:4
11-16 08:16:12.503 D/WifiConfigManager(  742): updateConfiguration freq=5180 BSSID=d0:15:a6:87:bd:12 RSSI=-51 "75F"WPA_PSK
11-16 08:16:12.507 D/WifiStateMachine(  742): calculateWifiScore freq=5180 speed=135 score=60 highRSSI  -> txbadrate=0.00 txgoodrate=0.00 txretriesrate=0.00 rxrate=6.66 userTriggerdPenalty0
11-16 08:16:12.507 D/WifiStateMachine(  742):  good link -> stuck count =0
11-16 08:16:12.513 D/WifiStateMachine(  742):  badRSSI count0 lowRSSI count0 --> score 56
11-16 08:16:12.514 D/WifiStateMachine(  742):  isHighRSSI       ---> score=61
11-16 08:16:12.519 V/ActivityManager(  742): Broadcast sticky: Intent { act=android.net.wifi.RSSI_CHANGED flg=0x4000010 (has extras) } ordered=false userid=-1 callerApp=ProcessRecord{b0897a0 742:system/1000}
11-16 08:16:12.522 D/AMEventHook(  742): onEvent: AM_BeforeSendBroadcast
11-16 08:16:12.528 V/BroadcastQueue(  742): BDC-Processing parallel broadcast [background] BroadcastRecord{3520ba5 u-1 android.net.wifi.RSSI_CHANGED}, 1 receivers
11-16 08:16:12.531 D/BroadcastQueue(  742): BDC-Delivering broadcast: Intent { act=android.net.wifi.RSSI_CHANGED flg=0x4000010 (has extras) }, queue=background, ordered=false, filter=BroadcastFilter{2184993 u0 ReceiverList{d19e82 853 com.android.systemui/10017/u0 remote:39e85cd}}, broadcastRecord=BroadcastRecord{3520ba5 u-1 android.net.wifi.RSSI_CHANGED}, receiver=null, #0
11-16 08:16:12.532 D/BroadcastQueue(  742): Non-ordered [background] BroadcastRecord{3520ba5 u-1 android.net.wifi.RSSI_CHANGED}, 1 receivers, Total: 9, Waiting: 5, Processing: 4
11-16 08:16:12.533 D/ActivityThread(  853): BDC-Calling onReceive: intent=Intent { act=android.net.wifi.RSSI_CHANGED flg=0x4000010 (has extras) }, ordered=false, receiver=com.android.systemui.statusbar.policy.NetworkControllerImpl@d18c0d8, IIntentReceiver=2a54a6d
11-16 08:16:13.156 I/wmt_launcher(  203): fw log ctrl flag has been set
11-16 08:16:13.156 I/wmt_launcher(  203): fw dynamic ctrl flag has been set
11-16 08:16:13.198 D/SurfaceFlinger(  211): [SF-WD] ERROR: open /dev/RT_Monitor failed.
11-16 08:16:14.199 D/SurfaceFlinger(  211): [SF-WD] ERROR: open /dev/RT_Monitor failed.
11-16 08:16:15.159 I/wmt_launcher(  203): fw log ctrl flag has been set
11-16 08:16:15.159 I/wmt_launcher(  203): fw dynamic ctrl flag has been set
11-16 08:16:15.199 D/SurfaceFlinger(  211): [SF-WD] ERROR: open /dev/RT_Monitor failed.
11-16 08:16:15.538 D/WifiStateMachine(  742):  ConnectedState !CMD_RSSI_POLL  rt=807540/807540 4 0 "75F" d0:15:a6:87:bd:12 rssi=-52 f=5180 sc=60 link=135 tx=0.0, 0.0, 0.0  rx=6.7 bcn=0 [on:0 tx:0 rx:0 period:2990] from screen [on:0 period:689635757] gl hn rssi=-47 ag=0 hr ticks 0,0,0 ls-=0 [56,56,56,56,61] brc=0 lrc=0 offload-stopped
11-16 08:16:15.559 D/WifiStateMachine(  742):  L2ConnectedState !CMD_RSSI_POLL  rt=807559/807559 4 0 "75F" d0:15:a6:87:bd:12 rssi=-52 f=5180 sc=60 link=135 tx=0.0, 0.0, 0.0  rx=6.7 bcn=0 [on:0 tx:0 rx:0 period:24] from screen [on:0 period:689635781] gl hn rssi=-47 ag=0 hr ticks 0,0,0 ls-=0 [56,56,56,56,61] brc=0 lrc=0 offload-stopped
11-16 08:16:15.559 D/WifiStateMachine(  742):  get link layer stats 0
11-16 08:16:15.563 D/WifiHW  (  742): enter -->wifi_send_command cmd=IFNAME=wlan0 SIGNAL_POLL
11-16 08:16:15.564 D/wpa_supplicant( 1038): wlan0: Control interface command 'SIGNAL_POLL'
11-16 08:16:15.584 D/WifiHW  (  742): leave --> reply=RSSI=-52
11-16 08:16:15.584 D/WifiHW  (  742): LINKSPEED=135
11-16 08:16:15.584 D/WifiHW  (  742): NOISE=9999
11-16 08:16:15.584 D/WifiHW  (  742): FREQUENCY=5180
11-16 08:16:15.584 D/WifiHW  (  742): 
11-16 08:16:15.585 D/WifiStateMachine(  742): fetchRssiLinkSpeedAndFrequencyNative rssi=-52 linkspeed=135 freq=5180
11-16 08:16:15.585 D/WifiStateMachine(  742): mLastSignalLevel:4, newSignalLevel:4
11-16 08:16:15.585 D/WifiConfigManager(  742): updateConfiguration freq=5180 BSSID=d0:15:a6:87:bd:12 RSSI=-51 "75F"WPA_PSK
11-16 08:16:15.596 D/WifiStateMachine(  742): calculateWifiScore freq=5180 speed=135 score=60 highRSSI  -> txbadrate=0.00 txgoodrate=0.00 txretriesrate=0.00 rxrate=5.33 userTriggerdPenalty0
11-16 08:16:15.597 D/WifiStateMachine(  742):  good link -> stuck count =0
11-16 08:16:15.603 D/WifiStateMachine(  742):  badRSSI count0 lowRSSI count0 --> score 56
11-16 08:16:15.603 D/WifiStateMachine(  742):  isHighRSSI       ---> score=61
11-16 08:16:15.610 V/ActivityManager(  742): Broadcast sticky: Intent { act=android.net.wifi.RSSI_CHANGED flg=0x4000010 (has extras) } ordered=false userid=-1 callerApp=ProcessRecord{b0897a0 742:system/1000}
11-16 08:16:15.611 D/AMEventHook(  742): onEvent: AM_BeforeSendBroadcast
11-16 08:16:15.615 V/BroadcastQueue(  742): BDC-Processing parallel broadcast [background] BroadcastRecord{196b7a u-1 android.net.wifi.RSSI_CHANGED}, 1 receivers
11-16 08:16:15.617 D/BroadcastQueue(  742): BDC-Delivering broadcast: Intent { act=android.net.wifi.RSSI_CHANGED flg=0x4000010 (has extras) }, queue=background, ordered=false, filter=BroadcastFilter{2184993 u0 ReceiverList{d19e82 853 com.android.systemui/10017/u0 remote:39e85cd}}, broadcastRecord=BroadcastRecord{196b7a u-1 android.net.wifi.RSSI_CHANGED}, receiver=null, #0
11-16 08:16:15.618 D/BroadcastQueue(  742): Non-ordered [background] BroadcastRecord{196b7a u-1 android.net.wifi.RSSI_CHANGED}, 1 receivers, Total: 3, Waiting: 1, Processing: 2
11-16 08:16:15.619 D/ActivityThread(  853): BDC-Calling onReceive: intent=Intent { act=android.net.wifi.RSSI_CHANGED flg=0x4000010 (has extras) }, ordered=false, receiver=com.android.systemui.statusbar.policy.NetworkControllerImpl@d18c0d8, IIntentReceiver=2a54a6d
11-16 08:16:16.199 D/SurfaceFlinger(  211): [SF-WD] ERROR: open /dev/RT_Monitor failed.
11-16 08:16:17.160 I/wmt_launcher(  203): fw log ctrl flag has been set
11-16 08:16:17.160 I/wmt_launcher(  203): fw dynamic ctrl flag has been set
11-16 08:16:17.200 D/SurfaceFlinger(  211): [SF-WD] ERROR: open /dev/RT_Monitor failed.
11-16 08:16:18.200 D/SurfaceFlinger(  211): [SF-WD] ERROR: open /dev/RT_Monitor failed.
11-16 08:16:18.626 D/WifiStateMachine(  742):  ConnectedState !CMD_RSSI_POLL  rt=810630/810630 4 0 "75F" d0:15:a6:87:bd:12 rssi=-52 f=5180 sc=60 link=135 tx=0.0, 0.0, 0.0  rx=5.3 bcn=0 [on:0 tx:0 rx:0 period:2993] from screen [on:0 period:689638845] gl hn rssi=-47 ag=0 hr ticks 0,0,0 ls-=0 [56,56,56,56,61] brc=0 lrc=0 offload-stopped
11-16 08:16:18.642 D/WifiStateMachine(  742):  L2ConnectedState !CMD_RSSI_POLL  rt=810647/810647 4 0 "75F" d0:15:a6:87:bd:12 rssi=-52 f=5180 sc=60 link=135 tx=0.0, 0.0, 0.0  rx=5.3 bcn=0 [on:0 tx:0 rx:0 period:16] from screen [on:0 period:689638861] gl hn rssi=-47 ag=0 hr ticks 0,0,0 ls-=0 [56,56,56,56,61] brc=0 lrc=0 offload-stopped
11-16 08:16:18.642 D/WifiStateMachine(  742):  get link layer stats 0
11-16 08:16:18.643 D/WifiHW  (  742): enter -->wifi_send_command cmd=IFNAME=wlan0 SIGNAL_POLL
11-16 08:16:18.643 D/wpa_supplicant( 1038): wlan0: Control interface command 'SIGNAL_POLL'
11-16 08:16:18.661 D/WifiHW  (  742): leave --> reply=RSSI=-52
11-16 08:16:18.661 D/WifiHW  (  742): LINKSPEED=135
11-16 08:16:18.661 D/WifiHW  (  742): NOISE=9999
11-16 08:16:18.661 D/WifiHW  (  742): FREQUENCY=5180
11-16 08:16:18.661 D/WifiHW  (  742): 
11-16 08:16:18.662 D/WifiStateMachine(  742): fetchRssiLinkSpeedAndFrequencyNative rssi=-52 linkspeed=135 freq=5180
11-16 08:16:18.662 D/WifiStateMachine(  742): mLastSignalLevel:4, newSignalLevel:4
11-16 08:16:18.663 D/WifiConfigManager(  742): updateConfiguration freq=5180 BSSID=d0:15:a6:87:bd:12 RSSI=-51 "75F"WPA_PSK
11-16 08:16:18.668 D/WifiStateMachine(  742): calculateWifiScore freq=5180 speed=135 score=60 highRSSI  -> txbadrate=0.00 txgoodrate=0.00 txretriesrate=0.00 rxrate=6.66 userTriggerdPenalty0
11-16 08:16:18.668 D/WifiStateMachine(  742):  good link -> stuck count =0
11-16 08:16:18.671 D/WifiStateMachine(  742):  badRSSI count0 lowRSSI count0 --> score 56
11-16 08:16:18.671 D/WifiStateMachine(  742):  isHighRSSI       ---> score=61
11-16 08:16:18.674 V/ActivityManager(  742): Broadcast sticky: Intent { act=android.net.wifi.RSSI_CHANGED flg=0x4000010 (has extras) } ordered=false userid=-1 callerApp=ProcessRecord{b0897a0 742:system/1000}
11-16 08:16:18.676 D/AMEventHook(  742): onEvent: AM_BeforeSendBroadcast
11-16 08:16:18.677 V/BroadcastQueue(  742): BDC-Processing parallel broadcast [background] BroadcastRecord{3ee1f2b u-1 android.net.wifi.RSSI_CHANGED}, 1 receivers
11-16 08:16:18.678 D/BroadcastQueue(  742): BDC-Delivering broadcast: Intent { act=android.net.wifi.RSSI_CHANGED flg=0x4000010 (has extras) }, queue=background, ordered=false, filter=BroadcastFilter{2184993 u0 ReceiverList{d19e82 853 com.android.systemui/10017/u0 remote:39e85cd}}, broadcastRecord=BroadcastRecord{3ee1f2b u-1 android.net.wifi.RSSI_CHANGED}, receiver=null, #0
11-16 08:16:18.679 D/BroadcastQueue(  742): Non-ordered [background] BroadcastRecord{3ee1f2b u-1 android.net.wifi.RSSI_CHANGED}, 1 receivers, Total: 3, Waiting: 0, Processing: 3
11-16 08:16:18.680 D/ActivityThread(  853): BDC-Calling onReceive: intent=Intent { act=android.net.wifi.RSSI_CHANGED flg=0x4000010 (has extras) }, ordered=false, receiver=com.android.systemui.statusbar.policy.NetworkControllerImpl@d18c0d8, IIntentReceiver=2a54a6d
11-16 08:16:19.162 I/wmt_launcher(  203): fw log ctrl flag has been set
11-16 08:16:19.162 I/wmt_launcher(  203): fw dynamic ctrl flag has been set
11-16 08:16:19.200 D/SurfaceFlinger(  211): [SF-WD] ERROR: open /dev/RT_Monitor failed.
11-16 08:16:20.201 D/SurfaceFlinger(  211): [SF-WD] ERROR: open /dev/RT_Monitor failed.
11-16 08:16:21.164 I/wmt_launcher(  203): fw log ctrl flag has been set
11-16 08:16:21.164 I/wmt_launcher(  203): fw dynamic ctrl flag has been set
11-16 08:16:21.202 D/SurfaceFlinger(  211): [SF-WD] ERROR: open /dev/RT_Monitor failed.
11-16 08:16:21.583 D/SettingsInterface(  742):  from settings cache , name = sys_free_storage_log_interval , value = null
11-16 08:16:21.584 D/SettingsInterface(  742):  from settings cache , name = disk_free_change_reporting_threshold , value = null
11-16 08:16:21.684 D/WifiStateMachine(  742):  ConnectedState !CMD_RSSI_POLL  rt=813697/813697 4 0 "75F" d0:15:a6:87:bd:12 rssi=-52 f=5180 sc=60 link=135 tx=0.0, 0.0, 0.0  rx=6.7 bcn=0 [on:0 tx:0 rx:0 period:3000] from screen [on:0 period:689641906] gl hn rssi=-47 ag=0 hr ticks 0,0,0 ls-=0 [56,56,56,56,61] brc=0 lrc=0 offload-stopped
11-16 08:16:21.699 D/WifiStateMachine(  742):  L2ConnectedState !CMD_RSSI_POLL  rt=813705/813705 4 0 "75F" d0:15:a6:87:bd:12 rssi=-52 f=5180 sc=60 link=135 tx=0.0, 0.0, 0.0  rx=6.7 bcn=0 [on:0 tx:0 rx:0 period:12] from screen [on:0 period:689641918] gl hn rssi=-47 ag=0 hr ticks 0,0,0 ls-=0 [56,56,56,56,61] brc=0 lrc=0 offload-stopped
11-16 08:16:21.701 D/WifiStateMachine(  742):  get link layer stats 0
11-16 08:16:21.709 D/WifiHW  (  742): enter -->wifi_send_command cmd=IFNAME=wlan0 SIGNAL_POLL
11-16 08:16:21.710 D/wpa_supplicant( 1038): wlan0: Control interface command 'SIGNAL_POLL'
11-16 08:16:21.715 D/WifiHW  (  742): leave --> reply=RSSI=-52
11-16 08:16:21.715 D/WifiHW  (  742): LINKSPEED=135
11-16 08:16:21.715 D/WifiHW  (  742): NOISE=9999
11-16 08:16:21.715 D/WifiHW  (  742): FREQUENCY=5180
11-16 08:16:21.715 D/WifiHW  (  742): 
11-16 08:16:21.716 D/WifiStateMachine(  742): fetchRssiLinkSpeedAndFrequencyNative rssi=-52 linkspeed=135 freq=5180
11-16 08:16:21.716 D/WifiStateMachine(  742): mLastSignalLevel:4, newSignalLevel:4
11-16 08:16:21.717 D/WifiConfigManager(  742): updateConfiguration freq=5180 BSSID=d0:15:a6:87:bd:12 RSSI=-51 "75F"WPA_PSK
11-16 08:16:21.725 D/WifiStateMachine(  742): calculateWifiScore freq=5180 speed=135 score=60 highRSSI  -> txbadrate=0.00 txgoodrate=0.00 txretriesrate=0.00 rxrate=7.83 userTriggerdPenalty0
11-16 08:16:21.726 D/WifiStateMachine(  742):  good link -> stuck count =0
11-16 08:16:21.728 D/WifiStateMachine(  742):  badRSSI count0 lowRSSI count0 --> score 56
11-16 08:16:21.728 D/WifiStateMachine(  742):  isHighRSSI       ---> score=61
11-16 08:16:21.734 V/ActivityManager(  742): Broadcast sticky: Intent { act=android.net.wifi.RSSI_CHANGED flg=0x4000010 (has extras) } ordered=false userid=-1 callerApp=ProcessRecord{b0897a0 742:system/1000}
11-16 08:16:21.735 D/AMEventHook(  742): onEvent: AM_BeforeSendBroadcast
11-16 08:16:21.737 V/BroadcastQueue(  742): BDC-Processing parallel broadcast [background] BroadcastRecord{542c546 u-1 android.net.wifi.RSSI_CHANGED}, 1 receivers
11-16 08:16:21.738 D/BroadcastQueue(  742): BDC-Delivering broadcast: Intent { act=android.net.wifi.RSSI_CHANGED flg=0x4000010 (has extras) }, queue=background, ordered=false, filter=BroadcastFilter{2184993 u0 ReceiverList{d19e82 853 com.android.systemui/10017/u0 remote:39e85cd}}, broadcastRecord=BroadcastRecord{542c546 u-1 android.net.wifi.RSSI_CHANGED}, receiver=null, #0
11-16 08:16:21.739 D/BroadcastQueue(  742): Non-ordered [background] BroadcastRecord{542c546 u-1 android.net.wifi.RSSI_CHANGED}, 1 receivers, Total: 4, Waiting: 1, Processing: 3
11-16 08:16:21.745 D/ActivityThread(  853): BDC-Calling onReceive: intent=Intent { act=android.net.wifi.RSSI_CHANGED flg=0x4000010 (has extras) }, ordered=false, receiver=com.android.systemui.statusbar.policy.NetworkControllerImpl@d18c0d8, IIntentReceiver=2a54a6d
11-16 08:16:21.751 I/art     (  742): Enter while loop.
11-16 08:16:22.202 D/SurfaceFlinger(  211): [SF-WD] ERROR: open /dev/RT_Monitor failed.
11-16 08:16:23.023 D/NetworkController.WifiSignalController(  853): Change in state from: connected=true,enabled=true,level=4,inetCondition=1,iconGroup=IconGroup(Wi-Fi Icons),activityIn=true,activityOut=false,rssi=-52,lastModified=11-16 08:16:05,ssid="75F"
11-16 08:16:23.023 D/NetworkController.WifiSignalController(  853): 	to: connected=true,enabled=true,level=4,inetCondition=1,iconGroup=IconGroup(Wi-Fi Icons),activityIn=false,activityOut=false,rssi=-52,lastModified=11-16 08:16:05,ssid="75F"
11-16 08:16:23.025 V/DisplayEventReceiver(  853): call nativeScheduleVsync mReceiverPtr = 547407001344
11-16 08:16:23.044 V/ViewRootImpl[StatusBar](  853): ViewRoot performTraversals+ : mFirst = false, this = ViewRoot{e1a27df StatusBar,ident = 1}
11-16 08:16:23.045 V/ViewRootImpl[StatusBar](  853): ViewRoot performTraversals and draw- : this = ViewRoot{e1a27df StatusBar,ident = 1} frame#191 (cancelDraw = false)
11-16 08:16:23.050 I/BufferQueueProducer(  211): [StatusBar](this:0x70c0d44800,id:10,api:1,p:853,c:211) queueBuffer: fps=0.11 dur=18054.85 max=17066.31 min=988.53
11-16 08:16:23.081 I/DisplayDevice(  211): [Built-in Screen (type:0)] fps:0.058546,dur:17080.70,max:17080.70,min:17080.70
11-16 08:16:23.166 I/wmt_launcher(  203): fw log ctrl flag has been set
11-16 08:16:23.166 I/wmt_launcher(  203): fw dynamic ctrl flag has been set
11-16 08:16:23.203 D/SurfaceFlinger(  211): [SF-WD] ERROR: open /dev/RT_Monitor failed.
11-16 08:16:23.203 D/SurfaceFlinger(  211): [SF-WD] ERROR: open /dev/RT_Monitor failed.
11-16 08:16:23.366 D/BatteryService(  742): mBatteryVoltage=3691, batteryLevel=50
11-16 08:16:23.369 V/ActivityManager(  742): Broadcast sticky: Intent { act=android.intent.action.BATTERY_CHANGED flg=0x60000010 (has extras) } ordered=false userid=-1 callerApp=null
11-16 08:16:23.372 D/AMEventHook(  742): onEvent: AM_BeforeSendBroadcast
11-16 08:16:23.373 V/BroadcastQueue(  742): BDC-Processing parallel broadcast [background] BroadcastRecord{9371c34 u-1 android.intent.action.BATTERY_CHANGED}, 12 receivers
11-16 08:16:23.374 D/BroadcastQueue(  742): BDC-Delivering broadcast: Intent { act=android.intent.action.BATTERY_CHANGED flg=0x60000010 (has extras) }, queue=background, ordered=false, filter=BroadcastFilter{957da49 u0 ReceiverList{e42c850 742 system/1000/u0 local:c821e13}}, broadcastRecord=BroadcastRecord{9371c34 u-1 android.intent.action.BATTERY_CHANGED}, receiver=null, #0
11-16 08:16:23.376 D/ActivityThread(  742): BDC-Calling onReceive: intent=Intent { act=android.intent.action.BATTERY_CHANGED flg=0x60000010 (has extras) }, ordered=false, receiver=com.android.server.power.PowerManagerService$BatteryReceiver@323f502, IIntentReceiver=c821e13
11-16 08:16:23.376 D/BroadcastQueue(  742): BDC-Delivering broadcast: Intent { act=android.intent.action.BATTERY_CHANGED flg=0x60000010 (has extras) }, queue=background, ordered=false, filter=BroadcastFilter{74876af u0 ReceiverList{7781e8e 742 system/1000/u0 local:b860e89}}, broadcastRecord=BroadcastRecord{9371c34 u-1 android.intent.action.BATTERY_CHANGED}, receiver=null, #1
11-16 08:16:23.378 D/BroadcastQueue(  742): BDC-Delivering broadcast: Intent { act=android.intent.action.BATTERY_CHANGED flg=0x60000010 (has extras) }, queue=background, ordered=false, filter=BroadcastFilter{8bc745c u0 ReceiverList{c1e02cf 742 system/1000/u0 local:a79c72e}}, broadcastRecord=BroadcastRecord{9371c34 u-1 android.intent.action.BATTERY_CHANGED}, receiver=null, #2
11-16 08:16:23.381 D/ActivityThread(  742): BDC-Calling onReceive: intent=Intent { act=android.intent.action.BATTERY_CHANGED flg=0x60000010 (has extras) }, ordered=false, receiver=com.android.server.UiModeManagerService$3@6b42590, IIntentReceiver=b860e89
11-16 08:16:23.381 D/BroadcastQueue(  742): BDC-Delivering broadcast: Intent { act=android.intent.action.BATTERY_CHANGED flg=0x60000010 (has extras) }, queue=background, ordered=false, filter=BroadcastFilter{ceb3dbf u0 ReceiverList{7fc57de 742 system/1000/u0 local:b1d1b19}}, broadcastRecord=BroadcastRecord{9371c34 u-1 android.intent.action.BATTERY_CHANGED}, receiver=null, #3
11-16 08:16:23.382 D/ActivityThread(  742): BDC-Calling onReceive: intent=Intent { act=android.intent.action.BATTERY_CHANGED flg=0x60000010 (has extras) }, ordered=false, receiver=com.android.server.DeviceIdleController$1@c9875a9, IIntentReceiver=a79c72e
11-16 08:16:23.383 D/BroadcastQueue(  742): BDC-Delivering broadcast: Intent { act=android.intent.action.BATTERY_CHANGED flg=0x60000010 (has extras) }, queue=background, ordered=false, filter=BroadcastFilter{34b11fd u0 ReceiverList{86dfe54 853 com.android.systemui/10017/u0 remote:b0819a7}}, broadcastRecord=BroadcastRecord{9371c34 u-1 android.intent.action.BATTERY_CHANGED}, receiver=null, #4
